Archive member included to satisfy reference by file (symbol)

C:\Program Files (x86)\Cypress\PSoC Creator\4.4\PSoC Creator\psoc\content\CyComponentLibrary\CyComponentLibrary.cylib\CapSense_v3_0\Library\CapSense_Library_GCC_M4.a(CapSense_SmartSense_LL.o)
                              .\CortexM4\ARM_GCC_541\Debug\CapSense_Sensing.o (SmartSense_TunePrescalers)
C:\Program Files (x86)\Cypress\PSoC Creator\4.4\PSoC Creator\psoc\content\CyComponentLibrary\CyComponentLibrary.cylib\CapSense_v3_0\Library\CapSense_Library_GCC_M4.a(CapSense_SmartSense_SL.o)
                              .\CortexM4\ARM_GCC_541\Debug\CapSense_Processing.o (SmartSense_UpdateThresholds)
c:/program files (x86)/cypress/psoc creator/4.4/psoc creator/import/gnu/arm/5.4.1/bin/../lib/gcc/arm-none-eabi/5.4.1/../../../../arm-none-eabi/lib/armv7e-m/softfp\libm.a(lib_a-s_floor.o)
                              .\CortexM4\ARM_GCC_541\Debug\cy_sysclk.o (floor)
c:/program files (x86)/cypress/psoc creator/4.4/psoc creator/import/gnu/arm/5.4.1/bin/../lib/gcc/arm-none-eabi/5.4.1/../../../../arm-none-eabi/lib/armv7e-m/softfp\libm.a(lib_a-sf_ceil.o)
                              .\CortexM4\ARM_GCC_541\Debug\cy_sysclk.o (ceilf)
c:/program files (x86)/cypress/psoc creator/4.4/psoc creator/import/gnu/arm/5.4.1/bin/../lib/gcc/arm-none-eabi/5.4.1/../../../../arm-none-eabi/lib/armv7e-m/softfp\libm.a(lib_a-w_log.o)
                              .\CortexM4\ARM_GCC_541\Debug\cy_sysclk.o (log)
c:/program files (x86)/cypress/psoc creator/4.4/psoc creator/import/gnu/arm/5.4.1/bin/../lib/gcc/arm-none-eabi/5.4.1/../../../../arm-none-eabi/lib/armv7e-m/softfp\libm.a(lib_a-w_pow.o)
                              .\CortexM4\ARM_GCC_541\Debug\algorithme.o (pow)
c:/program files (x86)/cypress/psoc creator/4.4/psoc creator/import/gnu/arm/5.4.1/bin/../lib/gcc/arm-none-eabi/5.4.1/../../../../arm-none-eabi/lib/armv7e-m/softfp\libm.a(lib_a-e_log.o)
                              c:/program files (x86)/cypress/psoc creator/4.4/psoc creator/import/gnu/arm/5.4.1/bin/../lib/gcc/arm-none-eabi/5.4.1/../../../../arm-none-eabi/lib/armv7e-m/softfp\libm.a(lib_a-w_log.o) (__ieee754_log)
c:/program files (x86)/cypress/psoc creator/4.4/psoc creator/import/gnu/arm/5.4.1/bin/../lib/gcc/arm-none-eabi/5.4.1/../../../../arm-none-eabi/lib/armv7e-m/softfp\libm.a(lib_a-e_pow.o)
                              c:/program files (x86)/cypress/psoc creator/4.4/psoc creator/import/gnu/arm/5.4.1/bin/../lib/gcc/arm-none-eabi/5.4.1/../../../../arm-none-eabi/lib/armv7e-m/softfp\libm.a(lib_a-w_pow.o) (__ieee754_pow)
c:/program files (x86)/cypress/psoc creator/4.4/psoc creator/import/gnu/arm/5.4.1/bin/../lib/gcc/arm-none-eabi/5.4.1/../../../../arm-none-eabi/lib/armv7e-m/softfp\libm.a(lib_a-e_sqrt.o)
                              c:/program files (x86)/cypress/psoc creator/4.4/psoc creator/import/gnu/arm/5.4.1/bin/../lib/gcc/arm-none-eabi/5.4.1/../../../../arm-none-eabi/lib/armv7e-m/softfp\libm.a(lib_a-e_pow.o) (__ieee754_sqrt)
c:/program files (x86)/cypress/psoc creator/4.4/psoc creator/import/gnu/arm/5.4.1/bin/../lib/gcc/arm-none-eabi/5.4.1/../../../../arm-none-eabi/lib/armv7e-m/softfp\libm.a(lib_a-s_fabs.o)
                              c:/program files (x86)/cypress/psoc creator/4.4/psoc creator/import/gnu/arm/5.4.1/bin/../lib/gcc/arm-none-eabi/5.4.1/../../../../arm-none-eabi/lib/armv7e-m/softfp\libm.a(lib_a-e_pow.o) (fabs)
c:/program files (x86)/cypress/psoc creator/4.4/psoc creator/import/gnu/arm/5.4.1/bin/../lib/gcc/arm-none-eabi/5.4.1/../../../../arm-none-eabi/lib/armv7e-m/softfp\libm.a(lib_a-s_finite.o)
                              c:/program files (x86)/cypress/psoc creator/4.4/psoc creator/import/gnu/arm/5.4.1/bin/../lib/gcc/arm-none-eabi/5.4.1/../../../../arm-none-eabi/lib/armv7e-m/softfp\libm.a(lib_a-w_pow.o) (finite)
c:/program files (x86)/cypress/psoc creator/4.4/psoc creator/import/gnu/arm/5.4.1/bin/../lib/gcc/arm-none-eabi/5.4.1/../../../../arm-none-eabi/lib/armv7e-m/softfp\libm.a(lib_a-s_lib_ver.o)
                              c:/program files (x86)/cypress/psoc creator/4.4/psoc creator/import/gnu/arm/5.4.1/bin/../lib/gcc/arm-none-eabi/5.4.1/../../../../arm-none-eabi/lib/armv7e-m/softfp\libm.a(lib_a-w_log.o) (__fdlib_version)
c:/program files (x86)/cypress/psoc creator/4.4/psoc creator/import/gnu/arm/5.4.1/bin/../lib/gcc/arm-none-eabi/5.4.1/../../../../arm-none-eabi/lib/armv7e-m/softfp\libm.a(lib_a-s_matherr.o)
                              c:/program files (x86)/cypress/psoc creator/4.4/psoc creator/import/gnu/arm/5.4.1/bin/../lib/gcc/arm-none-eabi/5.4.1/../../../../arm-none-eabi/lib/armv7e-m/softfp\libm.a(lib_a-w_log.o) (matherr)
c:/program files (x86)/cypress/psoc creator/4.4/psoc creator/import/gnu/arm/5.4.1/bin/../lib/gcc/arm-none-eabi/5.4.1/../../../../arm-none-eabi/lib/armv7e-m/softfp\libm.a(lib_a-s_nan.o)
[...]
Memory Configuration

Name             Origin             Length             Attributes
ram              0x08024000         0x00023800         xrw
flash            0x10080000         0x00080000         xr
em_eeprom        0x14000000         0x00008000         xr
sflash_user_data 0x16000800         0x00000800         xr
sflash_nar       0x16001a00         0x00000200         xr
sflash_public_key 0x16005a00         0x00000c00         xr
sflash_toc_2     0x16007c00         0x00000200         xr
sflash_rtoc_2    0x16007e00         0x00000200         xr
xip              0x18000000         0x08000000         xr
efuse            0x90700000         0x00100000         r
*default*        0x00000000         0xffffffff

Linker script and memory map

LOAD c:/program files (x86)/cypress/psoc creator/4.4/psoc creator/import/gnu/arm/5.4.1/bin/../lib/gcc/arm-none-eabi/5.4.1/armv7e-m/softfp/crti.o
LOAD c:/program files (x86)/cypress/psoc creator/4.4/psoc creator/import/gnu/arm/5.4.1/bin/../lib/gcc/arm-none-eabi/5.4.1/armv7e-m/softfp/crtbegin.o
LOAD c:/program files (x86)/cypress/psoc creator/4.4/psoc creator/import/gnu/arm/5.4.1/bin/../lib/gcc/arm-none-eabi/5.4.1/../../../../arm-none-eabi/lib/armv7e-m/softfp/crt0.o
START GROUP
LOAD Generated_Source\PSoC6\pdl\middleware\emWin\libs\GCC\libemWin_osnts_gcc.a
LOAD .\CortexM4\ARM_GCC_541\Debug\startup_psoc6_01_cm4.o
LOAD .\CortexM4\ARM_GCC_541\Debug\main_cm4.o
LOAD .\CortexM4\ARM_GCC_541\Debug\system_psoc6_cm4.o
LOAD .\CortexM4\ARM_GCC_541\Debug\algorithme.o
LOAD .\CortexM4\ARM_GCC_541\Debug\bmi160_task.o
LOAD .\CortexM4\ARM_GCC_541\Debug\display_task.o
LOAD .\CortexM4\ARM_GCC_541\Debug\MAX30102.o
LOAD .\CortexM4\ARM_GCC_541\Debug\stdio_user.o
LOAD .\CortexM4\ARM_GCC_541\Debug\touch_task.o
LOAD .\CortexM4\ARM_GCC_541\Debug\bmi160.o
LOAD .\CortexM4\ARM_GCC_541\Debug\variables.o
LOAD .\CortexM4\ARM_GCC_541\Debug\Cypress Logo Full Color_PNG_1bpp.o
LOAD .\CortexM4\ARM_GCC_541\Debug\cy_eink_library.o
LOAD .\CortexM4\ARM_GCC_541\Debug\cy_eink_psoc_interface.o
LOAD .\CortexM4\ARM_GCC_541\Debug\pervasive_eink_hardware_driver.o
LOAD .\CortexM4\ARM_GCC_541\Debug\LCDConf.o
LOAD .\CortexM4\ARM_GCC_541\Debug\GUIConf.o
LOAD .\CortexM4\ARM_GCC_541\Debug\GUI_X_RTOS.o
LOAD .\CortexM4\ARM_GCC_541\Debug\cyfitter_sysint_cfg.o
LOAD .\CortexM4\ARM_GCC_541\Debug\cymetadata.o
LOAD .\CortexM4\ARM_GCC_541\Debug\CY_EINK_SPIM.o
LOAD .\CortexM4\ARM_GCC_541\Debug\CY_EINK_Timer.o
LOAD .\CortexM4\ARM_GCC_541\Debug\cy_efuse.o
LOAD .\CortexM4\ARM_GCC_541\Debug\cy_flash.o
LOAD .\CortexM4\ARM_GCC_541\Debug\cy_gpio.o
LOAD .\CortexM4\ARM_GCC_541\Debug\cy_ipc_drv.o
LOAD .\CortexM4\ARM_GCC_541\Debug\cy_ipc_sema.o
LOAD .\CortexM4\ARM_GCC_541\Debug\cy_ipc_pipe.o
LOAD .\CortexM4\ARM_GCC_541\Debug\cy_lvd.o
LOAD .\CortexM4\ARM_GCC_541\Debug\cy_profile.o
LOAD .\CortexM4\ARM_GCC_541\Debug\cy_prot.o
LOAD .\CortexM4\ARM_GCC_541\Debug\cy_scb_common.o
LOAD .\CortexM4\ARM_GCC_541\Debug\cy_scb_i2c.o
LOAD .\CortexM4\ARM_GCC_541\Debug\cy_scb_ezi2c.o
LOAD .\CortexM4\ARM_GCC_541\Debug\cy_scb_spi.o
LOAD .\CortexM4\ARM_GCC_541\Debug\cy_scb_uart.o
LOAD .\CortexM4\ARM_GCC_541\Debug\cy_sysanalog.o
LOAD .\CortexM4\ARM_GCC_541\Debug\cy_sysclk.o
LOAD .\CortexM4\ARM_GCC_541\Debug\cy_sysint.o
LOAD .\CortexM4\ARM_GCC_541\Debug\cy_syslib.o
LOAD .\CortexM4\ARM_GCC_541\Debug\cy_syslib_gcc.o
LOAD .\CortexM4\ARM_GCC_541\Debug\cy_syspm.o
LOAD .\CortexM4\ARM_GCC_541\Debug\cy_systick.o
LOAD .\CortexM4\ARM_GCC_541\Debug\cy_tcpwm_counter.o
LOAD .\CortexM4\ARM_GCC_541\Debug\cy_tcpwm_pwm.o
LOAD .\CortexM4\ARM_GCC_541\Debug\cy_tcpwm_quaddec.o
LOAD .\CortexM4\ARM_GCC_541\Debug\cy_trigmux.o
LOAD .\CortexM4\ARM_GCC_541\Debug\cy_wdt.o
LOAD .\CortexM4\ARM_GCC_541\Debug\cy_device.o
LOAD .\CortexM4\ARM_GCC_541\Debug\cy_ble_clk.o
LOAD .\CortexM4\ARM_GCC_541\Debug\croutine.o
LOAD .\CortexM4\ARM_GCC_541\Debug\event_groups.o
LOAD .\CortexM4\ARM_GCC_541\Debug\list.o
LOAD .\CortexM4\ARM_GCC_541\Debug\queue.o
LOAD .\CortexM4\ARM_GCC_541\Debug\tasks.o
LOAD .\CortexM4\ARM_GCC_541\Debug\timers.o
LOAD .\CortexM4\ARM_GCC_541\Debug\stream_buffer.o
LOAD .\CortexM4\ARM_GCC_541\Debug\port.o
LOAD .\CortexM4\ARM_GCC_541\Debug\heap_1.o
LOAD .\CortexM4\ARM_GCC_541\Debug\retarget.o
LOAD .\CortexM4\ARM_GCC_541\Debug\CapSense_Control.o
LOAD .\CortexM4\ARM_GCC_541\Debug\CapSense_Processing.o
LOAD .\CortexM4\ARM_GCC_541\Debug\CapSense_Structure.o
LOAD .\CortexM4\ARM_GCC_541\Debug\CapSense_Tuner.o
LOAD .\CortexM4\ARM_GCC_541\Debug\CapSense_Filter.o
LOAD .\CortexM4\ARM_GCC_541\Debug\CapSense_Sensing.o
LOAD .\CortexM4\ARM_GCC_541\Debug\CapSense_INT.o
LOAD .\CortexM4\ARM_GCC_541\Debug\CapSense_SensingCSD_LL.o
LOAD .\CortexM4\ARM_GCC_541\Debug\CapSense_SensingCSX_LL.o
LOAD .\CortexM4\ARM_GCC_541\Debug\CapSense_Centroid_LL.o
LOAD .\CortexM4\ARM_GCC_541\Debug\I2C_BMI.o
LOAD .\CortexM4\ARM_GCC_541\Debug\I2C_MAX.o
LOAD .\CortexM4\ARM_GCC_541\Debug\UART_1.o
LOAD C:\Program Files (x86)\Cypress\PSoC Creator\4.4\PSoC Creator\psoc\content\CyComponentLibrary\CyComponentLibrary.cylib\CapSense_v3_0\Library\CapSense_Library_GCC_M4.a
LOAD c:/program files (x86)/cypress/psoc creator/4.4/psoc creator/import/gnu/arm/5.4.1/bin/../lib/gcc/arm-none-eabi/5.4.1/../../../../arm-none-eabi/lib/armv7e-m/softfp\libm.a
LOAD .\CMSIS\Lib\GCC\libarm_cortexM4l_math.a
END GROUP
START GROUP
LOAD c:/program files (x86)/cypress/psoc creator/4.4/psoc creator/import/gnu/arm/5.4.1/bin/../lib/gcc/arm-none-eabi/5.4.1/armv7e-m/softfp\libgcc.a
LOAD c:/program files (x86)/cypress/psoc creator/4.4/psoc creator/import/gnu/arm/5.4.1/bin/../lib/gcc/arm-none-eabi/5.4.1/../../../../arm-none-eabi/lib/armv7e-m/softfp\libg_nano.a
LOAD c:/program files (x86)/cypress/psoc creator/4.4/psoc creator/import/gnu/arm/5.4.1/bin/../lib/gcc/arm-none-eabi/5.4.1/../../../../arm-none-eabi/lib/armv7e-m/softfp\libc_nano.a
END GROUP
START GROUP
LOAD c:/program files (x86)/cypress/psoc creator/4.4/psoc creator/import/gnu/arm/5.4.1/bin/../lib/gcc/arm-none-eabi/5.4.1/armv7e-m/softfp\libgcc.a
LOAD c:/program files (x86)/cypress/psoc creator/4.4/psoc creator/import/gnu/arm/5.4.1/bin/../lib/gcc/arm-none-eabi/5.4.1/../../../../arm-none-eabi/lib/armv7e-m/softfp\libc_nano.a
END GROUP
LOAD c:/program files (x86)/cypress/psoc creator/4.4/psoc creator/import/gnu/arm/5.4.1/bin/../lib/gcc/arm-none-eabi/5.4.1/armv7e-m/softfp/crtend.o
LOAD c:/program files (x86)/cypress/psoc creator/4.4/psoc creator/import/gnu/arm/5.4.1/bin/../lib/gcc/arm-none-eabi/5.4.1/armv7e-m/softfp/crtn.o
START GROUP
LOAD c:/program files (x86)/cypress/psoc creator/4.4/psoc creator/import/gnu/arm/5.4.1/bin/../lib/gcc/arm-none-eabi/5.4.1/armv7e-m/softfp\libgcc.a
LOAD c:/program files (x86)/cypress/psoc creator/4.4/psoc creator/import/gnu/arm/5.4.1/bin/../lib/gcc/arm-none-eabi/5.4.1/../../../../arm-none-eabi/lib/armv7e-m/softfp\libc.a
LOAD c:/program files (x86)/cypress/psoc creator/4.4/psoc creator/import/gnu/arm/5.4.1/bin/../lib/gcc/arm-none-eabi/5.4.1/../../../../arm-none-eabi/lib/armv7e-m/softfp\libnosys.a
END GROUP
START GROUP
LOAD c:/program files (x86)/cypress/psoc creator/4.4/psoc creator/import/gnu/arm/5.4.1/bin/../lib/gcc/arm-none-eabi/5.4.1/armv7e-m/softfp\libgcc.a
LOAD c:/program files (x86)/cypress/psoc creator/4.4/psoc creator/import/gnu/arm/5.4.1/bin/../lib/gcc/arm-none-eabi/5.4.1/../../../../arm-none-eabi/lib/armv7e-m/softfp\libc.a
LOAD c:/program files (x86)/cypress/psoc creator/4.4/psoc creator/import/gnu/arm/5.4.1/bin/../lib/gcc/arm-none-eabi/5.4.1/../../../../arm-none-eabi/lib/armv7e-m/softfp\libm.a
LOAD c:/program files (x86)/cypress/psoc creator/4.4/psoc creator/import/gnu/arm/5.4.1/bin/../lib/gcc/arm-none-eabi/5.4.1/../../../../arm-none-eabi/lib/armv7e-m/softfp\libnosys.a
END GROUP

.text           0x10080000    0x1da44
                0x10080000                . = ALIGN (0x4)
                0x10080000                __Vectors = .
 *(.vectors)
 .vectors       0x10080000      0x28c .\CortexM4\ARM_GCC_541\Debug\startup_psoc6_01_cm4.o
                0x1008028c                . = ALIGN (0x4)
                0x1008028c                __Vectors_End = .
                0x0000028c                __Vectors_Size = (__Vectors_End - __Vectors)
                0x1008028c                __end__ = .
                0x1008028c                . = ALIGN (0x4)
 *(.text*)
 .text          0x1008028c       0x5c c:/program files (x86)/cypress/psoc creator/4.4/psoc creator/import/gnu/arm/5.4.1/bin/../lib/gcc/arm-none-eabi/5.4.1/armv7e-m/softfp/crtbegin.o
 .text          0x100802e8       0x84 .\CortexM4\ARM_GCC_541\Debug\startup_psoc6_01_cm4.o
                0x100802e8                Cy_OnResetUser
                0x100802ea                Reset_Handler
                0x1008034c                cpuss_interrupts_ipc_6_IRQHandler
                0x1008034c                DebugMon_Handler
                0x1008034c                tcpwm_1_interrupts_11_IRQHandler
                0x1008034c                cpuss_interrupts_ipc_0_IRQHandler
                0x1008034c                tcpwm_1_interrupts_15_IRQHandler
                0x1008034c                ioss_interrupts_gpio_13_IRQHandler
                0x1008034c                tcpwm_1_interrupts_13_IRQHandler
                0x1008034c                cpuss_interrupts_dw1_8_IRQHandler
                0x1008034c                tcpwm_0_interrupts_0_IRQHandler
                0x1008034c                cpuss_interrupt_fm_IRQHandler
                0x1008034c                cpuss_interrupts_ipc_7_IRQHandler
                0x1008034c                tcpwm_1_interrupts_14_IRQHandler
                0x1008034c                cpuss_interrupts_dw0_5_IRQHandler
                0x1008034c                tcpwm_1_interrupts_9_IRQHandler
                0x1008034c                cpuss_interrupts_cm0_cti_1_IRQHandler
                0x1008034c                tcpwm_1_interrupts_22_IRQHandler
                0x1008034c                cpuss_interrupts_dw0_4_IRQHandler
                0x1008034c                NMI_Handler
                0x1008034c                cpuss_interrupts_dw1_12_IRQHandler
                0x1008034c                tcpwm_1_interrupts_12_IRQHandler
                0x1008034c                smif_interrupt_IRQHandler
                0x1008034c                tcpwm_1_interrupts_2_IRQHandler
                0x1008034c                cpuss_interrupts_ipc_13_IRQHandler
                0x1008034c                udb_interrupts_11_IRQHandler
                0x1008034c                tcpwm_1_interrupts_18_IRQHandler
                0x1008034c                cpuss_interrupts_dw0_11_IRQHandler
                0x1008034c                tcpwm_0_interrupts_2_IRQHandler
                0x1008034c                cpuss_interrupts_dw0_13_IRQHandler
                0x1008034c                udb_interrupts_2_IRQHandler
                0x1008034c                cpuss_interrupts_dw1_7_IRQHandler
                0x1008034c                ioss_interrupts_gpio_1_IRQHandler
                0x1008034c                ioss_interrupts_gpio_7_IRQHandler
                0x1008034c                scb_5_interrupt_IRQHandler
                0x1008034c                udb_interrupts_6_IRQHandler
                0x1008034c                cpuss_interrupts_fault_1_IRQHandler
                0x1008034c                cpuss_interrupts_ipc_4_IRQHandler
                0x1008034c                cpuss_interrupts_ipc_5_IRQHandler
                0x1008034c                cpuss_interrupts_dw1_10_IRQHandler
                0x1008034c                udb_interrupts_0_IRQHandler
                0x1008034c                tcpwm_1_interrupts_6_IRQHandler
                0x1008034c                scb_4_interrupt_IRQHandler
                0x1008034c                pass_interrupt_dacs_IRQHandler
                0x1008034c                ioss_interrupts_gpio_2_IRQHandler
                0x1008034c                cpuss_interrupts_dw1_9_IRQHandler
                0x1008034c                cpuss_interrupts_dw1_13_IRQHandler
                0x1008034c                scb_2_interrupt_IRQHandler
                0x1008034c                cpuss_interrupts_cm0_cti_0_IRQHandler
                0x1008034c                udb_interrupts_5_IRQHandler
                0x1008034c                srss_interrupt_IRQHandler
                0x1008034c                udb_interrupts_12_IRQHandler
                0x1008034c                scb_0_interrupt_IRQHandler
                0x1008034c                csd_interrupt_IRQHandler
                0x1008034c                udb_interrupts_1_IRQHandler
                0x1008034c                profile_interrupt_IRQHandler
                0x1008034c                tcpwm_1_interrupts_1_IRQHandler
                0x1008034c                cpuss_interrupts_ipc_12_IRQHandler
                0x1008034c                tcpwm_1_interrupts_3_IRQHandler
                0x1008034c                tcpwm_0_interrupts_7_IRQHandler
                0x1008034c                cpuss_interrupts_dw1_1_IRQHandler
                0x1008034c                cpuss_interrupts_dw1_0_IRQHandler
                0x1008034c                cpuss_interrupts_dw0_9_IRQHandler
                0x1008034c                lpcomp_interrupt_IRQHandler
                0x1008034c                tcpwm_1_interrupts_23_IRQHandler
                0x1008034c                udb_interrupts_4_IRQHandler
                0x1008034c                tcpwm_1_interrupts_20_IRQHandler
                0x1008034c                ioss_interrupt_gpio_IRQHandler
                0x1008034c                tcpwm_0_interrupts_1_IRQHandler
                0x1008034c                ioss_interrupts_gpio_8_IRQHandler
                0x1008034c                tcpwm_0_interrupts_6_IRQHandler
                0x1008034c                scb_7_interrupt_IRQHandler
                0x1008034c                tcpwm_1_interrupts_7_IRQHandler
                0x1008034c                cpuss_interrupts_ipc_11_IRQHandler
                0x1008034c                udb_interrupts_13_IRQHandler
                0x1008034c                cpuss_interrupts_dw0_15_IRQHandler
                0x1008034c                udb_interrupts_7_IRQHandler
                0x1008034c                cpuss_interrupts_dw1_6_IRQHandler
                0x1008034c                cpuss_interrupt_crypto_IRQHandler
                0x1008034c                scb_1_interrupt_IRQHandler
                0x1008034c                Default_Handler
                0x1008034c                usb_interrupt_hi_IRQHandler
                0x1008034c                tcpwm_1_interrupts_0_IRQHandler
                0x1008034c                udb_interrupts_9_IRQHandler
                0x1008034c                audioss_interrupt_pdm_IRQHandler
                0x1008034c                srss_interrupt_mcwdt_0_IRQHandler
                0x1008034c                scb_3_interrupt_IRQHandler
                0x1008034c                pass_interrupt_ctbs_IRQHandler
                0x1008034c                udb_interrupts_8_IRQHandler
                0x1008034c                ioss_interrupts_gpio_3_IRQHandler
                0x1008034c                scb_6_interrupt_IRQHandler
                0x1008034c                cpuss_interrupts_cm4_cti_0_IRQHandler
                0x1008034c                cpuss_interrupts_dw1_3_IRQHandler
                0x1008034c                pass_interrupt_sar_IRQHandler
                0x1008034c                ioss_interrupts_gpio_0_IRQHandler
                0x1008034c                ioss_interrupts_gpio_14_IRQHandler
                0x1008034c                tcpwm_0_interrupts_4_IRQHandler
                0x1008034c                udb_interrupts_3_IRQHandler
                0x1008034c                tcpwm_0_interrupts_5_IRQHandler
                0x1008034c                cpuss_interrupts_ipc_15_IRQHandler
                0x1008034c                cpuss_interrupts_cm4_cti_1_IRQHandler
                0x1008034c                scb_8_interrupt_IRQHandler
                0x1008034c                srss_interrupt_mcwdt_1_IRQHandler
                0x1008034c                cpuss_interrupts_dw1_2_IRQHandler
                0x1008034c                cpuss_interrupts_dw1_5_IRQHandler
                0x1008034c                cpuss_interrupts_ipc_1_IRQHandler
                0x1008034c                cpuss_interrupts_dw0_0_IRQHandler
                0x1008034c                ioss_interrupts_gpio_12_IRQHandler
                0x1008034c                cpuss_interrupts_ipc_3_IRQHandler
                0x1008034c                tcpwm_1_interrupts_17_IRQHandler
                0x1008034c                srss_interrupt_backup_IRQHandler
                0x1008034c                bless_interrupt_IRQHandler
                0x1008034c                cpuss_interrupts_ipc_10_IRQHandler
                0x1008034c                cpuss_interrupts_ipc_9_IRQHandler
                0x1008034c                cpuss_interrupts_dw0_14_IRQHandler
                0x1008034c                tcpwm_1_interrupts_4_IRQHandler
                0x1008034c                tcpwm_0_interrupts_3_IRQHandler
                0x1008034c                cpuss_interrupts_dw1_15_IRQHandler
                0x1008034c                ioss_interrupts_gpio_10_IRQHandler
                0x1008034c                udb_interrupts_10_IRQHandler
                0x1008034c                cpuss_interrupts_dw0_8_IRQHandler
                0x1008034c                ioss_interrupts_gpio_11_IRQHandler
                0x1008034c                cpuss_interrupts_ipc_14_IRQHandler
                0x1008034c                ioss_interrupts_gpio_5_IRQHandler
                0x1008034c                ioss_interrupts_gpio_4_IRQHandler
                0x1008034c                tcpwm_1_interrupts_8_IRQHandler
                0x1008034c                cpuss_interrupts_dw1_14_IRQHandler
                0x1008034c                usb_interrupt_med_IRQHandler
                0x1008034c                cpuss_interrupts_dw0_2_IRQHandler
                0x1008034c                tcpwm_1_interrupts_10_IRQHandler
                0x1008034c                cpuss_interrupts_fault_0_IRQHandler
                0x1008034c                cpuss_interrupts_dw0_12_IRQHandler
                0x1008034c                ioss_interrupts_gpio_6_IRQHandler
                0x1008034c                tcpwm_1_interrupts_21_IRQHandler
                0x1008034c                tcpwm_1_interrupts_16_IRQHandler
                0x1008034c                cpuss_interrupts_dw1_4_IRQHandler
                0x1008034c                udb_interrupts_15_IRQHandler
                0x1008034c                cpuss_interrupts_dw1_11_IRQHandler
                0x1008034c                cpuss_interrupts_dw0_6_IRQHandler
                0x1008034c                ioss_interrupt_vdd_IRQHandler
                0x1008034c                cpuss_interrupts_dw0_7_IRQHandler
                0x1008034c                audioss_interrupt_i2s_IRQHandler
                0x1008034c                tcpwm_1_interrupts_5_IRQHandler
                0x1008034c                cpuss_interrupts_ipc_2_IRQHandler
                0x1008034c                cpuss_interrupts_dw0_10_IRQHandler
                0x1008034c                tcpwm_1_interrupts_19_IRQHandler
                0x1008034c                cpuss_interrupts_dw0_1_IRQHandler
                0x1008034c                ioss_interrupts_gpio_9_IRQHandler
                0x1008034c                usb_interrupt_lo_IRQHandler
                0x1008034c                cpuss_interrupts_ipc_8_IRQHandler
                0x1008034c                udb_interrupts_14_IRQHandler
                0x1008034c                cpuss_interrupts_dw0_3_IRQHandler
                0x10080350                UsageFault_Handler
                0x10080350                HardFault_Handler
                0x10080350                MemManage_Handler
                0x10080350                BusFault_Handler
 .text.isr_bouton
                0x1008036c       0x50 .\CortexM4\ARM_GCC_541\Debug\main_cm4.o
                0x1008036c                isr_bouton
 .text.Task_Bouton2
                0x100803bc       0x44 .\CortexM4\ARM_GCC_541\Debug\main_cm4.o
                0x100803bc                Task_Bouton2
 .text.vFiltering_task
                0x10080400       0x50 .\CortexM4\ARM_GCC_541\Debug\main_cm4.o
                0x10080400                vFiltering_task
 .text.vSample_task
                0x10080450       0x78 .\CortexM4\ARM_GCC_541\Debug\main_cm4.o
                0x10080450                vSample_task
 .text.vResults
                0x100804c8       0xcc .\CortexM4\ARM_GCC_541\Debug\main_cm4.o
                0x100804c8                vResults
 .text.main     0x10080594      0x160 .\CortexM4\ARM_GCC_541\Debug\main_cm4.o
                0x10080594                main
 .text.Cy_SysIpcPipeIsrCm4
                0x100806f4        0xc .\CortexM4\ARM_GCC_541\Debug\system_psoc6_cm4.o
                0x100806f4                Cy_SysIpcPipeIsrCm4
 .text.Cy_SystemInit
                0x10080700        0x4 .\CortexM4\ARM_GCC_541\Debug\system_psoc6_cm4.o
                0x10080700                Cy_SystemInit
 .text.SystemCoreClockUpdate
                0x10080704      0x190 .\CortexM4\ARM_GCC_541\Debug\system_psoc6_cm4.o
                0x10080704                SystemCoreClockUpdate
 .text.SystemInit
                0x10080894       0x48 .\CortexM4\ARM_GCC_541\Debug\system_psoc6_cm4.o
                0x10080894                SystemInit
 .text.Cy_SystemInitFpuEnable
                0x100808dc       0x28 .\CortexM4\ARM_GCC_541\Debug\system_psoc6_cm4.o
                0x100808dc                Cy_SystemInitFpuEnable
 .text.filtre   0x10080904       0x74 .\CortexM4\ARM_GCC_541\Debug\algorithme.o
                0x10080904                filtre
 .text.HeartRate
                0x10080978       0x58 .\CortexM4\ARM_GCC_541\Debug\algorithme.o
                0x10080978                HeartRate
 .text.AC       0x100809d0       0x4c .\CortexM4\ARM_GCC_541\Debug\algorithme.o
                0x100809d0                AC
 .text.DC       0x10080a1c       0x30 .\CortexM4\ARM_GCC_541\Debug\algorithme.o
                0x10080a1c                DC
 *fill*         0x10080a4c        0x4 
 .text.calculSpO2
                0x10080a50      0x120 .\CortexM4\ARM_GCC_541\Debug\algorithme.o
                0x10080a50                calculSpO2
 .text.bmi160Config
                0x10080b70       0x5c .\CortexM4\ARM_GCC_541\Debug\bmi160_task.o
 .text.bmi160Write
                0x10080bcc       0x5c .\CortexM4\ARM_GCC_541\Debug\bmi160_task.o
 .text.bmi160Read
                0x10080c28       0x84 .\CortexM4\ARM_GCC_541\Debug\bmi160_task.o
 .text.get_accData
                0x10080cac       0x3c .\CortexM4\ARM_GCC_541\Debug\bmi160_task.o
                0x10080cac                get_accData
 .text.anyMotionInt_set
                0x10080ce8       0x5c .\CortexM4\ARM_GCC_541\Debug\bmi160_task.o
                0x10080ce8                anyMotionInt_set
 .text.Task_Motion
                0x10080d44       0x10 .\CortexM4\ARM_GCC_541\Debug\bmi160_task.o
                0x10080d44                Task_Motion
 .text.UpdateDisplay
                0x10080d54       0x2c .\CortexM4\ARM_GCC_541\Debug\display_task.o
                0x10080d54                UpdateDisplay
 .text.DisplayInit
                0x10080d80       0x2c .\CortexM4\ARM_GCC_541\Debug\display_task.o
                0x10080d80                DisplayInit
 .text.convertirVecteurEnInt16
                0x10080dac       0x24 .\CortexM4\ARM_GCC_541\Debug\display_task.o
                0x10080dac                convertirVecteurEnInt16
 .text.trouverMinimumVecteur
                0x10080dd0       0x24 .\CortexM4\ARM_GCC_541\Debug\display_task.o
                0x10080dd0                trouverMinimumVecteur
 .text.trouverMaximumVecteur
                0x10080df4       0x24 .\CortexM4\ARM_GCC_541\Debug\display_task.o
                0x10080df4                trouverMaximumVecteur
 .text.creerVecteurAffichage
                0x10080e18       0x54 .\CortexM4\ARM_GCC_541\Debug\display_task.o
                0x10080e18                creerVecteurAffichage
 .text.updateParametres
                0x10080e6c      0x1ec .\CortexM4\ARM_GCC_541\Debug\display_task.o
                0x10080e6c                updateParametres
 .text.afficherMenuPrincipal
                0x10081058       0x68 .\CortexM4\ARM_GCC_541\Debug\display_task.o
                0x10081058                afficherMenuPrincipal
 .text.afficherMenuSecondaire
                0x100810c0       0x9c .\CortexM4\ARM_GCC_541\Debug\display_task.o
                0x100810c0                afficherMenuSecondaire
 .text.updateMenuSecondaire
                0x1008115c       0xac .\CortexM4\ARM_GCC_541\Debug\display_task.o
                0x1008115c                updateMenuSecondaire
 .text.afficherMenuTertiaire1
                0x10081208       0x58 .\CortexM4\ARM_GCC_541\Debug\display_task.o
                0x10081208                afficherMenuTertiaire1
 .text.afficherMenuTertiaire2
                0x10081260       0x58 .\CortexM4\ARM_GCC_541\Debug\display_task.o
                0x10081260                afficherMenuTertiaire2
 .text.afficherMenuTertiaire3
                0x100812b8       0x58 .\CortexM4\ARM_GCC_541\Debug\display_task.o
                0x100812b8                afficherMenuTertiaire3
 .text.afficherMenuTertiaire4
                0x10081310       0x58 .\CortexM4\ARM_GCC_541\Debug\display_task.o
                0x10081310                afficherMenuTertiaire4
 .text.updateMenuTertiaire
                0x10081368       0x5c .\CortexM4\ARM_GCC_541\Debug\display_task.o
                0x10081368                updateMenuTertiaire
 .text.afficherMenuQuat1
                0x100813c4       0xc0 .\CortexM4\ARM_GCC_541\Debug\display_task.o
                0x100813c4                afficherMenuQuat1
 .text.afficherMenuQuat2
                0x10081484       0x7c .\CortexM4\ARM_GCC_541\Debug\display_task.o
                0x10081484                afficherMenuQuat2
 .text.afficherMenuQuat3
                0x10081500       0x94 .\CortexM4\ARM_GCC_541\Debug\display_task.o
                0x10081500                afficherMenuQuat3
 .text.Task_AffichageGraphique
                0x10081594      0x3b8 .\CortexM4\ARM_GCC_541\Debug\display_task.o
                0x10081594                Task_AffichageGraphique
 .text.writeRegistre
                0x1008194c       0x4c .\CortexM4\ARM_GCC_541\Debug\MAX30102.o
                0x1008194c                writeRegistre
 .text.MAX30102_config
                0x10081998       0x5c .\CortexM4\ARM_GCC_541\Debug\MAX30102.o
                0x10081998                MAX30102_config
 .text.readMultipleBytes
                0x100819f4       0x80 .\CortexM4\ARM_GCC_541\Debug\MAX30102.o
                0x100819f4                readMultipleBytes
 .text.readFIFO
                0x10081a74       0x78 .\CortexM4\ARM_GCC_541\Debug\MAX30102.o
                0x10081a74                readFIFO
 .text.STDIO_PutChar
                0x10081aec       0x18 .\CortexM4\ARM_GCC_541\Debug\stdio_user.o
                0x10081aec                STDIO_PutChar
 .text.STDIO_GetChar
                0x10081b04       0x1c .\CortexM4\ARM_GCC_541\Debug\stdio_user.o
                0x10081b04                STDIO_GetChar
 .text.Task_Touch
                0x10081b20       0x90 .\CortexM4\ARM_GCC_541\Debug\touch_task.o
                0x10081b20                Task_Touch
 .text.null_ptr_check
                0x10081bb0       0x2c .\CortexM4\ARM_GCC_541\Debug\bmi160.o
 .text.default_param_settg
                0x10081bdc       0x28 .\CortexM4\ARM_GCC_541\Debug\bmi160.o
 .text.process_accel_odr
                0x10081c04       0x28 .\CortexM4\ARM_GCC_541\Debug\bmi160.o
 .text.process_accel_bw
                0x10081c2c       0x2c .\CortexM4\ARM_GCC_541\Debug\bmi160.o
 .text.process_accel_range
                0x10081c58       0x28 .\CortexM4\ARM_GCC_541\Debug\bmi160.o
 .text.process_gyro_odr
                0x10081c80       0x28 .\CortexM4\ARM_GCC_541\Debug\bmi160.o
 .text.process_gyro_bw
                0x10081ca8       0x20 .\CortexM4\ARM_GCC_541\Debug\bmi160.o
 .text.process_gyro_range
                0x10081cc8       0x28 .\CortexM4\ARM_GCC_541\Debug\bmi160.o
 .text.bmi160_get_regs
                0x10081cf0       0x34 .\CortexM4\ARM_GCC_541\Debug\bmi160.o
                0x10081cf0                bmi160_get_regs
 .text.check_accel_config
                0x10081d24       0x3c .\CortexM4\ARM_GCC_541\Debug\bmi160.o
 .text.check_gyro_config
                0x10081d60       0x3c .\CortexM4\ARM_GCC_541\Debug\bmi160.o
 .text.check_invalid_settg
                0x10081d9c       0x4c .\CortexM4\ARM_GCC_541\Debug\bmi160.o
 .text.bmi160_set_regs
                0x10081de8       0x90 .\CortexM4\ARM_GCC_541\Debug\bmi160.o
                0x10081de8                bmi160_set_regs
 .text.set_accel_conf
                0x10081e78       0x4c .\CortexM4\ARM_GCC_541\Debug\bmi160.o
 .text.set_gyro_conf
                0x10081ec4       0x4c .\CortexM4\ARM_GCC_541\Debug\bmi160.o
 .text.process_under_sampling
                0x10081f10       0x70 .\CortexM4\ARM_GCC_541\Debug\bmi160.o
 .text.set_accel_pwr
                0x10081f80       0x5c .\CortexM4\ARM_GCC_541\Debug\bmi160.o
 .text.set_gyro_pwr
                0x10081fdc       0x5c .\CortexM4\ARM_GCC_541\Debug\bmi160.o
 .text.enable_accel_any_motion_int
                0x10082038       0x80 .\CortexM4\ARM_GCC_541\Debug\bmi160.o
 .text.disable_sig_motion_int
                0x100820b8       0x44 .\CortexM4\ARM_GCC_541\Debug\bmi160.o
 .text.map_feature_interrupt
                0x100820fc       0x98 .\CortexM4\ARM_GCC_541\Debug\bmi160.o
 .text.config_any_motion_src
                0x10082194       0x48 .\CortexM4\ARM_GCC_541\Debug\bmi160.o
 .text.config_any_dur_threshold
                0x100821dc       0x50 .\CortexM4\ARM_GCC_541\Debug\bmi160.o
 .text.enable_sig_motion_int
                0x1008222c       0x64 .\CortexM4\ARM_GCC_541\Debug\bmi160.o
 .text.config_sig_motion_data_src
                0x10082290       0x48 .\CortexM4\ARM_GCC_541\Debug\bmi160.o
 .text.config_sig_dur_threshold
                0x100822d8       0x74 .\CortexM4\ARM_GCC_541\Debug\bmi160.o
 .text.enable_no_motion_int
                0x1008234c       0x7c .\CortexM4\ARM_GCC_541\Debug\bmi160.o
 .text.config_no_motion_data_src
                0x100823c8       0x48 .\CortexM4\ARM_GCC_541\Debug\bmi160.o
 .text.config_no_motion_dur_thr
                0x10082410       0x90 .\CortexM4\ARM_GCC_541\Debug\bmi160.o
 .text.enable_tap_int
                0x100824a0       0x6c .\CortexM4\ARM_GCC_541\Debug\bmi160.o
 .text.config_tap_data_src
                0x1008250c       0x48 .\CortexM4\ARM_GCC_541\Debug\bmi160.o
 .text.config_tap_param
                0x10082554       0x7c .\CortexM4\ARM_GCC_541\Debug\bmi160.o
 .text.enable_step_detect_int
                0x100825d0       0x48 .\CortexM4\ARM_GCC_541\Debug\bmi160.o
 .text.config_step_detect
                0x10082618       0x98 .\CortexM4\ARM_GCC_541\Debug\bmi160.o
 .text.enable_orient_int
                0x100826b0       0x48 .\CortexM4\ARM_GCC_541\Debug\bmi160.o
 .text.config_orient_int_settg
                0x100826f8       0x88 .\CortexM4\ARM_GCC_541\Debug\bmi160.o
 .text.enable_flat_int
                0x10082780       0x48 .\CortexM4\ARM_GCC_541\Debug\bmi160.o
 .text.config_flat_int_settg
                0x100827c8       0x6c .\CortexM4\ARM_GCC_541\Debug\bmi160.o
 .text.enable_low_g_int
                0x10082834       0x48 .\CortexM4\ARM_GCC_541\Debug\bmi160.o
 .text.config_low_g_data_src
                0x1008287c       0x48 .\CortexM4\ARM_GCC_541\Debug\bmi160.o
 .text.config_low_g_int_settg
                0x100828c4       0x68 .\CortexM4\ARM_GCC_541\Debug\bmi160.o
 .text.enable_high_g_int
                0x1008292c       0x60 .\CortexM4\ARM_GCC_541\Debug\bmi160.o
 .text.config_high_g_data_src
                0x1008298c       0x48 .\CortexM4\ARM_GCC_541\Debug\bmi160.o
 .text.config_high_g_int_settg
                0x100829d4       0x5c .\CortexM4\ARM_GCC_541\Debug\bmi160.o
 .text.enable_data_ready_int
                0x10082a30       0x40 .\CortexM4\ARM_GCC_541\Debug\bmi160.o
 .text.map_hardware_interrupt
                0x10082a70       0x88 .\CortexM4\ARM_GCC_541\Debug\bmi160.o
 .text.enable_fifo_full_int
                0x10082af8       0x48 .\CortexM4\ARM_GCC_541\Debug\bmi160.o
 .text.enable_fifo_wtm_int
                0x10082b40       0x48 .\CortexM4\ARM_GCC_541\Debug\bmi160.o
 .text.config_int_out_ctrl
                0x10082b88       0xb0 .\CortexM4\ARM_GCC_541\Debug\bmi160.o
 .text.config_int_latch
                0x10082c38       0x7c .\CortexM4\ARM_GCC_541\Debug\bmi160.o
 .text.set_intr_pin_config
                0x10082cb4       0x1c .\CortexM4\ARM_GCC_541\Debug\bmi160.o
 .text.config_any_motion_int_settg
                0x10082cd0       0x44 .\CortexM4\ARM_GCC_541\Debug\bmi160.o
 .text.set_accel_any_motion_int
                0x10082d14       0x3c .\CortexM4\ARM_GCC_541\Debug\bmi160.o
 .text.config_sig_motion_int_settg
                0x10082d50       0x38 .\CortexM4\ARM_GCC_541\Debug\bmi160.o
 .text.set_accel_sig_motion_int
                0x10082d88       0x3c .\CortexM4\ARM_GCC_541\Debug\bmi160.o
 .text.config_no_motion_int_settg
                0x10082dc4       0x38 .\CortexM4\ARM_GCC_541\Debug\bmi160.o
 .text.set_accel_no_motion_int
                0x10082dfc       0x3c .\CortexM4\ARM_GCC_541\Debug\bmi160.o
 .text.config_tap_int_settg
                0x10082e38       0x3c .\CortexM4\ARM_GCC_541\Debug\bmi160.o
 .text.set_accel_tap_int
                0x10082e74       0x48 .\CortexM4\ARM_GCC_541\Debug\bmi160.o
 .text.set_accel_step_detect_int
                0x10082ebc       0x50 .\CortexM4\ARM_GCC_541\Debug\bmi160.o
 .text.set_accel_orientation_int
                0x10082f0c       0x50 .\CortexM4\ARM_GCC_541\Debug\bmi160.o
 .text.set_accel_flat_detect_int
                0x10082f5c       0x50 .\CortexM4\ARM_GCC_541\Debug\bmi160.o
 .text.set_accel_low_g_int
                0x10082fac       0x5c .\CortexM4\ARM_GCC_541\Debug\bmi160.o
 .text.set_accel_high_g_int
                0x10083008       0x5c .\CortexM4\ARM_GCC_541\Debug\bmi160.o
 .text.set_accel_gyro_data_ready_int
                0x10083064       0x40 .\CortexM4\ARM_GCC_541\Debug\bmi160.o
 .text.set_fifo_full_int
                0x100830a4       0x3c .\CortexM4\ARM_GCC_541\Debug\bmi160.o
 .text.set_fifo_watermark_int
                0x100830e0       0x3c .\CortexM4\ARM_GCC_541\Debug\bmi160.o
 .text.bmi160_soft_reset
                0x1008311c       0x5c .\CortexM4\ARM_GCC_541\Debug\bmi160.o
                0x1008311c                bmi160_soft_reset
 .text.bmi160_init
                0x10083178       0x70 .\CortexM4\ARM_GCC_541\Debug\bmi160.o
                0x10083178                bmi160_init
 .text.bmi160_set_power_mode
                0x100831e8       0x30 .\CortexM4\ARM_GCC_541\Debug\bmi160.o
                0x100831e8                bmi160_set_power_mode
 .text.bmi160_set_sens_conf
                0x10083218       0x44 .\CortexM4\ARM_GCC_541\Debug\bmi160.o
                0x10083218                bmi160_set_sens_conf
 .text.bmi160_set_int_config
                0x1008325c       0x6c .\CortexM4\ARM_GCC_541\Debug\bmi160.o
                0x1008325c                bmi160_set_int_config
 .text.bmi160_get_int_status
                0x100832c8       0x64 .\CortexM4\ARM_GCC_541\Debug\bmi160.o
                0x100832c8                bmi160_get_int_status
 .text.Cy_EINK_Start
                0x1008332c       0x10 .\CortexM4\ARM_GCC_541\Debug\cy_eink_library.o
                0x1008332c                Cy_EINK_Start
 .text.Cy_EINK_Power
                0x1008333c       0x18 .\CortexM4\ARM_GCC_541\Debug\cy_eink_library.o
                0x1008333c                Cy_EINK_Power
 .text.Cy_EINK_ShowFrame
                0x10083354       0x54 .\CortexM4\ARM_GCC_541\Debug\cy_eink_library.o
                0x10083354                Cy_EINK_ShowFrame
 .text.Cy_EINK_TimerInit
                0x100833a8       0x14 .\CortexM4\ARM_GCC_541\Debug\cy_eink_psoc_interface.o
                0x100833a8                Cy_EINK_TimerInit
 .text.Cy_EINK_GetTimeTick
                0x100833bc        0xc .\CortexM4\ARM_GCC_541\Debug\cy_eink_psoc_interface.o
                0x100833bc                Cy_EINK_GetTimeTick
 .text.Cy_EINK_TimerStop
                0x100833c8        0xc .\CortexM4\ARM_GCC_541\Debug\cy_eink_psoc_interface.o
                0x100833c8                Cy_EINK_TimerStop
 .text.Cy_EINK_InitSPI
                0x100833d4       0x30 .\CortexM4\ARM_GCC_541\Debug\cy_eink_psoc_interface.o
                0x100833d4                Cy_EINK_InitSPI
 .text.Cy_EINK_AttachSPI
                0x10083404       0x1c .\CortexM4\ARM_GCC_541\Debug\cy_eink_psoc_interface.o
                0x10083404                Cy_EINK_AttachSPI
 .text.Cy_EINK_DetachSPI
                0x10083420       0x14 .\CortexM4\ARM_GCC_541\Debug\cy_eink_psoc_interface.o
                0x10083420                Cy_EINK_DetachSPI
 .text.Cy_EINK_WriteSPI
                0x10083434       0x60 .\CortexM4\ARM_GCC_541\Debug\cy_eink_psoc_interface.o
                0x10083434                Cy_EINK_WriteSPI
 .text.Cy_EINK_ReadSPI
                0x10083494       0x68 .\CortexM4\ARM_GCC_541\Debug\cy_eink_psoc_interface.o
                0x10083494                Cy_EINK_ReadSPI
 .text.Cy_EINK_WriteSPIBuffer
                0x100834fc       0x84 .\CortexM4\ARM_GCC_541\Debug\cy_eink_psoc_interface.o
                0x100834fc                Cy_EINK_WriteSPIBuffer
 .text.Cy_EINK_IsBusy
                0x10083580       0x18 .\CortexM4\ARM_GCC_541\Debug\cy_eink_psoc_interface.o
                0x10083580                Cy_EINK_IsBusy
 .text.Pv_EINK_SendData
                0x10083598       0x38 .\CortexM4\ARM_GCC_541\Debug\pervasive_eink_hardware_driver.o
                0x10083598                Pv_EINK_SendData
 .text.Pv_EINK_SendByte
                0x100835d0       0x18 .\CortexM4\ARM_GCC_541\Debug\pervasive_eink_hardware_driver.o
                0x100835d0                Pv_EINK_SendByte
 .text.Pv_EINK_ReadByte
                0x100835e8       0x30 .\CortexM4\ARM_GCC_541\Debug\pervasive_eink_hardware_driver.o
                0x100835e8                Pv_EINK_ReadByte
 .text.Pv_EINK_Init
                0x10083618       0x34 .\CortexM4\ARM_GCC_541\Debug\pervasive_eink_hardware_driver.o
                0x10083618                Pv_EINK_Init
 .text.Pv_EINK_InitDriver
                0x1008364c      0x118 .\CortexM4\ARM_GCC_541\Debug\pervasive_eink_hardware_driver.o
                0x1008364c                Pv_EINK_InitDriver
 .text.Pv_EINK_SetTempFactor
                0x10083764       0x58 .\CortexM4\ARM_GCC_541\Debug\pervasive_eink_hardware_driver.o
                0x10083764                Pv_EINK_SetTempFactor
 .text.Pv_EINK_FullStageHandler
                0x100837bc      0x424 .\CortexM4\ARM_GCC_541\Debug\pervasive_eink_hardware_driver.o
                0x100837bc                Pv_EINK_FullStageHandler
 .text.Pv_EINK_PartialStageHandler
                0x10083be0      0x228 .\CortexM4\ARM_GCC_541\Debug\pervasive_eink_hardware_driver.o
                0x10083be0                Pv_EINK_PartialStageHandler
 .text.Pv_EINK_NothingFrame
                0x10083e08       0x5c .\CortexM4\ARM_GCC_541\Debug\pervasive_eink_hardware_driver.o
                0x10083e08                Pv_EINK_NothingFrame
 .text.Pv_EINK_DummyLine
                0x10083e64       0x34 .\CortexM4\ARM_GCC_541\Debug\pervasive_eink_hardware_driver.o
                0x10083e64                Pv_EINK_DummyLine
 .text.Pv_EINK_HardwarePowerOn
                0x10083e98       0x44 .\CortexM4\ARM_GCC_541\Debug\pervasive_eink_hardware_driver.o
                0x10083e98                Pv_EINK_HardwarePowerOn
 .text.Pv_EINK_HardwarePowerOff
                0x10083edc       0xa8 .\CortexM4\ARM_GCC_541\Debug\pervasive_eink_hardware_driver.o
                0x10083edc                Pv_EINK_HardwarePowerOff
 .text.LCD_X_Config
                0x10083f84       0x70 .\CortexM4\ARM_GCC_541\Debug\LCDConf.o
                0x10083f84                LCD_X_Config
 .text.LCD_X_DisplayDriver
                0x10083ff4       0x10 .\CortexM4\ARM_GCC_541\Debug\LCDConf.o
                0x10083ff4                LCD_X_DisplayDriver
 .text.LCD_GetDisplayBuffer
                0x10084004        0x8 .\CortexM4\ARM_GCC_541\Debug\LCDConf.o
                0x10084004                LCD_GetDisplayBuffer
 .text.GUI_X_Config
                0x1008400c       0x1c .\CortexM4\ARM_GCC_541\Debug\GUIConf.o
                0x1008400c                GUI_X_Config
 .text.GUI_X_InitOS
                0x10084028       0x14 .\CortexM4\ARM_GCC_541\Debug\GUI_X_RTOS.o
                0x10084028                GUI_X_InitOS
 .text.GUI_X_Unlock
                0x1008403c       0x18 .\CortexM4\ARM_GCC_541\Debug\GUI_X_RTOS.o
                0x1008403c                GUI_X_Unlock
 .text.GUI_X_Lock
                0x10084054       0x14 .\CortexM4\ARM_GCC_541\Debug\GUI_X_RTOS.o
                0x10084054                GUI_X_Lock
 .text.GUI_X_GetTaskId
                0x10084068        0x8 .\CortexM4\ARM_GCC_541\Debug\GUI_X_RTOS.o
                0x10084068                GUI_X_GetTaskId
 .text.GUI_X_Init
                0x10084070        0x4 .\CortexM4\ARM_GCC_541\Debug\GUI_X_RTOS.o
                0x10084070                GUI_X_Init
 .text.CY_EINK_Timer_Start
                0x10084074       0x30 .\CortexM4\ARM_GCC_541\Debug\CY_EINK_Timer.o
                0x10084074                CY_EINK_Timer_Start
 .text.Cy_Flash_ProcessOpcode
                0x100840a4       0xac .\CortexM4\ARM_GCC_541\Debug\cy_flash.o
 .text.Cy_Flash_OperationStatus
                0x10084150       0x5c .\CortexM4\ARM_GCC_541\Debug\cy_flash.o
 .text.Cy_Flash_InitExt
                0x100841ac       0x80 .\CortexM4\ARM_GCC_541\Debug\cy_flash.o
                0x100841ac                Cy_Flash_InitExt
 .text.Cy_Flash_Init
                0x1008422c       0x10 .\CortexM4\ARM_GCC_541\Debug\cy_flash.o
                0x1008422c                Cy_Flash_Init
 .text.Cy_GPIO_Pin_FastInit
                0x1008423c       0xf8 .\CortexM4\ARM_GCC_541\Debug\cy_gpio.o
                0x1008423c                Cy_GPIO_Pin_FastInit
 .text.Cy_IPC_Drv_LockRelease
                0x10084334       0x3c .\CortexM4\ARM_GCC_541\Debug\cy_ipc_drv.o
                0x10084334                Cy_IPC_Drv_LockRelease
 .text.Cy_IPC_Drv_SendMsgWord
                0x10084370       0x3c .\CortexM4\ARM_GCC_541\Debug\cy_ipc_drv.o
                0x10084370                Cy_IPC_Drv_SendMsgWord
 .text.Cy_IPC_Drv_ReadMsgWord
                0x100843ac       0x38 .\CortexM4\ARM_GCC_541\Debug\cy_ipc_drv.o
                0x100843ac                Cy_IPC_Drv_ReadMsgWord
 .text.Cy_IPC_Sema_InitExt
                0x100843e4       0xac .\CortexM4\ARM_GCC_541\Debug\cy_ipc_sema.o
                0x100843e4                Cy_IPC_Sema_InitExt
 .text.Cy_IPC_Sema_Init
                0x10084490       0x64 .\CortexM4\ARM_GCC_541\Debug\cy_ipc_sema.o
                0x10084490                Cy_IPC_Sema_Init
 .text.Cy_IPC_Sema_Clear
                0x100844f4       0x88 .\CortexM4\ARM_GCC_541\Debug\cy_ipc_sema.o
                0x100844f4                Cy_IPC_Sema_Clear
 .text.Cy_IPC_Sema_Status
                0x1008457c       0x40 .\CortexM4\ARM_GCC_541\Debug\cy_ipc_sema.o
                0x1008457c                Cy_IPC_Sema_Status
 .text.Cy_IPC_Pipe_Config
                0x100845bc       0x10 .\CortexM4\ARM_GCC_541\Debug\cy_ipc_pipe.o
                0x100845bc                Cy_IPC_Pipe_Config
 .text.Cy_IPC_Pipe_EndpointInit
                0x100845cc       0xd0 .\CortexM4\ARM_GCC_541\Debug\cy_ipc_pipe.o
                0x100845cc                Cy_IPC_Pipe_EndpointInit
 .text.Cy_IPC_Pipe_Init
                0x1008469c       0xb4 .\CortexM4\ARM_GCC_541\Debug\cy_ipc_pipe.o
                0x1008469c                Cy_IPC_Pipe_Init
 .text.Cy_IPC_Pipe_SendMessage
                0x10084750       0xa4 .\CortexM4\ARM_GCC_541\Debug\cy_ipc_pipe.o
                0x10084750                Cy_IPC_Pipe_SendMessage
 .text.Cy_IPC_Pipe_RegisterCallback
                0x100847f4       0x50 .\CortexM4\ARM_GCC_541\Debug\cy_ipc_pipe.o
                0x100847f4                Cy_IPC_Pipe_RegisterCallback
 .text.Cy_IPC_Pipe_ExecCallback
                0x10084844       0xbc .\CortexM4\ARM_GCC_541\Debug\cy_ipc_pipe.o
                0x10084844                Cy_IPC_Pipe_ExecCallback
 .text.Cy_IPC_Pipe_ExecuteCallback
                0x10084900       0x2c .\CortexM4\ARM_GCC_541\Debug\cy_ipc_pipe.o
                0x10084900                Cy_IPC_Pipe_ExecuteCallback
 .text.Cy_SCB_ReadArrayNoCheck
                0x1008492c       0x38 .\CortexM4\ARM_GCC_541\Debug\cy_scb_common.o
                0x1008492c                Cy_SCB_ReadArrayNoCheck
 .text.Cy_SCB_ReadArray
                0x10084964       0x1c .\CortexM4\ARM_GCC_541\Debug\cy_scb_common.o
                0x10084964                Cy_SCB_ReadArray
 .text.Cy_SCB_Write
                0x10084980       0x28 .\CortexM4\ARM_GCC_541\Debug\cy_scb_common.o
                0x10084980                Cy_SCB_Write
 .text.Cy_SCB_WriteArrayNoCheck
                0x100849a8       0x38 .\CortexM4\ARM_GCC_541\Debug\cy_scb_common.o
                0x100849a8                Cy_SCB_WriteArrayNoCheck
 .text.Cy_SCB_WriteArray
                0x100849e0       0x2c .\CortexM4\ARM_GCC_541\Debug\cy_scb_common.o
                0x100849e0                Cy_SCB_WriteArray
 .text.Cy_SCB_WriteArrayBlocking
                0x10084a0c       0x30 .\CortexM4\ARM_GCC_541\Debug\cy_scb_common.o
                0x10084a0c                Cy_SCB_WriteArrayBlocking
 .text.Cy_SCB_WriteString
                0x10084a3c       0x30 .\CortexM4\ARM_GCC_541\Debug\cy_scb_common.o
                0x10084a3c                Cy_SCB_WriteString
 .text.Cy_SCB_WriteDefaultArrayNoCheck
                0x10084a6c       0x10 .\CortexM4\ARM_GCC_541\Debug\cy_scb_common.o
                0x10084a6c                Cy_SCB_WriteDefaultArrayNoCheck
 .text.Cy_SCB_WriteDefaultArray
                0x10084a7c       0x2c .\CortexM4\ARM_GCC_541\Debug\cy_scb_common.o
                0x10084a7c                Cy_SCB_WriteDefaultArray
 .text.SlaveHandleStop
                0x10084aa8       0xec .\CortexM4\ARM_GCC_541\Debug\cy_scb_i2c.o
 .text.MasterHandleEvents
                0x10084b94       0x74 .\CortexM4\ARM_GCC_541\Debug\cy_scb_i2c.o
 .text.MasterHandleStop
                0x10084c08       0x2c .\CortexM4\ARM_GCC_541\Debug\cy_scb_i2c.o
 .text.MasterHandleComplete
                0x10084c34       0xf4 .\CortexM4\ARM_GCC_541\Debug\cy_scb_i2c.o
 .text.HandleStatus
                0x10084d28       0xf0 .\CortexM4\ARM_GCC_541\Debug\cy_scb_i2c.o
 .text.WaitOneUnit
                0x10084e18       0x24 .\CortexM4\ARM_GCC_541\Debug\cy_scb_i2c.o
 .text.SlaveHandleDataTransmit
                0x10084e3c       0xe8 .\CortexM4\ARM_GCC_541\Debug\cy_scb_i2c.o
 .text.MasterHandleDataTransmit
                0x10084f24       0xb8 .\CortexM4\ARM_GCC_541\Debug\cy_scb_i2c.o
 .text.SlaveHandleAddress
                0x10084fdc      0x158 .\CortexM4\ARM_GCC_541\Debug\cy_scb_i2c.o
 .text.MasterHandleDataReceive
                0x10085134       0xf0 .\CortexM4\ARM_GCC_541\Debug\cy_scb_i2c.o
 .text.SlaveHandleDataReceive
                0x10085224       0xbc .\CortexM4\ARM_GCC_541\Debug\cy_scb_i2c.o
 .text.Cy_SCB_I2C_Init
                0x100852e0      0x18c .\CortexM4\ARM_GCC_541\Debug\cy_scb_i2c.o
                0x100852e0                Cy_SCB_I2C_Init
 .text.Cy_SCB_I2C_GetDataRate
                0x1008546c       0x90 .\CortexM4\ARM_GCC_541\Debug\cy_scb_i2c.o
                0x1008546c                Cy_SCB_I2C_GetDataRate
 .text.Cy_SCB_I2C_SetDataRate
                0x100854fc      0x1d0 .\CortexM4\ARM_GCC_541\Debug\cy_scb_i2c.o
                0x100854fc                Cy_SCB_I2C_SetDataRate
 .text.Cy_SCB_I2C_MasterSendStart
                0x100856cc       0xf0 .\CortexM4\ARM_GCC_541\Debug\cy_scb_i2c.o
                0x100856cc                Cy_SCB_I2C_MasterSendStart
 .text.Cy_SCB_I2C_MasterSendReStart
                0x100857bc       0xd4 .\CortexM4\ARM_GCC_541\Debug\cy_scb_i2c.o
                0x100857bc                Cy_SCB_I2C_MasterSendReStart
 .text.Cy_SCB_I2C_MasterSendStop
                0x10085890       0x64 .\CortexM4\ARM_GCC_541\Debug\cy_scb_i2c.o
                0x10085890                Cy_SCB_I2C_MasterSendStop
 .text.Cy_SCB_I2C_MasterReadByte
                0x100858f4       0xb4 .\CortexM4\ARM_GCC_541\Debug\cy_scb_i2c.o
                0x100858f4                Cy_SCB_I2C_MasterReadByte
 .text.Cy_SCB_I2C_MasterWriteByte
                0x100859a8       0x68 .\CortexM4\ARM_GCC_541\Debug\cy_scb_i2c.o
                0x100859a8                Cy_SCB_I2C_MasterWriteByte
 .text.Cy_SCB_I2C_SlaveInterrupt
                0x10085a10       0xe4 .\CortexM4\ARM_GCC_541\Debug\cy_scb_i2c.o
                0x10085a10                Cy_SCB_I2C_SlaveInterrupt
 .text.Cy_SCB_I2C_MasterInterrupt
                0x10085af4       0x8c .\CortexM4\ARM_GCC_541\Debug\cy_scb_i2c.o
                0x10085af4                Cy_SCB_I2C_MasterInterrupt
 .text.Cy_SCB_I2C_Interrupt
                0x10085b80       0x18 .\CortexM4\ARM_GCC_541\Debug\cy_scb_i2c.o
                0x10085b80                Cy_SCB_I2C_Interrupt
 .text.Cy_SCB_SPI_Init
                0x10085b98      0x268 .\CortexM4\ARM_GCC_541\Debug\cy_scb_spi.o
                0x10085b98                Cy_SCB_SPI_Init
 .text.Cy_SCB_SPI_Disable
                0x10085e00       0x24 .\CortexM4\ARM_GCC_541\Debug\cy_scb_spi.o
                0x10085e00                Cy_SCB_SPI_Disable
 .text.HandleDataTransmit
                0x10085e24       0xdc .\CortexM4\ARM_GCC_541\Debug\cy_scb_uart.o
 .text.HandleDataReceive
                0x10085f00       0xf8 .\CortexM4\ARM_GCC_541\Debug\cy_scb_uart.o
 .text.Cy_SCB_UART_Init
                0x10085ff8      0x364 .\CortexM4\ARM_GCC_541\Debug\cy_scb_uart.o
                0x10085ff8                Cy_SCB_UART_Init
 .text.Cy_SCB_UART_GetNumInRingBuffer
                0x1008635c       0x18 .\CortexM4\ARM_GCC_541\Debug\cy_scb_uart.o
                0x1008635c                Cy_SCB_UART_GetNumInRingBuffer
 .text.HandleRingBuffer
                0x10086374       0xcc .\CortexM4\ARM_GCC_541\Debug\cy_scb_uart.o
 .text.Cy_SCB_UART_Interrupt
                0x10086440       0xe8 .\CortexM4\ARM_GCC_541\Debug\cy_scb_uart.o
                0x10086440                Cy_SCB_UART_Interrupt
 .text.Cy_SysInt_SetVector
                0x10086528       0x48 .\CortexM4\ARM_GCC_541\Debug\cy_sysint.o
                0x10086528                Cy_SysInt_SetVector
 .text.Cy_SysInt_Init
                0x10086570       0x74 .\CortexM4\ARM_GCC_541\Debug\cy_sysint.o
                0x10086570                Cy_SysInt_Init
 .text.Cy_SysLib_Delay
                0x100865e4       0x30 .\CortexM4\ARM_GCC_541\Debug\cy_syslib.o
                0x100865e4                Cy_SysLib_Delay
 .text.Cy_SysLib_DelayUs
                0x10086614       0x14 .\CortexM4\ARM_GCC_541\Debug\cy_syslib.o
                0x10086614                Cy_SysLib_DelayUs
 .text.Cy_SysLib_Halt
                0x10086628        0x4 .\CortexM4\ARM_GCC_541\Debug\cy_syslib.o
                0x10086628                Cy_SysLib_Halt
 .text.Cy_SysLib_AssertFailed
                0x1008662c       0x1c .\CortexM4\ARM_GCC_541\Debug\cy_syslib.o
                0x1008662c                Cy_SysLib_AssertFailed
 .text.Cy_SysLib_ProcessingFault
                0x10086648        0x4 .\CortexM4\ARM_GCC_541\Debug\cy_syslib.o
                0x10086648                Cy_SysLib_ProcessingFault
 .text.Cy_SysLib_FaultHandler
                0x1008664c       0xa4 .\CortexM4\ARM_GCC_541\Debug\cy_syslib.o
                0x1008664c                Cy_SysLib_FaultHandler
 .text          0x100866f0       0x20 .\CortexM4\ARM_GCC_541\Debug\cy_syslib_gcc.o
                0x100866f0                Cy_SysLib_DelayCycles
                0x10086702                Cy_SysLib_EnterCriticalSection
                0x1008670a                Cy_SysLib_ExitCriticalSection
 .text.Cy_TCPWM_Counter_Init
                0x10086710      0x110 .\CortexM4\ARM_GCC_541\Debug\cy_tcpwm_counter.o
                0x10086710                Cy_TCPWM_Counter_Init
 .text.Cy_PDL_Init
                0x10086820        0xc .\CortexM4\ARM_GCC_541\Debug\cy_device.o
                0x10086820                Cy_PDL_Init
 .text.vListInitialise
                0x1008682c       0x18 .\CortexM4\ARM_GCC_541\Debug\list.o
                0x1008682c                vListInitialise
 .text.vListInitialiseItem
                0x10086844        0x8 .\CortexM4\ARM_GCC_541\Debug\list.o
                0x10086844                vListInitialiseItem
 .text.vListInsertEnd
                0x1008684c       0x18 .\CortexM4\ARM_GCC_541\Debug\list.o
                0x1008684c                vListInsertEnd
 .text.vListInsert
                0x10086864       0x34 .\CortexM4\ARM_GCC_541\Debug\list.o
                0x10086864                vListInsert
 .text.uxListRemove
                0x10086898       0x28 .\CortexM4\ARM_GCC_541\Debug\list.o
                0x10086898                uxListRemove
 .text.prvGetDisinheritPriorityAfterTimeout
                0x100868c0       0x14 .\CortexM4\ARM_GCC_541\Debug\queue.o
 .text.prvIsQueueFull
                0x100868d4       0x20 .\CortexM4\ARM_GCC_541\Debug\queue.o
 .text.prvIsQueueEmpty
                0x100868f4       0x1c .\CortexM4\ARM_GCC_541\Debug\queue.o
 .text.prvCopyDataToQueue
                0x10086910       0x78 .\CortexM4\ARM_GCC_541\Debug\queue.o
 .text.prvCopyDataFromQueue
                0x10086988       0x24 .\CortexM4\ARM_GCC_541\Debug\queue.o
 .text.prvUnlockQueue
                0x100869ac       0x68 .\CortexM4\ARM_GCC_541\Debug\queue.o
 .text.xQueueGenericReset
                0x10086a14       0x80 .\CortexM4\ARM_GCC_541\Debug\queue.o
                0x10086a14                xQueueGenericReset
 .text.prvInitialiseNewQueue
                0x10086a94       0x1c .\CortexM4\ARM_GCC_541\Debug\queue.o
 .text.xQueueGenericCreate
                0x10086ab0       0x4c .\CortexM4\ARM_GCC_541\Debug\queue.o
                0x10086ab0                xQueueGenericCreate
 .text.xQueueGenericSend
                0x10086afc      0x190 .\CortexM4\ARM_GCC_541\Debug\queue.o
                0x10086afc                xQueueGenericSend
 .text.prvInitialiseMutex
                0x10086c8c       0x18 .\CortexM4\ARM_GCC_541\Debug\queue.o
 .text.xQueueCreateMutex
                0x10086ca4       0x18 .\CortexM4\ARM_GCC_541\Debug\queue.o
                0x10086ca4                xQueueCreateMutex
 .text.xQueueGenericSendFromISR
                0x10086cbc       0xe4 .\CortexM4\ARM_GCC_541\Debug\queue.o
                0x10086cbc                xQueueGenericSendFromISR
 .text.xQueueGiveFromISR
                0x10086da0       0xbc .\CortexM4\ARM_GCC_541\Debug\queue.o
                0x10086da0                xQueueGiveFromISR
 .text.xQueueReceive
                0x10086e5c      0x158 .\CortexM4\ARM_GCC_541\Debug\queue.o
                0x10086e5c                xQueueReceive
 .text.xQueueSemaphoreTake
                0x10086fb4      0x190 .\CortexM4\ARM_GCC_541\Debug\queue.o
                0x10086fb4                xQueueSemaphoreTake
 .text.vQueueAddToRegistry
                0x10087144       0x28 .\CortexM4\ARM_GCC_541\Debug\queue.o
                0x10087144                vQueueAddToRegistry
 .text.vQueueWaitForMessageRestricted
                0x1008716c       0x4c .\CortexM4\ARM_GCC_541\Debug\queue.o
                0x1008716c                vQueueWaitForMessageRestricted
 .text.prvTaskIsTaskSuspended
                0x100871b8       0x4c .\CortexM4\ARM_GCC_541\Debug\tasks.o
 .text.prvResetNextTaskUnblockTime
                0x10087204       0x2c .\CortexM4\ARM_GCC_541\Debug\tasks.o
 .text.prvDeleteTCB
                0x10087230       0x14 .\CortexM4\ARM_GCC_541\Debug\tasks.o
 .text.prvInitialiseNewTask
                0x10087244       0xac .\CortexM4\ARM_GCC_541\Debug\tasks.o
 .text.prvInitialiseTaskLists
                0x100872f0       0x58 .\CortexM4\ARM_GCC_541\Debug\tasks.o
 .text.prvAddNewTaskToReadyList
                0x10087348       0xac .\CortexM4\ARM_GCC_541\Debug\tasks.o
 .text.prvCheckTasksWaitingTermination
                0x100873f4       0x44 .\CortexM4\ARM_GCC_541\Debug\tasks.o
 .text.prvIdleTask
                0x10087438       0x28 .\CortexM4\ARM_GCC_541\Debug\tasks.o
 .text.prvAddCurrentTaskToDelayedList
                0x10087460       0x68 .\CortexM4\ARM_GCC_541\Debug\tasks.o
 .text.xTaskCreate
                0x100874c8       0x64 .\CortexM4\ARM_GCC_541\Debug\tasks.o
                0x100874c8                xTaskCreate
 .text.vTaskResume
                0x1008752c       0x88 .\CortexM4\ARM_GCC_541\Debug\tasks.o
                0x1008752c                vTaskResume
 .text.vTaskStartScheduler
                0x100875b4       0x7c .\CortexM4\ARM_GCC_541\Debug\tasks.o
                0x100875b4                vTaskStartScheduler
 .text.vTaskSuspendAll
                0x10087630       0x14 .\CortexM4\ARM_GCC_541\Debug\tasks.o
                0x10087630                vTaskSuspendAll
 .text.xTaskGetTickCount
                0x10087644        0xc .\CortexM4\ARM_GCC_541\Debug\tasks.o
                0x10087644                xTaskGetTickCount
 .text.xTaskIncrementTick
                0x10087650       0xfc .\CortexM4\ARM_GCC_541\Debug\tasks.o
                0x10087650                xTaskIncrementTick
 .text.xTaskResumeAll
                0x1008774c       0xf0 .\CortexM4\ARM_GCC_541\Debug\tasks.o
                0x1008774c                xTaskResumeAll
 .text.vTaskDelay
                0x1008783c       0x50 .\CortexM4\ARM_GCC_541\Debug\tasks.o
                0x1008783c                vTaskDelay
 .text.vTaskSwitchContext
                0x1008788c       0xc8 .\CortexM4\ARM_GCC_541\Debug\tasks.o
                0x1008788c                vTaskSwitchContext
 .text.vTaskSuspend
                0x10087954       0xb8 .\CortexM4\ARM_GCC_541\Debug\tasks.o
                0x10087954                vTaskSuspend
 .text.vTaskPlaceOnEventList
                0x10087a0c       0x34 .\CortexM4\ARM_GCC_541\Debug\tasks.o
                0x10087a0c                vTaskPlaceOnEventList
 .text.vTaskPlaceOnEventListRestricted
                0x10087a40       0x3c .\CortexM4\ARM_GCC_541\Debug\tasks.o
                0x10087a40                vTaskPlaceOnEventListRestricted
 .text.xTaskRemoveFromEventList
                0x10087a7c       0x88 .\CortexM4\ARM_GCC_541\Debug\tasks.o
                0x10087a7c                xTaskRemoveFromEventList
 .text.vTaskInternalSetTimeOutState
                0x10087b04       0x14 .\CortexM4\ARM_GCC_541\Debug\tasks.o
                0x10087b04                vTaskInternalSetTimeOutState
 .text.xTaskCheckForTimeOut
                0x10087b18       0x80 .\CortexM4\ARM_GCC_541\Debug\tasks.o
                0x10087b18                xTaskCheckForTimeOut
 .text.vTaskMissedYield
                0x10087b98       0x10 .\CortexM4\ARM_GCC_541\Debug\tasks.o
                0x10087b98                vTaskMissedYield
 .text.xTaskGetCurrentTaskHandle
                0x10087ba8        0xc .\CortexM4\ARM_GCC_541\Debug\tasks.o
                0x10087ba8                xTaskGetCurrentTaskHandle
 .text.xTaskGetSchedulerState
                0x10087bb4       0x20 .\CortexM4\ARM_GCC_541\Debug\tasks.o
                0x10087bb4                xTaskGetSchedulerState
 .text.xTaskPriorityInherit
                0x10087bd4       0xa8 .\CortexM4\ARM_GCC_541\Debug\tasks.o
                0x10087bd4                xTaskPriorityInherit
 .text.xTaskPriorityDisinherit
                0x10087c7c       0x94 .\CortexM4\ARM_GCC_541\Debug\tasks.o
                0x10087c7c                xTaskPriorityDisinherit
 .text.vTaskPriorityDisinheritAfterTimeout
                0x10087d10       0xac .\CortexM4\ARM_GCC_541\Debug\tasks.o
                0x10087d10                vTaskPriorityDisinheritAfterTimeout
 .text.pvTaskIncrementMutexHeldCount
                0x10087dbc       0x20 .\CortexM4\ARM_GCC_541\Debug\tasks.o
                0x10087dbc                pvTaskIncrementMutexHeldCount
 .text.prvGetNextExpireTime
                0x10087ddc       0x20 .\CortexM4\ARM_GCC_541\Debug\timers.o
 .text.prvInsertTimerInActiveList
                0x10087dfc       0x44 .\CortexM4\ARM_GCC_541\Debug\timers.o
 .text.prvCheckForValidListAndQueue
                0x10087e40       0x48 .\CortexM4\ARM_GCC_541\Debug\timers.o
 .text.xTimerCreateTimerTask
                0x10087e88       0x50 .\CortexM4\ARM_GCC_541\Debug\timers.o
                0x10087e88                xTimerCreateTimerTask
 .text.xTimerGenericCommand
                0x10087ed8       0x6c .\CortexM4\ARM_GCC_541\Debug\timers.o
                0x10087ed8                xTimerGenericCommand
 .text.prvSwitchTimerLists
                0x10087f44       0x74 .\CortexM4\ARM_GCC_541\Debug\timers.o
 .text.prvSampleTimeNow
                0x10087fb8       0x2c .\CortexM4\ARM_GCC_541\Debug\timers.o
 .text.prvProcessExpiredTimer
                0x10087fe4       0x5c .\CortexM4\ARM_GCC_541\Debug\timers.o
 .text.prvProcessTimerOrBlockTask
                0x10088040       0x70 .\CortexM4\ARM_GCC_541\Debug\timers.o
 .text.prvProcessReceivedCommands
                0x100880b0       0xbc .\CortexM4\ARM_GCC_541\Debug\timers.o
 .text.prvTimerTask
                0x1008816c       0x18 .\CortexM4\ARM_GCC_541\Debug\timers.o
 .text.prvTaskExitError
                0x10088184       0x40 .\CortexM4\ARM_GCC_541\Debug\port.o
 .text.prvPortStartFirstTask
                0x100881c4       0x28 .\CortexM4\ARM_GCC_541\Debug\port.o
 .text.vPortEnableVFP
                0x100881ec       0x14 .\CortexM4\ARM_GCC_541\Debug\port.o
 .text.pxPortInitialiseStack
                0x10088200       0x2c .\CortexM4\ARM_GCC_541\Debug\port.o
                0x10088200                pxPortInitialiseStack
 *fill*         0x1008822c        0x4 
 .text.SVC_Handler
                0x10088230       0x24 .\CortexM4\ARM_GCC_541\Debug\port.o
                0x10088230                SVC_Handler
 .text.vPortEnterCritical
                0x10088254       0x44 .\CortexM4\ARM_GCC_541\Debug\port.o
                0x10088254                vPortEnterCritical
 .text.vPortExitCritical
                0x10088298       0x2c .\CortexM4\ARM_GCC_541\Debug\port.o
                0x10088298                vPortExitCritical
 *fill*         0x100882c4        0xc 
 .text.PendSV_Handler
                0x100882d0       0x64 .\CortexM4\ARM_GCC_541\Debug\port.o
                0x100882d0                PendSV_Handler
 .text.SysTick_Handler
                0x10088334       0x2c .\CortexM4\ARM_GCC_541\Debug\port.o
                0x10088334                SysTick_Handler
 .text.vPortSetupTimerInterrupt
                0x10088360       0x38 .\CortexM4\ARM_GCC_541\Debug\port.o
                0x10088360                vPortSetupTimerInterrupt
 .text.xPortStartScheduler
                0x10088398       0xc4 .\CortexM4\ARM_GCC_541\Debug\port.o
                0x10088398                xPortStartScheduler
 .text.vPortValidateInterruptPriority
                0x1008845c       0x58 .\CortexM4\ARM_GCC_541\Debug\port.o
                0x1008845c                vPortValidateInterruptPriority
 .text.vApplicationStackOverflowHook
                0x100884b4       0x24 .\CortexM4\ARM_GCC_541\Debug\port.o
                0x100884b4                vApplicationStackOverflowHook
 .text.pvPortMalloc
                0x100884d8       0x60 .\CortexM4\ARM_GCC_541\Debug\heap_1.o
                0x100884d8                pvPortMalloc
 .text.vPortFree
                0x10088538       0x18 .\CortexM4\ARM_GCC_541\Debug\heap_1.o
                0x10088538                vPortFree
 .text._write   0x10088550       0x24 .\CortexM4\ARM_GCC_541\Debug\retarget.o
                0x10088550                _write
 .text._read    0x10088574       0x2c .\CortexM4\ARM_GCC_541\Debug\retarget.o
                0x10088574                _read
 .text.CapSense_Initialize
                0x100885a0       0x24 .\CortexM4\ARM_GCC_541\Debug\CapSense_Control.o
                0x100885a0                CapSense_Initialize
 .text.CapSense_Start
                0x100885c4       0x34 .\CortexM4\ARM_GCC_541\Debug\CapSense_Control.o
                0x100885c4                CapSense_Start
 .text.CapSense_ProcessAllWidgets
                0x100885f8       0x74 .\CortexM4\ARM_GCC_541\Debug\CapSense_Control.o
                0x100885f8                CapSense_ProcessAllWidgets
 .text.CapSense_DpInitialize
                0x1008866c       0x84 .\CortexM4\ARM_GCC_541\Debug\CapSense_Processing.o
                0x1008866c                CapSense_DpInitialize
 .text.CapSense_DpUpdateThresholds
                0x100886f0       0x34 .\CortexM4\ARM_GCC_541\Debug\CapSense_Processing.o
                0x100886f0                CapSense_DpUpdateThresholds
 .text.CapSense_DpUpdateDifferences
                0x10088724       0x18 .\CortexM4\ARM_GCC_541\Debug\CapSense_Processing.o
                0x10088724                CapSense_DpUpdateDifferences
 .text.CapSense_DpProcessCsxWidgetRawCounts
                0x1008873c       0x38 .\CortexM4\ARM_GCC_541\Debug\CapSense_Processing.o
                0x1008873c                CapSense_DpProcessCsxWidgetRawCounts
 .text.CapSense_DpProcessCsdWidgetRawCounts
                0x10088774       0x54 .\CortexM4\ARM_GCC_541\Debug\CapSense_Processing.o
                0x10088774                CapSense_DpProcessCsdWidgetRawCounts
 .text.CapSense_DpProcessButton
                0x100887c8       0x64 .\CortexM4\ARM_GCC_541\Debug\CapSense_Processing.o
                0x100887c8                CapSense_DpProcessButton
 .text.CapSense_DpProcessCsxWidgetStatus
                0x1008882c       0x64 .\CortexM4\ARM_GCC_541\Debug\CapSense_Processing.o
                0x1008882c                CapSense_DpProcessCsxWidgetStatus
 .text.CapSense_DpProcessSlider
                0x10088890       0xcc .\CortexM4\ARM_GCC_541\Debug\CapSense_Processing.o
                0x10088890                CapSense_DpProcessSlider
 .text.CapSense_DpProcessCsdWidgetStatus
                0x1008895c       0x74 .\CortexM4\ARM_GCC_541\Debug\CapSense_Processing.o
                0x1008895c                CapSense_DpProcessCsdWidgetStatus
 .text.CapSense_DsInitialize
                0x100889d0       0x78 .\CortexM4\ARM_GCC_541\Debug\CapSense_Structure.o
                0x100889d0                CapSense_DsInitialize
 .text.CapSense_IsWidgetActive
                0x10088a48       0x28 .\CortexM4\ARM_GCC_541\Debug\CapSense_Structure.o
                0x10088a48                CapSense_IsWidgetActive
 .text.CapSense_TuInitialize
                0x10088a70       0x14 .\CortexM4\ARM_GCC_541\Debug\CapSense_Tuner.o
                0x10088a70                CapSense_TuInitialize
 .text.CapSense_FtInitializeBaselineChannel
                0x10088a84       0x20 .\CortexM4\ARM_GCC_541\Debug\CapSense_Filter.o
                0x10088a84                CapSense_FtInitializeBaselineChannel
 .text.CapSense_FtInitializeBaseline
                0x10088aa4       0x20 .\CortexM4\ARM_GCC_541\Debug\CapSense_Filter.o
                0x10088aa4                CapSense_FtInitializeBaseline
 .text.CapSense_InitializeSensorBaseline
                0x10088ac4       0x20 .\CortexM4\ARM_GCC_541\Debug\CapSense_Filter.o
                0x10088ac4                CapSense_InitializeSensorBaseline
 .text.CapSense_InitializeWidgetBaseline
                0x10088ae4       0x28 .\CortexM4\ARM_GCC_541\Debug\CapSense_Filter.o
                0x10088ae4                CapSense_InitializeWidgetBaseline
 .text.CapSense_InitializeAllBaselines
                0x10088b0c       0x18 .\CortexM4\ARM_GCC_541\Debug\CapSense_Filter.o
                0x10088b0c                CapSense_InitializeAllBaselines
 .text.CapSense_InitializeWidgetFilter
                0x10088b24       0x48 .\CortexM4\ARM_GCC_541\Debug\CapSense_Filter.o
                0x10088b24                CapSense_InitializeWidgetFilter
 .text.CapSense_InitializeAllFilters
                0x10088b6c       0x18 .\CortexM4\ARM_GCC_541\Debug\CapSense_Filter.o
                0x10088b6c                CapSense_InitializeAllFilters
 .text.CapSense_FtInitialize
                0x10088b84        0x8 .\CortexM4\ARM_GCC_541\Debug\CapSense_Filter.o
                0x10088b84                CapSense_FtInitialize
 .text.CapSense_FtIIR1stOrder
                0x10088b8c       0x14 .\CortexM4\ARM_GCC_541\Debug\CapSense_Filter.o
                0x10088b8c                CapSense_FtIIR1stOrder
 .text.CapSense_FtUpdateBaseline
                0x10088ba0       0xa0 .\CortexM4\ARM_GCC_541\Debug\CapSense_Filter.o
                0x10088ba0                CapSense_FtUpdateBaseline
 .text.CapSense_UpdateSensorBaseline
                0x10088c40       0x24 .\CortexM4\ARM_GCC_541\Debug\CapSense_Filter.o
                0x10088c40                CapSense_UpdateSensorBaseline
 .text.CapSense_UpdateWidgetBaseline
                0x10088c64       0x2c .\CortexM4\ARM_GCC_541\Debug\CapSense_Filter.o
                0x10088c64                CapSense_UpdateWidgetBaseline
 .text.CapSense_UpdateAllBaselines
                0x10088c90       0x1c .\CortexM4\ARM_GCC_541\Debug\CapSense_Filter.o
                0x10088c90                CapSense_UpdateAllBaselines
 .text.CapSense_SsCalcLfsrSize
                0x10088cac       0xb0 .\CortexM4\ARM_GCC_541\Debug\CapSense_Sensing.o
 .text.CapSense_SsCalcLfsrScale
                0x10088d5c       0x38 .\CortexM4\ARM_GCC_541\Debug\CapSense_Sensing.o
 .text.CapSense_SsDisableCSXMode
                0x10088d94        0x8 .\CortexM4\ARM_GCC_541\Debug\CapSense_Sensing.o
 .text.CapSense_SsCSDDisableMode
                0x10088d9c       0x38 .\CortexM4\ARM_GCC_541\Debug\CapSense_Sensing.o
 .text.CapSense_IsBusy
                0x10088dd4       0x10 .\CortexM4\ARM_GCC_541\Debug\CapSense_Sensing.o
                0x10088dd4                CapSense_IsBusy
 .text.CapSense_SetBusyFlags
                0x10088de4       0x18 .\CortexM4\ARM_GCC_541\Debug\CapSense_Sensing.o
                0x10088de4                CapSense_SetBusyFlags
 .text.CapSense_ClrBusyFlags
                0x10088dfc       0x18 .\CortexM4\ARM_GCC_541\Debug\CapSense_Sensing.o
                0x10088dfc                CapSense_ClrBusyFlags
 .text.CapSense_SetupWidget
                0x10088e14       0x64 .\CortexM4\ARM_GCC_541\Debug\CapSense_Sensing.o
                0x10088e14                CapSense_SetupWidget
 .text.CapSense_Scan
                0x10088e78       0x3c .\CortexM4\ARM_GCC_541\Debug\CapSense_Sensing.o
                0x10088e78                CapSense_Scan
 .text.CapSense_ScanAllWidgets
                0x10088eb4       0x54 .\CortexM4\ARM_GCC_541\Debug\CapSense_Sensing.o
                0x10088eb4                CapSense_ScanAllWidgets
 .text.CapSense_SsSwitchSensingMode
                0x10088f08       0x50 .\CortexM4\ARM_GCC_541\Debug\CapSense_Sensing.o
                0x10088f08                CapSense_SsSwitchSensingMode
 .text.CapSense_SsSetIOsInDefaultState
                0x10088f58       0x28 .\CortexM4\ARM_GCC_541\Debug\CapSense_Sensing.o
                0x10088f58                CapSense_SsSetIOsInDefaultState
 .text.CapSense_SsPostAllWidgetsScan
                0x10088f80       0x78 .\CortexM4\ARM_GCC_541\Debug\CapSense_Sensing.o
                0x10088f80                CapSense_SsPostAllWidgetsScan
 .text.CapSense_SsIsrInitialize
                0x10088ff8       0x58 .\CortexM4\ARM_GCC_541\Debug\CapSense_Sensing.o
                0x10088ff8                CapSense_SsIsrInitialize
 .text.CapSense_CalibrateWidget
                0x10089050       0x3c .\CortexM4\ARM_GCC_541\Debug\CapSense_Sensing.o
                0x10089050                CapSense_CalibrateWidget
 .text.CapSense_CalibrateAllWidgets
                0x1008908c       0x1c .\CortexM4\ARM_GCC_541\Debug\CapSense_Sensing.o
                0x1008908c                CapSense_CalibrateAllWidgets
 .text.CapSense_SsClearCSDSensors
                0x100890a8       0x44 .\CortexM4\ARM_GCC_541\Debug\CapSense_Sensing.o
                0x100890a8                CapSense_SsClearCSDSensors
 .text.CapSense_SsCSDGetColSnsClkDivider
                0x100890ec       0x14 .\CortexM4\ARM_GCC_541\Debug\CapSense_Sensing.o
                0x100890ec                CapSense_SsCSDGetColSnsClkDivider
 .text.CapSense_SsCSDSetColSnsClkDivider
                0x10089100       0x14 .\CortexM4\ARM_GCC_541\Debug\CapSense_Sensing.o
                0x10089100                CapSense_SsCSDSetColSnsClkDivider
 .text.CapSense_SsCSDCalcPrsSize
                0x10089114       0x24 .\CortexM4\ARM_GCC_541\Debug\CapSense_Sensing.o
                0x10089114                CapSense_SsCSDCalcPrsSize
 .text.CapSense_SsSetWidgetSenseClkSrc
                0x10089138       0x54 .\CortexM4\ARM_GCC_541\Debug\CapSense_Sensing.o
 .text.CapSense_SsAutoTune
                0x1008918c      0x18c .\CortexM4\ARM_GCC_541\Debug\CapSense_Sensing.o
                0x1008918c                CapSense_SsAutoTune
 .text.CapSense_SsInitializeSourceSenseClk
                0x10089318       0x64 .\CortexM4\ARM_GCC_541\Debug\CapSense_Sensing.o
                0x10089318                CapSense_SsInitializeSourceSenseClk
 .text.CapSense_SsInitialize
                0x1008937c       0x14 .\CortexM4\ARM_GCC_541\Debug\CapSense_Sensing.o
                0x1008937c                CapSense_SsInitialize
 .text.CapSense_BistDischargeExtCapacitors
                0x10089390       0xc0 .\CortexM4\ARM_GCC_541\Debug\CapSense_Sensing.o
                0x10089390                CapSense_BistDischargeExtCapacitors
 .text.CapSense_SsCSDPostScan
                0x10089450       0x54 .\CortexM4\ARM_GCC_541\Debug\CapSense_INT.o
 .text.CapSense_SsCSDInitNextScan
                0x100894a4       0xa0 .\CortexM4\ARM_GCC_541\Debug\CapSense_INT.o
 .text.CapSense_CSDPostSingleScan
                0x10089544       0x2c .\CortexM4\ARM_GCC_541\Debug\CapSense_INT.o
                0x10089544                CapSense_CSDPostSingleScan
 .text.CapSense_CSDPostMultiScan
                0x10089570       0x44 .\CortexM4\ARM_GCC_541\Debug\CapSense_INT.o
                0x10089570                CapSense_CSDPostMultiScan
 .text.CapSense_SsCSDSetModeSnsClockDivider
                0x100895b4       0x10 .\CortexM4\ARM_GCC_541\Debug\CapSense_SensingCSD_LL.o
 .text.CapSense_SsCSDSetFilterDelay
                0x100895c4       0x50 .\CortexM4\ARM_GCC_541\Debug\CapSense_SensingCSD_LL.o
 .text.CapSense_SsCSDConfigIDACs
                0x10089614       0x1c .\CortexM4\ARM_GCC_541\Debug\CapSense_SensingCSD_LL.o
 .text.CapSense_SsCSDSetSingleIdacMode
                0x10089630       0x28 .\CortexM4\ARM_GCC_541\Debug\CapSense_SensingCSD_LL.o
 .text.CapSense_SsCSDRestoreIdacMode
                0x10089658       0x2c .\CortexM4\ARM_GCC_541\Debug\CapSense_SensingCSD_LL.o
 .text.CapSense_SsCSDCalibrateCheck
                0x10089684       0x4c .\CortexM4\ARM_GCC_541\Debug\CapSense_SensingCSD_LL.o
 .text.CapSense_SsCSDCmodPrecharge
                0x100896d0       0x6c .\CortexM4\ARM_GCC_541\Debug\CapSense_SensingCSD_LL.o
 .text.CapSense_SsCSDTriggerScan
                0x1008973c       0x98 .\CortexM4\ARM_GCC_541\Debug\CapSense_SensingCSD_LL.o
 .text.CapSense_SsCSDInitialize
                0x100897d4      0x144 .\CortexM4\ARM_GCC_541\Debug\CapSense_SensingCSD_LL.o
                0x100897d4                CapSense_SsCSDInitialize
 .text.CapSense_SsCSDSetUpIdacs
                0x10089918       0x50 .\CortexM4\ARM_GCC_541\Debug\CapSense_SensingCSD_LL.o
                0x10089918                CapSense_SsCSDSetUpIdacs
 .text.CapSense_SsCSDGetNumberOfConversions
                0x10089968       0x30 .\CortexM4\ARM_GCC_541\Debug\CapSense_SensingCSD_LL.o
                0x10089968                CapSense_SsCSDGetNumberOfConversions
 .text.CapSense_SsCSDConfigClock
                0x10089998       0x3c .\CortexM4\ARM_GCC_541\Debug\CapSense_SensingCSD_LL.o
                0x10089998                CapSense_SsCSDConfigClock
 .text.CapSense_SsCSDCalculateScanDuration
                0x100899d4       0x18 .\CortexM4\ARM_GCC_541\Debug\CapSense_SensingCSD_LL.o
                0x100899d4                CapSense_SsCSDCalculateScanDuration
 .text.CapSense_SsCSDStartSample
                0x100899ec       0x44 .\CortexM4\ARM_GCC_541\Debug\CapSense_SensingCSD_LL.o
                0x100899ec                CapSense_SsCSDStartSample
 .text.CapSense_CSDScanExt
                0x10089a30       0x18 .\CortexM4\ARM_GCC_541\Debug\CapSense_SensingCSD_LL.o
                0x10089a30                CapSense_CSDScanExt
 .text.CapSense_CSDConnectSns
                0x10089a48       0xa0 .\CortexM4\ARM_GCC_541\Debug\CapSense_SensingCSD_LL.o
                0x10089a48                CapSense_CSDConnectSns
 .text.CapSense_CSDScan
                0x10089ae8       0x6c .\CortexM4\ARM_GCC_541\Debug\CapSense_SensingCSD_LL.o
                0x10089ae8                CapSense_CSDScan
 .text.CapSense_SsCSDConnectSensorExt
                0x10089b54       0x24 .\CortexM4\ARM_GCC_541\Debug\CapSense_SensingCSD_LL.o
                0x10089b54                CapSense_SsCSDConnectSensorExt
 .text.CapSense_CSDDisconnectSns
                0x10089b78       0xac .\CortexM4\ARM_GCC_541\Debug\CapSense_SensingCSD_LL.o
                0x10089b78                CapSense_CSDDisconnectSns
 .text.CapSense_SsCSDElectrodeCheck
                0x10089c24       0x24 .\CortexM4\ARM_GCC_541\Debug\CapSense_SensingCSD_LL.o
                0x10089c24                CapSense_SsCSDElectrodeCheck
 .text.CapSense_CSDSetupWidget
                0x10089c48       0x58 .\CortexM4\ARM_GCC_541\Debug\CapSense_SensingCSD_LL.o
                0x10089c48                CapSense_CSDSetupWidget
 .text.CapSense_CSDSetupWidgetExt
                0x10089ca0       0x64 .\CortexM4\ARM_GCC_541\Debug\CapSense_SensingCSD_LL.o
                0x10089ca0                CapSense_CSDSetupWidgetExt
 .text.CapSense_SsCSDCalibrateOneSensor
                0x10089d04       0xe8 .\CortexM4\ARM_GCC_541\Debug\CapSense_SensingCSD_LL.o
 .text.CapSense_CSDCalibrateWidget
                0x10089dec      0x114 .\CortexM4\ARM_GCC_541\Debug\CapSense_SensingCSD_LL.o
                0x10089dec                CapSense_CSDCalibrateWidget
 .text.CapSense_SsCalcCsxScanPeriod
                0x10089f00       0x10 .\CortexM4\ARM_GCC_541\Debug\CapSense_SensingCSX_LL.o
 .text.CapSense_CSXScanISR
                0x10089f10       0xd0 .\CortexM4\ARM_GCC_541\Debug\CapSense_SensingCSX_LL.o
                0x10089f10                CapSense_CSXScanISR
 .text.CapSense_SsCSXStartSample
                0x10089fe0      0x14c .\CortexM4\ARM_GCC_541\Debug\CapSense_SensingCSX_LL.o
 .text.CapSense_CSXInitialize
                0x1008a12c      0x160 .\CortexM4\ARM_GCC_541\Debug\CapSense_SensingCSX_LL.o
                0x1008a12c                CapSense_CSXInitialize
 .text.CapSense_CSXCalibrateWidget
                0x1008a28c       0xcc .\CortexM4\ARM_GCC_541\Debug\CapSense_SensingCSX_LL.o
                0x1008a28c                CapSense_CSXCalibrateWidget
 .text.CapSense_CSXConnectTx
                0x1008a358       0xa0 .\CortexM4\ARM_GCC_541\Debug\CapSense_SensingCSX_LL.o
                0x1008a358                CapSense_CSXConnectTx
 .text.CapSense_CSXConnectRx
                0x1008a3f8       0x9c .\CortexM4\ARM_GCC_541\Debug\CapSense_SensingCSX_LL.o
                0x1008a3f8                CapSense_CSXConnectRx
 .text.CapSense_CSXScan
                0x1008a494       0x60 .\CortexM4\ARM_GCC_541\Debug\CapSense_SensingCSX_LL.o
                0x1008a494                CapSense_CSXScan
 .text.CapSense_CSXDisconnectTx
                0x1008a4f4       0x64 .\CortexM4\ARM_GCC_541\Debug\CapSense_SensingCSX_LL.o
                0x1008a4f4                CapSense_CSXDisconnectTx
 .text.CapSense_CSXDisconnectRx
                0x1008a558       0xac .\CortexM4\ARM_GCC_541\Debug\CapSense_SensingCSX_LL.o
                0x1008a558                CapSense_CSXDisconnectRx
 .text.CapSense_SsCSXPostMultiScan
                0x1008a604       0xd0 .\CortexM4\ARM_GCC_541\Debug\CapSense_SensingCSX_LL.o
 .text.CapSense_CSXElectrodeCheck
                0x1008a6d4       0x24 .\CortexM4\ARM_GCC_541\Debug\CapSense_SensingCSX_LL.o
                0x1008a6d4                CapSense_CSXElectrodeCheck
 .text.CapSense_CSXSetupWidget
                0x1008a6f8       0x8c .\CortexM4\ARM_GCC_541\Debug\CapSense_SensingCSX_LL.o
                0x1008a6f8                CapSense_CSXSetupWidget
 .text.CapSense_SsCSXGetTxClkDivider
                0x1008a784       0x14 .\CortexM4\ARM_GCC_541\Debug\CapSense_SensingCSX_LL.o
                0x1008a784                CapSense_SsCSXGetTxClkDivider
 .text.CapSense_DpFindLocalMaxSd
                0x1008a798       0xd8 .\CortexM4\ARM_GCC_541\Debug\CapSense_Centroid_LL.o
                0x1008a798                CapSense_DpFindLocalMaxSd
 .text.CapSense_DpCalcLinearCentroid
                0x1008a870       0x84 .\CortexM4\ARM_GCC_541\Debug\CapSense_Centroid_LL.o
                0x1008a870                CapSense_DpCalcLinearCentroid
 .text.I2C_BMI_Interrupt
                0x1008a8f4       0x14 .\CortexM4\ARM_GCC_541\Debug\I2C_BMI.o
 .text.I2C_BMI_Start
                0x1008a908       0x78 .\CortexM4\ARM_GCC_541\Debug\I2C_BMI.o
                0x1008a908                I2C_BMI_Start
 .text.I2C_MAX_Interrupt
                0x1008a980       0x14 .\CortexM4\ARM_GCC_541\Debug\I2C_MAX.o
 .text.I2C_MAX_Start
                0x1008a994       0x78 .\CortexM4\ARM_GCC_541\Debug\I2C_MAX.o
                0x1008a994                I2C_MAX_Start
 .text.UART_1_Interrupt
                0x1008aa0c       0x14 .\CortexM4\ARM_GCC_541\Debug\UART_1.o
 .text.UART_1_Start
                0x1008aa20       0x64 .\CortexM4\ARM_GCC_541\Debug\UART_1.o
                0x1008aa20                UART_1_Start
 .text.SmartSense_TunePrescalers
                0x1008aa84       0x4c C:\Program Files (x86)\Cypress\PSoC Creator\4.4\PSoC Creator\psoc\content\CyComponentLibrary\CyComponentLibrary.cylib\CapSense_v3_0\Library\CapSense_Library_GCC_M4.a(CapSense_SmartSense_LL.o)
                0x1008aa84                SmartSense_TunePrescalers
 .text.SmartSense_TuneSensitivity
                0x1008aad0       0x64 C:\Program Files (x86)\Cypress\PSoC Creator\4.4\PSoC Creator\psoc\content\CyComponentLibrary\CyComponentLibrary.cylib\CapSense_v3_0\Library\CapSense_Library_GCC_M4.a(CapSense_SmartSense_LL.o)
                0x1008aad0                SmartSense_TuneSensitivity
 .text.SmartSense_UpdateThresholds
                0x1008ab34       0x38 C:\Program Files (x86)\Cypress\PSoC Creator\4.4\PSoC Creator\psoc\content\CyComponentLibrary\CyComponentLibrary.cylib\CapSense_v3_0\Library\CapSense_Library_GCC_M4.a(CapSense_SmartSense_SL.o)
                0x1008ab34                SmartSense_UpdateThresholds
 .text.SmartSense_InitializeNoiseEnvelope
                0x1008ab6c       0x18 C:\Program Files (x86)\Cypress\PSoC Creator\4.4\PSoC Creator\psoc\content\CyComponentLibrary\CyComponentLibrary.cylib\CapSense_v3_0\Library\CapSense_Library_GCC_M4.a(CapSense_SmartSense_SL.o)
                0x1008ab6c                SmartSense_InitializeNoiseEnvelope
 .text.SmartSense_RunNoiseEnvelope
                0x1008ab84       0x8a C:\Program Files (x86)\Cypress\PSoC Creator\4.4\PSoC Creator\psoc\content\CyComponentLibrary\CyComponentLibrary.cylib\CapSense_v3_0\Library\CapSense_Library_GCC_M4.a(CapSense_SmartSense_SL.o)
                0x1008ab84                SmartSense_RunNoiseEnvelope
 *fill*         0x1008ac0e        0x2 
 .text.pow      0x1008ac10      0x308 c:/program files (x86)/cypress/psoc creator/4.4/psoc creator/import/gnu/arm/5.4.1/bin/../lib/gcc/arm-none-eabi/5.4.1/../../../../arm-none-eabi/lib/armv7e-m/softfp\libm.a(lib_a-w_pow.o)
                0x1008ac10                pow
 .text.__ieee754_pow
                0x1008af18      0xab0 c:/program files (x86)/cypress/psoc creator/4.4/psoc creator/import/gnu/arm/5.4.1/bin/../lib/gcc/arm-none-eabi/5.4.1/../../../../arm-none-eabi/lib/armv7e-m/softfp\libm.a(lib_a-e_pow.o)
                0x1008af18                __ieee754_pow
 .text.__ieee754_sqrt
                0x1008b9c8      0x184 c:/program files (x86)/cypress/psoc creator/4.4/psoc creator/import/gnu/arm/5.4.1/bin/../lib/gcc/arm-none-eabi/5.4.1/../../../../arm-none-eabi/lib/armv7e-m/softfp\libm.a(lib_a-e_sqrt.o)
                0x1008b9c8                __ieee754_sqrt
 .text.fabs     0x1008bb4c        0x8 c:/program files (x86)/cypress/psoc creator/4.4/psoc creator/import/gnu/arm/5.4.1/bin/../lib/gcc/arm-none-eabi/5.4.1/../../../../arm-none-eabi/lib/armv7e-m/softfp\libm.a(lib_a-s_fabs.o)
                0x1008bb4c                fabs
 .text.finite   0x1008bb54        0xc c:/program files (x86)/cypress/psoc creator/4.4/psoc creator/import/gnu/arm/5.4.1/bin/../lib/gcc/arm-none-eabi/5.4.1/../../../../arm-none-eabi/lib/armv7e-m/softfp\libm.a(lib_a-s_finite.o)
                0x1008bb54                finite
 .text.matherr  0x1008bb60        0x4 c:/program files (x86)/cypress/psoc creator/4.4/psoc creator/import/gnu/arm/5.4.1/bin/../lib/gcc/arm-none-eabi/5.4.1/../../../../arm-none-eabi/lib/armv7e-m/softfp\libm.a(lib_a-s_matherr.o)
                0x1008bb60                matherr
 .text.nan      0x1008bb64        0xc c:/program files (x86)/cypress/psoc creator/4.4/psoc creator/import/gnu/arm/5.4.1/bin/../lib/gcc/arm-none-eabi/5.4.1/../../../../arm-none-eabi/lib/armv7e-m/softfp\libm.a(lib_a-s_nan.o)
                0x1008bb64                nan
 .text.rint     0x1008bb70      0x118 c:/program files (x86)/cypress/psoc creator/4.4/psoc creator/import/gnu/arm/5.4.1/bin/../lib/gcc/arm-none-eabi/5.4.1/../../../../arm-none-eabi/lib/armv7e-m/softfp\libm.a(lib_a-s_rint.o)
                0x1008bb70                rint
 .text.scalbn   0x1008bc88       0xfc c:/program files (x86)/cypress/psoc creator/4.4/psoc creator/import/gnu/arm/5.4.1/bin/../lib/gcc/arm-none-eabi/5.4.1/../../../../arm-none-eabi/lib/armv7e-m/softfp\libm.a(lib_a-s_scalbn.o)
                0x1008bc88                scalbn
 .text.copysign
                0x1008bd84       0x10 c:/program files (x86)/cypress/psoc creator/4.4/psoc creator/import/gnu/arm/5.4.1/bin/../lib/gcc/arm-none-eabi/5.4.1/../../../../arm-none-eabi/lib/armv7e-m/softfp\libm.a(lib_a-s_copysign.o)
                0x1008bd84                copysign
 .text.arm_min_f32
                0x1008bd94      0x130 .\CMSIS\Lib\GCC\libarm_cortexM4l_math.a(arm_min_f32.o)
                0x1008bd94                arm_min_f32
 .text.arm_mean_f32
                0x1008bec4       0x78 .\CMSIS\Lib\GCC\libarm_cortexM4l_math.a(arm_mean_f32.o)
                0x1008bec4                arm_mean_f32
 .text.arm_max_f32
                0x1008bf3c      0x130 .\CMSIS\Lib\GCC\libarm_cortexM4l_math.a(arm_max_f32.o)
                0x1008bf3c                arm_max_f32
 .text.arm_fir_init_f32
                0x1008c06c       0x24 .\CMSIS\Lib\GCC\libarm_cortexM4l_math.a(arm_fir_init_f32.o)
                0x1008c06c                arm_fir_init_f32
 .text.arm_fir_f32
                0x1008c090      0x81c .\CMSIS\Lib\GCC\libarm_cortexM4l_math.a(arm_fir_f32.o)
                0x1008c090                arm_fir_f32
 .text._PushFreeBlock
                0x1008c8ac       0x20 Generated_Source\PSoC6\pdl\middleware\emWin\libs\GCC\libemWin_osnts_gcc.a(GUI_Alloc.o)
 .text._RemoveFreeBlock
                0x1008c8cc       0x44 Generated_Source\PSoC6\pdl\middleware\emWin\libs\GCC\libemWin_osnts_gcc.a(GUI_Alloc.o)
 .text._AddFreeMemory
                0x1008c910       0xa8 Generated_Source\PSoC6\pdl\middleware\emWin\libs\GCC\libemWin_osnts_gcc.a(GUI_Alloc.o)
 .text._RemoveHoles
                0x1008c9b8       0x94 Generated_Source\PSoC6\pdl\middleware\emWin\libs\GCC\libemWin_osnts_gcc.a(GUI_Alloc.o)
 .text.GUI_ALLOC_FreeFixedBlock
                0x1008ca4c       0x18 Generated_Source\PSoC6\pdl\middleware\emWin\libs\GCC\libemWin_osnts_gcc.a(GUI_Alloc.o)
                0x1008ca4c                GUI_ALLOC_FreeFixedBlock
 .text.GUI_ALLOC_h2p
                0x1008ca64       0x14 Generated_Source\PSoC6\pdl\middleware\emWin\libs\GCC\libemWin_osnts_gcc.a(GUI_Alloc.o)
                0x1008ca64                GUI_ALLOC_h2p
 .text.GUI_ALLOC_LockH
                0x1008ca78       0x20 Generated_Source\PSoC6\pdl\middleware\emWin\libs\GCC\libemWin_osnts_gcc.a(GUI_Alloc.o)
                0x1008ca78                GUI_ALLOC_LockH
 .text.GUI_ALLOC_UnlockH
                0x1008ca98       0x30 Generated_Source\PSoC6\pdl\middleware\emWin\libs\GCC\libemWin_osnts_gcc.a(GUI_Alloc.o)
                0x1008ca98                GUI_ALLOC_UnlockH
 .text.GUI_ALLOC_AssignMemory
                0x1008cac8       0x10 Generated_Source\PSoC6\pdl\middleware\emWin\libs\GCC\libemWin_osnts_gcc.a(GUI_Alloc.o)
                0x1008cac8                GUI_ALLOC_AssignMemory
 .text.GUI_ALLOC_Free
                0x1008cad8       0x2c Generated_Source\PSoC6\pdl\middleware\emWin\libs\GCC\libemWin_osnts_gcc.a(GUI_Alloc.o)
                0x1008cad8                GUI_ALLOC_Free
 .text._EnlargeBlocks
                0x1008cb04       0x98 Generated_Source\PSoC6\pdl\middleware\emWin\libs\GCC\libemWin_osnts_gcc.a(GUI_Alloc.o)
 .text._InitOnce
                0x1008cb9c       0x6c Generated_Source\PSoC6\pdl\middleware\emWin\libs\GCC\libemWin_osnts_gcc.a(GUI_Alloc.o)
 .text.GUI_ALLOC_GetFixedBlock
                0x1008cc08       0xb8 Generated_Source\PSoC6\pdl\middleware\emWin\libs\GCC\libemWin_osnts_gcc.a(GUI_Alloc.o)
                0x1008cc08                GUI_ALLOC_GetFixedBlock
 .text._Alloc   0x1008ccc0      0x100 Generated_Source\PSoC6\pdl\middleware\emWin\libs\GCC\libemWin_osnts_gcc.a(GUI_Alloc.o)
 .text.GUI_ALLOC_AllocNoInit
                0x1008cdc0       0x1e Generated_Source\PSoC6\pdl\middleware\emWin\libs\GCC\libemWin_osnts_gcc.a(GUI_Alloc.o)
                0x1008cdc0                GUI_ALLOC_AllocNoInit
 *fill*         0x1008cdde        0x2 
 .text.GUI_ALLOC_AllocZero
                0x1008cde0       0x34 Generated_Source\PSoC6\pdl\middleware\emWin\libs\GCC\libemWin_osnts_gcc.a(GUI_Alloc.o)
                0x1008cde0                GUI_ALLOC_AllocZero
 .text.GUIMONO_DispChar
                0x1008ce14      0x14c Generated_Source\PSoC6\pdl\middleware\emWin\libs\GCC\libemWin_osnts_gcc.a(GUI_CharM.o)
                0x1008ce14                GUIMONO_DispChar
 .text.GUIMONO_GetCharDistX
                0x1008cf60       0x18 Generated_Source\PSoC6\pdl\middleware\emWin\libs\GCC\libemWin_osnts_gcc.a(GUI_CharM.o)
                0x1008cf60                GUIMONO_GetCharDistX
 .text.GUIMONO_GetFontInfo
                0x1008cf78        0x6 Generated_Source\PSoC6\pdl\middleware\emWin\libs\GCC\libemWin_osnts_gcc.a(GUI_CharM.o)
                0x1008cf78                GUIMONO_GetFontInfo
 .text.GUIMONO_IsInFont
                0x1008cf7e       0x36 Generated_Source\PSoC6\pdl\middleware\emWin\libs\GCC\libemWin_osnts_gcc.a(GUI_CharM.o)
                0x1008cf7e                GUIMONO_IsInFont
 .text.GUIPROP__FindChar
                0x1008cfb4       0x16 Generated_Source\PSoC6\pdl\middleware\emWin\libs\GCC\libemWin_osnts_gcc.a(GUI_CharP.o)
                0x1008cfb4                GUIPROP__FindChar
 *fill*         0x1008cfca        0x2 
 .text.GUIPROP_DispChar
                0x1008cfcc       0xd4 Generated_Source\PSoC6\pdl\middleware\emWin\libs\GCC\libemWin_osnts_gcc.a(GUI_CharP.o)
                0x1008cfcc                GUIPROP_DispChar
 .text.GUIPROP_GetCharDistX
                0x1008d0a0       0x38 Generated_Source\PSoC6\pdl\middleware\emWin\libs\GCC\libemWin_osnts_gcc.a(GUI_CharP.o)
                0x1008d0a0                GUIPROP_GetCharDistX
 .text.GUIPROP_GetFontInfo
                0x1008d0d8        0x6 Generated_Source\PSoC6\pdl\middleware\emWin\libs\GCC\libemWin_osnts_gcc.a(GUI_CharP.o)
                0x1008d0d8                GUIPROP_GetFontInfo
 .text.GUIPROP_IsInFont
                0x1008d0de       0x10 Generated_Source\PSoC6\pdl\middleware\emWin\libs\GCC\libemWin_osnts_gcc.a(GUI_CharP.o)
                0x1008d0de                GUIPROP_IsInFont
 .text.GUI_CalcColorDist
                0x1008d0ee       0x54 Generated_Source\PSoC6\pdl\middleware\emWin\libs\GCC\libemWin_osnts_gcc.a(GUI_Common.o)
                0x1008d0ee                GUI_CalcColorDist
 .text.GUI_GetBkColor
                0x1008d142       0x18 Generated_Source\PSoC6\pdl\middleware\emWin\libs\GCC\libemWin_osnts_gcc.a(GUI_Common.o)
                0x1008d142                GUI_GetBkColor
 .text.GUI_GetColor
                0x1008d15a       0x18 Generated_Source\PSoC6\pdl\middleware\emWin\libs\GCC\libemWin_osnts_gcc.a(GUI_Common.o)
                0x1008d15a                GUI_GetColor
 .text.GUI_MergeRect
                0x1008d172       0x62 Generated_Source\PSoC6\pdl\middleware\emWin\libs\GCC\libemWin_osnts_gcc.a(GUI_Common.o)
                0x1008d172                GUI_MergeRect
 .text.GUI_MoveRect
                0x1008d1d4       0x22 Generated_Source\PSoC6\pdl\middleware\emWin\libs\GCC\libemWin_osnts_gcc.a(GUI_Common.o)
                0x1008d1d4                GUI_MoveRect
 *fill*         0x1008d1f6        0x2 
 .text.GUI_GotoXY
                0x1008d1f8       0x20 Generated_Source\PSoC6\pdl\middleware\emWin\libs\GCC\libemWin_osnts_gcc.a(GUI_Common.o)
                0x1008d1f8                GUI_GotoXY
 .text.GUI_SetPenSize
                0x1008d218       0x1c Generated_Source\PSoC6\pdl\middleware\emWin\libs\GCC\libemWin_osnts_gcc.a(GUI_Common.o)
                0x1008d218                GUI_SetPenSize
 .text.GUI_RectsIntersect
                0x1008d234       0x3c Generated_Source\PSoC6\pdl\middleware\emWin\libs\GCC\libemWin_osnts_gcc.a(GUI_Common.o)
                0x1008d234                GUI_RectsIntersect
 .text.GUI_SelectLCD
                0x1008d270       0x18 Generated_Source\PSoC6\pdl\middleware\emWin\libs\GCC\libemWin_osnts_gcc.a(GUI_Common.o)
                0x1008d270                GUI_SelectLCD
 .text.GUI_SetBkColor
                0x1008d288       0x14 Generated_Source\PSoC6\pdl\middleware\emWin\libs\GCC\libemWin_osnts_gcc.a(GUI_Common.o)
                0x1008d288                GUI_SetBkColor
 .text.GUI_SetColor
                0x1008d29c       0x14 Generated_Source\PSoC6\pdl\middleware\emWin\libs\GCC\libemWin_osnts_gcc.a(GUI_Common.o)
                0x1008d29c                GUI_SetColor
 .text.GUI_SetFont