Archive member included to satisfy reference by file (symbol)

C:\Program Files (x86)\Cypress\PSoC Creator\4.4\PSoC Creator\psoc\content\CyComponentLibrary\CyComponentLibrary.cylib\CapSense_v3_0\Library\CapSense_Library_GCC_M4.a(CapSense_SmartSense_LL.o)
                              .\CortexM4\ARM_GCC_541\Debug\CapSense_Sensing.o (SmartSense_TunePrescalers)
C:\Program Files (x86)\Cypress\PSoC Creator\4.4\PSoC Creator\psoc\content\CyComponentLibrary\CyComponentLibrary.cylib\CapSense_v3_0\Library\CapSense_Library_GCC_M4.a(CapSense_SmartSense_SL.o)
                              .\CortexM4\ARM_GCC_541\Debug\CapSense_Processing.o (SmartSense_UpdateThresholds)
c:/program files (x86)/cypress/psoc creator/4.4/psoc creator/import/gnu/arm/5.4.1/bin/../lib/gcc/arm-none-eabi/5.4.1/../../../../arm-none-eabi/lib/armv7e-m/softfp\libm.a(lib_a-s_floor.o)
                              .\CortexM4\ARM_GCC_541\Debug\cy_sysclk.o (floor)
c:/program files (x86)/cypress/psoc creator/4.4/psoc creator/import/gnu/arm/5.4.1/bin/../lib/gcc/arm-none-eabi/5.4.1/../../../../arm-none-eabi/lib/armv7e-m/softfp\libm.a(lib_a-sf_ceil.o)
                              .\CortexM4\ARM_GCC_541\Debug\cy_sysclk.o (ceilf)
c:/program files (x86)/cypress/psoc creator/4.4/psoc creator/import/gnu/arm/5.4.1/bin/../lib/gcc/arm-none-eabi/5.4.1/../../../../arm-none-eabi/lib/armv7e-m/softfp\libm.a(lib_a-w_log.o)
                              .\CortexM4\ARM_GCC_541\Debug\cy_sysclk.o (log)
c:/program files (x86)/cypress/psoc creator/4.4/psoc creator/import/gnu/arm/5.4.1/bin/../lib/gcc/arm-none-eabi/5.4.1/../../../../arm-none-eabi/lib/armv7e-m/softfp\libm.a(lib_a-w_pow.o)
                              .\CortexM4\ARM_GCC_541\Debug\algorithme.o (pow)
c:/program files (x86)/cypress/psoc creator/4.4/psoc creator/import/gnu/arm/5.4.1/bin/../lib/gcc/arm-none-eabi/5.4.1/../../../../arm-none-eabi/lib/armv7e-m/softfp\libm.a(lib_a-e_log.o)
                              c:/program files (x86)/cypress/psoc creator/4.4/psoc creator/import/gnu/arm/5.4.1/bin/../lib/gcc/arm-none-eabi/5.4.1/../../../../arm-none-eabi/lib/armv7e-m/softfp\libm.a(lib_a-w_log.o) (__ieee754_log)
c:/program files (x86)/cypress/psoc creator/4.4/psoc creator/import/gnu/arm/5.4.1/bin/../lib/gcc/arm-none-eabi/5.4.1/../../../../arm-none-eabi/lib/armv7e-m/softfp\libm.a(lib_a-e_pow.o)
                              c:/program files (x86)/cypress/psoc creator/4.4/psoc creator/import/gnu/arm/5.4.1/bin/../lib/gcc/arm-none-eabi/5.4.1/../../../../arm-none-eabi/lib/armv7e-m/softfp\libm.a(lib_a-w_pow.o) (__ieee754_pow)
c:/program files (x86)/cypress/psoc creator/4.4/psoc creator/import/gnu/arm/5.4.1/bin/../lib/gcc/arm-none-eabi/5.4.1/../../../../arm-none-eabi/lib/armv7e-m/softfp\libm.a(lib_a-e_sqrt.o)
                              c:/program files (x86)/cypress/psoc creator/4.4/psoc creator/import/gnu/arm/5.4.1/bin/../lib/gcc/arm-none-eabi/5.4.1/../../../../arm-none-eabi/lib/armv7e-m/softfp\libm.a(lib_a-e_pow.o) (__ieee754_sqrt)
c:/program files (x86)/cypress/psoc creator/4.4/psoc creator/import/gnu/arm/5.4.1/bin/../lib/gcc/arm-none-eabi/5.4.1/../../../../arm-none-eabi/lib/armv7e-m/softfp\libm.a(lib_a-s_fabs.o)
                              c:/program files (x86)/cypress/psoc creator/4.4/psoc creator/import/gnu/arm/5.4.1/bin/../lib/gcc/arm-none-eabi/5.4.1/../../../../arm-none-eabi/lib/armv7e-m/softfp\libm.a(lib_a-e_pow.o) (fabs)
c:/program files (x86)/cypress/psoc creator/4.4/psoc creator/import/gnu/arm/5.4.1/bin/../lib/gcc/arm-none-eabi/5.4.1/../../../../arm-none-eabi/lib/armv7e-m/softfp\libm.a(lib_a-s_finite.o)
                              c:/program files (x86)/cypress/psoc creator/4.4/psoc creator/import/gnu/arm/5.4.1/bin/../lib/gcc/arm-none-eabi/5.4.1/../../../../arm-none-eabi/lib/armv7e-m/softfp\libm.a(lib_a-w_pow.o) (finite)
c:/program files (x86)/cypress/psoc creator/4.4/psoc creator/import/gnu/arm/5.4.1/bin/../lib/gcc/arm-none-eabi/5.4.1/../../../../arm-none-eabi/lib/armv7e-m/softfp\libm.a(lib_a-s_lib_ver.o)
                              c:/program files (x86)/cypress/psoc creator/4.4/psoc creator/import/gnu/arm/5.4.1/bin/../lib/gcc/arm-none-eabi/5.4.1/../../../../arm-none-eabi/lib/armv7e-m/softfp\libm.a(lib_a-w_log.o) (__fdlib_version)
c:/program files (x86)/cypress/psoc creator/4.4/psoc creator/import/gnu/arm/5.4.1/bin/../lib/gcc/arm-none-eabi/5.4.1/../../../../arm-none-eabi/lib/armv7e-m/softfp\libm.a(lib_a-s_matherr.o)
                              c:/program files (x86)/cypress/psoc creator/4.4/psoc creator/import/gnu/arm/5.4.1/bin/../lib/gcc/arm-none-eabi/5.4.1/../../../../arm-none-eabi/lib/armv7e-m/softfp\libm.a(lib_a-w_log.o) (matherr)
c:/program files (x86)/cypress/psoc creator/4.4/psoc creator/import/gnu/arm/5.4.1/bin/../lib/gcc/arm-none-eabi/5.4.1/../../../../arm-none-eabi/lib/armv7e-m/softfp\libm.a(lib_a-s_nan.o)
[...]
Memory Configuration

Name             Origin             Length             Attributes
ram              0x08024000         0x00023800         xrw
flash            0x10080000         0x00080000         xr
em_eeprom        0x14000000         0x00008000         xr
sflash_user_data 0x16000800         0x00000800         xr
sflash_nar       0x16001a00         0x00000200         xr
sflash_public_key 0x16005a00         0x00000c00         xr
sflash_toc_2     0x16007c00         0x00000200         xr
sflash_rtoc_2    0x16007e00         0x00000200         xr
xip              0x18000000         0x08000000         xr
efuse            0x90700000         0x00100000         r
*default*        0x00000000         0xffffffff

Linker script and memory map

LOAD c:/program files (x86)/cypress/psoc creator/4.4/psoc creator/import/gnu/arm/5.4.1/bin/../lib/gcc/arm-none-eabi/5.4.1/armv7e-m/softfp/crti.o
LOAD c:/program files (x86)/cypress/psoc creator/4.4/psoc creator/import/gnu/arm/5.4.1/bin/../lib/gcc/arm-none-eabi/5.4.1/armv7e-m/softfp/crtbegin.o
LOAD c:/program files (x86)/cypress/psoc creator/4.4/psoc creator/import/gnu/arm/5.4.1/bin/../lib/gcc/arm-none-eabi/5.4.1/../../../../arm-none-eabi/lib/armv7e-m/softfp/crt0.o
START GROUP
LOAD Generated_Source\PSoC6\pdl\middleware\emWin\libs\GCC\libemWin_osnts_gcc.a
LOAD .\CortexM4\ARM_GCC_541\Debug\startup_psoc6_01_cm4.o
LOAD .\CortexM4\ARM_GCC_541\Debug\main_cm4.o
LOAD .\CortexM4\ARM_GCC_541\Debug\system_psoc6_cm4.o
LOAD .\CortexM4\ARM_GCC_541\Debug\algorithme.o
LOAD .\CortexM4\ARM_GCC_541\Debug\bmi160_task.o
LOAD .\CortexM4\ARM_GCC_541\Debug\display_task.o
LOAD .\CortexM4\ARM_GCC_541\Debug\MAX30102.o
LOAD .\CortexM4\ARM_GCC_541\Debug\stdio_user.o
LOAD .\CortexM4\ARM_GCC_541\Debug\touch_task.o
LOAD .\CortexM4\ARM_GCC_541\Debug\bmi160.o
LOAD .\CortexM4\ARM_GCC_541\Debug\oxy_task.o
LOAD .\CortexM4\ARM_GCC_541\Debug\Cypress Logo Full Color_PNG_1bpp.o
LOAD .\CortexM4\ARM_GCC_541\Debug\cy_eink_library.o
LOAD .\CortexM4\ARM_GCC_541\Debug\cy_eink_psoc_interface.o
LOAD .\CortexM4\ARM_GCC_541\Debug\pervasive_eink_hardware_driver.o
LOAD .\CortexM4\ARM_GCC_541\Debug\LCDConf.o
LOAD .\CortexM4\ARM_GCC_541\Debug\GUIConf.o
LOAD .\CortexM4\ARM_GCC_541\Debug\GUI_X_RTOS.o
LOAD .\CortexM4\ARM_GCC_541\Debug\cyfitter_sysint_cfg.o
LOAD .\CortexM4\ARM_GCC_541\Debug\cymetadata.o
LOAD .\CortexM4\ARM_GCC_541\Debug\CY_EINK_SPIM.o
LOAD .\CortexM4\ARM_GCC_541\Debug\CY_EINK_Timer.o
LOAD .\CortexM4\ARM_GCC_541\Debug\cy_efuse.o
LOAD .\CortexM4\ARM_GCC_541\Debug\cy_flash.o
LOAD .\CortexM4\ARM_GCC_541\Debug\cy_gpio.o
LOAD .\CortexM4\ARM_GCC_541\Debug\cy_ipc_drv.o
LOAD .\CortexM4\ARM_GCC_541\Debug\cy_ipc_sema.o
LOAD .\CortexM4\ARM_GCC_541\Debug\cy_ipc_pipe.o
LOAD .\CortexM4\ARM_GCC_541\Debug\cy_lvd.o
LOAD .\CortexM4\ARM_GCC_541\Debug\cy_profile.o
LOAD .\CortexM4\ARM_GCC_541\Debug\cy_prot.o
LOAD .\CortexM4\ARM_GCC_541\Debug\cy_scb_common.o
LOAD .\CortexM4\ARM_GCC_541\Debug\cy_scb_i2c.o
LOAD .\CortexM4\ARM_GCC_541\Debug\cy_scb_ezi2c.o
LOAD .\CortexM4\ARM_GCC_541\Debug\cy_scb_spi.o
LOAD .\CortexM4\ARM_GCC_541\Debug\cy_scb_uart.o
LOAD .\CortexM4\ARM_GCC_541\Debug\cy_sysanalog.o
LOAD .\CortexM4\ARM_GCC_541\Debug\cy_sysclk.o
LOAD .\CortexM4\ARM_GCC_541\Debug\cy_sysint.o
LOAD .\CortexM4\ARM_GCC_541\Debug\cy_syslib.o
LOAD .\CortexM4\ARM_GCC_541\Debug\cy_syslib_gcc.o
LOAD .\CortexM4\ARM_GCC_541\Debug\cy_syspm.o
LOAD .\CortexM4\ARM_GCC_541\Debug\cy_systick.o
LOAD .\CortexM4\ARM_GCC_541\Debug\cy_tcpwm_counter.o
LOAD .\CortexM4\ARM_GCC_541\Debug\cy_tcpwm_pwm.o
LOAD .\CortexM4\ARM_GCC_541\Debug\cy_tcpwm_quaddec.o
LOAD .\CortexM4\ARM_GCC_541\Debug\cy_trigmux.o
LOAD .\CortexM4\ARM_GCC_541\Debug\cy_wdt.o
LOAD .\CortexM4\ARM_GCC_541\Debug\cy_device.o
LOAD .\CortexM4\ARM_GCC_541\Debug\cy_ble_clk.o
LOAD .\CortexM4\ARM_GCC_541\Debug\croutine.o
LOAD .\CortexM4\ARM_GCC_541\Debug\event_groups.o
LOAD .\CortexM4\ARM_GCC_541\Debug\list.o
LOAD .\CortexM4\ARM_GCC_541\Debug\queue.o
LOAD .\CortexM4\ARM_GCC_541\Debug\tasks.o
LOAD .\CortexM4\ARM_GCC_541\Debug\timers.o
LOAD .\CortexM4\ARM_GCC_541\Debug\stream_buffer.o
LOAD .\CortexM4\ARM_GCC_541\Debug\port.o
LOAD .\CortexM4\ARM_GCC_541\Debug\heap_1.o
LOAD .\CortexM4\ARM_GCC_541\Debug\retarget.o
LOAD .\CortexM4\ARM_GCC_541\Debug\CapSense_Control.o
LOAD .\CortexM4\ARM_GCC_541\Debug\CapSense_Processing.o
LOAD .\CortexM4\ARM_GCC_541\Debug\CapSense_Structure.o
LOAD .\CortexM4\ARM_GCC_541\Debug\CapSense_Tuner.o
LOAD .\CortexM4\ARM_GCC_541\Debug\CapSense_Filter.o
LOAD .\CortexM4\ARM_GCC_541\Debug\CapSense_Sensing.o
LOAD .\CortexM4\ARM_GCC_541\Debug\CapSense_INT.o
LOAD .\CortexM4\ARM_GCC_541\Debug\CapSense_SensingCSD_LL.o
LOAD .\CortexM4\ARM_GCC_541\Debug\CapSense_SensingCSX_LL.o
LOAD .\CortexM4\ARM_GCC_541\Debug\CapSense_Centroid_LL.o
LOAD .\CortexM4\ARM_GCC_541\Debug\I2C_BMI.o
LOAD .\CortexM4\ARM_GCC_541\Debug\I2C_MAX.o
LOAD .\CortexM4\ARM_GCC_541\Debug\UART_1.o
LOAD C:\Program Files (x86)\Cypress\PSoC Creator\4.4\PSoC Creator\psoc\content\CyComponentLibrary\CyComponentLibrary.cylib\CapSense_v3_0\Library\CapSense_Library_GCC_M4.a
LOAD c:/program files (x86)/cypress/psoc creator/4.4/psoc creator/import/gnu/arm/5.4.1/bin/../lib/gcc/arm-none-eabi/5.4.1/../../../../arm-none-eabi/lib/armv7e-m/softfp\libm.a
LOAD .\CMSIS\Lib\GCC\libarm_cortexM4l_math.a
END GROUP
START GROUP
LOAD c:/program files (x86)/cypress/psoc creator/4.4/psoc creator/import/gnu/arm/5.4.1/bin/../lib/gcc/arm-none-eabi/5.4.1/armv7e-m/softfp\libgcc.a
LOAD c:/program files (x86)/cypress/psoc creator/4.4/psoc creator/import/gnu/arm/5.4.1/bin/../lib/gcc/arm-none-eabi/5.4.1/../../../../arm-none-eabi/lib/armv7e-m/softfp\libg_nano.a
LOAD c:/program files (x86)/cypress/psoc creator/4.4/psoc creator/import/gnu/arm/5.4.1/bin/../lib/gcc/arm-none-eabi/5.4.1/../../../../arm-none-eabi/lib/armv7e-m/softfp\libc_nano.a
END GROUP
START GROUP
LOAD c:/program files (x86)/cypress/psoc creator/4.4/psoc creator/import/gnu/arm/5.4.1/bin/../lib/gcc/arm-none-eabi/5.4.1/armv7e-m/softfp\libgcc.a
LOAD c:/program files (x86)/cypress/psoc creator/4.4/psoc creator/import/gnu/arm/5.4.1/bin/../lib/gcc/arm-none-eabi/5.4.1/../../../../arm-none-eabi/lib/armv7e-m/softfp\libc_nano.a
END GROUP
LOAD c:/program files (x86)/cypress/psoc creator/4.4/psoc creator/import/gnu/arm/5.4.1/bin/../lib/gcc/arm-none-eabi/5.4.1/armv7e-m/softfp/crtend.o
LOAD c:/program files (x86)/cypress/psoc creator/4.4/psoc creator/import/gnu/arm/5.4.1/bin/../lib/gcc/arm-none-eabi/5.4.1/armv7e-m/softfp/crtn.o
START GROUP
LOAD c:/program files (x86)/cypress/psoc creator/4.4/psoc creator/import/gnu/arm/5.4.1/bin/../lib/gcc/arm-none-eabi/5.4.1/armv7e-m/softfp\libgcc.a
LOAD c:/program files (x86)/cypress/psoc creator/4.4/psoc creator/import/gnu/arm/5.4.1/bin/../lib/gcc/arm-none-eabi/5.4.1/../../../../arm-none-eabi/lib/armv7e-m/softfp\libc.a
LOAD c:/program files (x86)/cypress/psoc creator/4.4/psoc creator/import/gnu/arm/5.4.1/bin/../lib/gcc/arm-none-eabi/5.4.1/../../../../arm-none-eabi/lib/armv7e-m/softfp\libnosys.a
END GROUP
START GROUP
LOAD c:/program files (x86)/cypress/psoc creator/4.4/psoc creator/import/gnu/arm/5.4.1/bin/../lib/gcc/arm-none-eabi/5.4.1/armv7e-m/softfp\libgcc.a
LOAD c:/program files (x86)/cypress/psoc creator/4.4/psoc creator/import/gnu/arm/5.4.1/bin/../lib/gcc/arm-none-eabi/5.4.1/../../../../arm-none-eabi/lib/armv7e-m/softfp\libc.a
LOAD c:/program files (x86)/cypress/psoc creator/4.4/psoc creator/import/gnu/arm/5.4.1/bin/../lib/gcc/arm-none-eabi/5.4.1/../../../../arm-none-eabi/lib/armv7e-m/softfp\libm.a
LOAD c:/program files (x86)/cypress/psoc creator/4.4/psoc creator/import/gnu/arm/5.4.1/bin/../lib/gcc/arm-none-eabi/5.4.1/../../../../arm-none-eabi/lib/armv7e-m/softfp\libnosys.a
END GROUP

.text           0x10080000     0xb8a4
                0x10080000                . = ALIGN (0x4)
                0x10080000                __Vectors = .
 *(.vectors)
 .vectors       0x10080000      0x28c .\CortexM4\ARM_GCC_541\Debug\startup_psoc6_01_cm4.o
                0x1008028c                . = ALIGN (0x4)
                0x1008028c                __Vectors_End = .
                0x0000028c                __Vectors_Size = (__Vectors_End - __Vectors)
                0x1008028c                __end__ = .
                0x1008028c                . = ALIGN (0x4)
 *(.text*)
 .text          0x1008028c       0x5c c:/program files (x86)/cypress/psoc creator/4.4/psoc creator/import/gnu/arm/5.4.1/bin/../lib/gcc/arm-none-eabi/5.4.1/armv7e-m/softfp/crtbegin.o
 .text          0x100802e8       0x84 .\CortexM4\ARM_GCC_541\Debug\startup_psoc6_01_cm4.o
                0x100802e8                Cy_OnResetUser
                0x100802ea                Reset_Handler
                0x1008034c                cpuss_interrupts_ipc_6_IRQHandler
                0x1008034c                DebugMon_Handler
                0x1008034c                tcpwm_1_interrupts_11_IRQHandler
                0x1008034c                cpuss_interrupts_ipc_0_IRQHandler
                0x1008034c                tcpwm_1_interrupts_15_IRQHandler
                0x1008034c                ioss_interrupts_gpio_13_IRQHandler
                0x1008034c                tcpwm_1_interrupts_13_IRQHandler
                0x1008034c                cpuss_interrupts_dw1_8_IRQHandler
                0x1008034c                tcpwm_0_interrupts_0_IRQHandler
                0x1008034c                cpuss_interrupt_fm_IRQHandler
                0x1008034c                cpuss_interrupts_ipc_7_IRQHandler
                0x1008034c                tcpwm_1_interrupts_14_IRQHandler
                0x1008034c                cpuss_interrupts_dw0_5_IRQHandler
                0x1008034c                tcpwm_1_interrupts_9_IRQHandler
                0x1008034c                cpuss_interrupts_cm0_cti_1_IRQHandler
                0x1008034c                tcpwm_1_interrupts_22_IRQHandler
                0x1008034c                cpuss_interrupts_dw0_4_IRQHandler
                0x1008034c                NMI_Handler
                0x1008034c                cpuss_interrupts_dw1_12_IRQHandler
                0x1008034c                tcpwm_1_interrupts_12_IRQHandler
                0x1008034c                smif_interrupt_IRQHandler
                0x1008034c                tcpwm_1_interrupts_2_IRQHandler
                0x1008034c                cpuss_interrupts_ipc_13_IRQHandler
                0x1008034c                udb_interrupts_11_IRQHandler
                0x1008034c                tcpwm_1_interrupts_18_IRQHandler
                0x1008034c                cpuss_interrupts_dw0_11_IRQHandler
                0x1008034c                tcpwm_0_interrupts_2_IRQHandler
                0x1008034c                cpuss_interrupts_dw0_13_IRQHandler
                0x1008034c                udb_interrupts_2_IRQHandler
                0x1008034c                cpuss_interrupts_dw1_7_IRQHandler
                0x1008034c                ioss_interrupts_gpio_1_IRQHandler
                0x1008034c                ioss_interrupts_gpio_7_IRQHandler
                0x1008034c                scb_5_interrupt_IRQHandler
                0x1008034c                udb_interrupts_6_IRQHandler
                0x1008034c                cpuss_interrupts_fault_1_IRQHandler
                0x1008034c                cpuss_interrupts_ipc_4_IRQHandler
                0x1008034c                cpuss_interrupts_ipc_5_IRQHandler
                0x1008034c                cpuss_interrupts_dw1_10_IRQHandler
                0x1008034c                udb_interrupts_0_IRQHandler
                0x1008034c                tcpwm_1_interrupts_6_IRQHandler
                0x1008034c                scb_4_interrupt_IRQHandler
                0x1008034c                pass_interrupt_dacs_IRQHandler
                0x1008034c                ioss_interrupts_gpio_2_IRQHandler
                0x1008034c                cpuss_interrupts_dw1_9_IRQHandler
                0x1008034c                cpuss_interrupts_dw1_13_IRQHandler
                0x1008034c                scb_2_interrupt_IRQHandler
                0x1008034c                cpuss_interrupts_cm0_cti_0_IRQHandler
                0x1008034c                udb_interrupts_5_IRQHandler
                0x1008034c                srss_interrupt_IRQHandler
                0x1008034c                udb_interrupts_12_IRQHandler
                0x1008034c                scb_0_interrupt_IRQHandler
                0x1008034c                csd_interrupt_IRQHandler
                0x1008034c                udb_interrupts_1_IRQHandler
                0x1008034c                profile_interrupt_IRQHandler
                0x1008034c                tcpwm_1_interrupts_1_IRQHandler
                0x1008034c                cpuss_interrupts_ipc_12_IRQHandler
                0x1008034c                tcpwm_1_interrupts_3_IRQHandler
                0x1008034c                tcpwm_0_interrupts_7_IRQHandler
                0x1008034c                cpuss_interrupts_dw1_1_IRQHandler
                0x1008034c                cpuss_interrupts_dw1_0_IRQHandler
                0x1008034c                cpuss_interrupts_dw0_9_IRQHandler
                0x1008034c                lpcomp_interrupt_IRQHandler
                0x1008034c                tcpwm_1_interrupts_23_IRQHandler
                0x1008034c                udb_interrupts_4_IRQHandler
                0x1008034c                tcpwm_1_interrupts_20_IRQHandler
                0x1008034c                ioss_interrupt_gpio_IRQHandler
                0x1008034c                tcpwm_0_interrupts_1_IRQHandler
                0x1008034c                ioss_interrupts_gpio_8_IRQHandler
                0x1008034c                tcpwm_0_interrupts_6_IRQHandler
                0x1008034c                scb_7_interrupt_IRQHandler
                0x1008034c                tcpwm_1_interrupts_7_IRQHandler
                0x1008034c                cpuss_interrupts_ipc_11_IRQHandler
                0x1008034c                udb_interrupts_13_IRQHandler
                0x1008034c                cpuss_interrupts_dw0_15_IRQHandler
                0x1008034c                udb_interrupts_7_IRQHandler
                0x1008034c                cpuss_interrupts_dw1_6_IRQHandler
                0x1008034c                cpuss_interrupt_crypto_IRQHandler
                0x1008034c                scb_1_interrupt_IRQHandler
                0x1008034c                Default_Handler
                0x1008034c                usb_interrupt_hi_IRQHandler
                0x1008034c                tcpwm_1_interrupts_0_IRQHandler
                0x1008034c                udb_interrupts_9_IRQHandler
                0x1008034c                audioss_interrupt_pdm_IRQHandler
                0x1008034c                srss_interrupt_mcwdt_0_IRQHandler
                0x1008034c                scb_3_interrupt_IRQHandler
                0x1008034c                pass_interrupt_ctbs_IRQHandler
                0x1008034c                udb_interrupts_8_IRQHandler
                0x1008034c                ioss_interrupts_gpio_3_IRQHandler
                0x1008034c                scb_6_interrupt_IRQHandler
                0x1008034c                cpuss_interrupts_cm4_cti_0_IRQHandler
                0x1008034c                cpuss_interrupts_dw1_3_IRQHandler
                0x1008034c                pass_interrupt_sar_IRQHandler
                0x1008034c                ioss_interrupts_gpio_0_IRQHandler
                0x1008034c                ioss_interrupts_gpio_14_IRQHandler
                0x1008034c                tcpwm_0_interrupts_4_IRQHandler
                0x1008034c                udb_interrupts_3_IRQHandler
                0x1008034c                tcpwm_0_interrupts_5_IRQHandler
                0x1008034c                cpuss_interrupts_ipc_15_IRQHandler
                0x1008034c                cpuss_interrupts_cm4_cti_1_IRQHandler
                0x1008034c                scb_8_interrupt_IRQHandler
                0x1008034c                srss_interrupt_mcwdt_1_IRQHandler
                0x1008034c                cpuss_interrupts_dw1_2_IRQHandler
                0x1008034c                cpuss_interrupts_dw1_5_IRQHandler
                0x1008034c                cpuss_interrupts_ipc_1_IRQHandler
                0x1008034c                cpuss_interrupts_dw0_0_IRQHandler
                0x1008034c                ioss_interrupts_gpio_12_IRQHandler
                0x1008034c                cpuss_interrupts_ipc_3_IRQHandler
                0x1008034c                tcpwm_1_interrupts_17_IRQHandler
                0x1008034c                srss_interrupt_backup_IRQHandler
                0x1008034c                bless_interrupt_IRQHandler
                0x1008034c                cpuss_interrupts_ipc_10_IRQHandler
                0x1008034c                cpuss_interrupts_ipc_9_IRQHandler
                0x1008034c                cpuss_interrupts_dw0_14_IRQHandler
                0x1008034c                tcpwm_1_interrupts_4_IRQHandler
                0x1008034c                tcpwm_0_interrupts_3_IRQHandler
                0x1008034c                cpuss_interrupts_dw1_15_IRQHandler
                0x1008034c                ioss_interrupts_gpio_10_IRQHandler
                0x1008034c                udb_interrupts_10_IRQHandler
                0x1008034c                cpuss_interrupts_dw0_8_IRQHandler
                0x1008034c                ioss_interrupts_gpio_11_IRQHandler
                0x1008034c                cpuss_interrupts_ipc_14_IRQHandler
                0x1008034c                ioss_interrupts_gpio_5_IRQHandler
                0x1008034c                ioss_interrupts_gpio_4_IRQHandler
                0x1008034c                tcpwm_1_interrupts_8_IRQHandler
                0x1008034c                cpuss_interrupts_dw1_14_IRQHandler
                0x1008034c                usb_interrupt_med_IRQHandler
                0x1008034c                cpuss_interrupts_dw0_2_IRQHandler
                0x1008034c                tcpwm_1_interrupts_10_IRQHandler
                0x1008034c                cpuss_interrupts_fault_0_IRQHandler
                0x1008034c                cpuss_interrupts_dw0_12_IRQHandler
                0x1008034c                ioss_interrupts_gpio_6_IRQHandler
                0x1008034c                tcpwm_1_interrupts_21_IRQHandler
                0x1008034c                tcpwm_1_interrupts_16_IRQHandler
                0x1008034c                cpuss_interrupts_dw1_4_IRQHandler
                0x1008034c                udb_interrupts_15_IRQHandler
                0x1008034c                cpuss_interrupts_dw1_11_IRQHandler
                0x1008034c                cpuss_interrupts_dw0_6_IRQHandler
                0x1008034c                ioss_interrupt_vdd_IRQHandler
                0x1008034c                cpuss_interrupts_dw0_7_IRQHandler
                0x1008034c                audioss_interrupt_i2s_IRQHandler
                0x1008034c                tcpwm_1_interrupts_5_IRQHandler
                0x1008034c                cpuss_interrupts_ipc_2_IRQHandler
                0x1008034c                cpuss_interrupts_dw0_10_IRQHandler
                0x1008034c                tcpwm_1_interrupts_19_IRQHandler
                0x1008034c                cpuss_interrupts_dw0_1_IRQHandler
                0x1008034c                ioss_interrupts_gpio_9_IRQHandler
                0x1008034c                usb_interrupt_lo_IRQHandler
                0x1008034c                cpuss_interrupts_ipc_8_IRQHandler
                0x1008034c                udb_interrupts_14_IRQHandler
                0x1008034c                cpuss_interrupts_dw0_3_IRQHandler
                0x10080350                UsageFault_Handler
                0x10080350                HardFault_Handler
                0x10080350                MemManage_Handler
                0x10080350                BusFault_Handler
 .text.isr_bouton
                0x1008036c       0x50 .\CortexM4\ARM_GCC_541\Debug\main_cm4.o
                0x1008036c                isr_bouton
 .text.vTask_sample
                0x100803bc       0x64 .\CortexM4\ARM_GCC_541\Debug\main_cm4.o
                0x100803bc                vTask_sample
 .text.main     0x10080420       0xb8 .\CortexM4\ARM_GCC_541\Debug\main_cm4.o
                0x10080420                main
 .text.Cy_SysIpcPipeIsrCm4
                0x100804d8        0xc .\CortexM4\ARM_GCC_541\Debug\system_psoc6_cm4.o
                0x100804d8                Cy_SysIpcPipeIsrCm4
 .text.Cy_SystemInit
                0x100804e4        0x4 .\CortexM4\ARM_GCC_541\Debug\system_psoc6_cm4.o
                0x100804e4                Cy_SystemInit
 .text.SystemCoreClockUpdate
                0x100804e8      0x190 .\CortexM4\ARM_GCC_541\Debug\system_psoc6_cm4.o
                0x100804e8                SystemCoreClockUpdate
 .text.SystemInit
                0x10080678       0x48 .\CortexM4\ARM_GCC_541\Debug\system_psoc6_cm4.o
                0x10080678                SystemInit
 .text.Cy_SystemInitFpuEnable
                0x100806c0       0x28 .\CortexM4\ARM_GCC_541\Debug\system_psoc6_cm4.o
                0x100806c0                Cy_SystemInitFpuEnable
 .text.DisplayInit
                0x100806e8       0x2c .\CortexM4\ARM_GCC_541\Debug\display_task.o
                0x100806e8                DisplayInit
 .text.writeRegistre
                0x10080714       0x4c .\CortexM4\ARM_GCC_541\Debug\MAX30102.o
                0x10080714                writeRegistre
 .text.MAX30102_config
                0x10080760       0x5c .\CortexM4\ARM_GCC_541\Debug\MAX30102.o
                0x10080760                MAX30102_config
 .text.readMultipleBytes
                0x100807bc       0x80 .\CortexM4\ARM_GCC_541\Debug\MAX30102.o
                0x100807bc                readMultipleBytes
 .text.readFIFO
                0x1008083c       0x4c .\CortexM4\ARM_GCC_541\Debug\MAX30102.o
                0x1008083c                readFIFO
 .text.Cy_EINK_Start
                0x10080888       0x10 .\CortexM4\ARM_GCC_541\Debug\cy_eink_library.o
                0x10080888                Cy_EINK_Start
 .text.Cy_EINK_Power
                0x10080898       0x18 .\CortexM4\ARM_GCC_541\Debug\cy_eink_library.o
                0x10080898                Cy_EINK_Power
 .text.Cy_EINK_TimerInit
                0x100808b0       0x14 .\CortexM4\ARM_GCC_541\Debug\cy_eink_psoc_interface.o
                0x100808b0                Cy_EINK_TimerInit
 .text.Cy_EINK_GetTimeTick
                0x100808c4        0xc .\CortexM4\ARM_GCC_541\Debug\cy_eink_psoc_interface.o
                0x100808c4                Cy_EINK_GetTimeTick
 .text.Cy_EINK_TimerStop
                0x100808d0        0xc .\CortexM4\ARM_GCC_541\Debug\cy_eink_psoc_interface.o
                0x100808d0                Cy_EINK_TimerStop
 .text.Cy_EINK_InitSPI
                0x100808dc       0x30 .\CortexM4\ARM_GCC_541\Debug\cy_eink_psoc_interface.o
                0x100808dc                Cy_EINK_InitSPI
 .text.Cy_EINK_AttachSPI
                0x1008090c       0x1c .\CortexM4\ARM_GCC_541\Debug\cy_eink_psoc_interface.o
                0x1008090c                Cy_EINK_AttachSPI
 .text.Cy_EINK_DetachSPI
                0x10080928       0x14 .\CortexM4\ARM_GCC_541\Debug\cy_eink_psoc_interface.o
                0x10080928                Cy_EINK_DetachSPI
 .text.Cy_EINK_WriteSPI
                0x1008093c       0x60 .\CortexM4\ARM_GCC_541\Debug\cy_eink_psoc_interface.o
                0x1008093c                Cy_EINK_WriteSPI
 .text.Cy_EINK_ReadSPI
                0x1008099c       0x68 .\CortexM4\ARM_GCC_541\Debug\cy_eink_psoc_interface.o
                0x1008099c                Cy_EINK_ReadSPI
 .text.Cy_EINK_WriteSPIBuffer
                0x10080a04       0x84 .\CortexM4\ARM_GCC_541\Debug\cy_eink_psoc_interface.o
                0x10080a04                Cy_EINK_WriteSPIBuffer
 .text.Cy_EINK_IsBusy
                0x10080a88       0x18 .\CortexM4\ARM_GCC_541\Debug\cy_eink_psoc_interface.o
                0x10080a88                Cy_EINK_IsBusy
 .text.Pv_EINK_SendData
                0x10080aa0       0x38 .\CortexM4\ARM_GCC_541\Debug\pervasive_eink_hardware_driver.o
                0x10080aa0                Pv_EINK_SendData
 .text.Pv_EINK_SendByte
                0x10080ad8       0x18 .\CortexM4\ARM_GCC_541\Debug\pervasive_eink_hardware_driver.o
                0x10080ad8                Pv_EINK_SendByte
 .text.Pv_EINK_ReadByte
                0x10080af0       0x30 .\CortexM4\ARM_GCC_541\Debug\pervasive_eink_hardware_driver.o
                0x10080af0                Pv_EINK_ReadByte
 .text.Pv_EINK_Init
                0x10080b20       0x34 .\CortexM4\ARM_GCC_541\Debug\pervasive_eink_hardware_driver.o
                0x10080b20                Pv_EINK_Init
 .text.Pv_EINK_InitDriver
                0x10080b54      0x118 .\CortexM4\ARM_GCC_541\Debug\pervasive_eink_hardware_driver.o
                0x10080b54                Pv_EINK_InitDriver
 .text.Pv_EINK_SetTempFactor
                0x10080c6c       0x58 .\CortexM4\ARM_GCC_541\Debug\pervasive_eink_hardware_driver.o
                0x10080c6c                Pv_EINK_SetTempFactor
 .text.Pv_EINK_NothingFrame
                0x10080cc4       0x5c .\CortexM4\ARM_GCC_541\Debug\pervasive_eink_hardware_driver.o
                0x10080cc4                Pv_EINK_NothingFrame
 .text.Pv_EINK_DummyLine
                0x10080d20       0x34 .\CortexM4\ARM_GCC_541\Debug\pervasive_eink_hardware_driver.o
                0x10080d20                Pv_EINK_DummyLine
 .text.Pv_EINK_HardwarePowerOn
                0x10080d54       0x44 .\CortexM4\ARM_GCC_541\Debug\pervasive_eink_hardware_driver.o
                0x10080d54                Pv_EINK_HardwarePowerOn
 .text.Pv_EINK_HardwarePowerOff
                0x10080d98       0xa8 .\CortexM4\ARM_GCC_541\Debug\pervasive_eink_hardware_driver.o
                0x10080d98                Pv_EINK_HardwarePowerOff
 .text.LCD_X_Config
                0x10080e40       0x70 .\CortexM4\ARM_GCC_541\Debug\LCDConf.o
                0x10080e40                LCD_X_Config
 .text.LCD_X_DisplayDriver
                0x10080eb0       0x10 .\CortexM4\ARM_GCC_541\Debug\LCDConf.o
                0x10080eb0                LCD_X_DisplayDriver
 .text.GUI_X_Config
                0x10080ec0       0x1c .\CortexM4\ARM_GCC_541\Debug\GUIConf.o
                0x10080ec0                GUI_X_Config
 .text.GUI_X_InitOS
                0x10080edc       0x14 .\CortexM4\ARM_GCC_541\Debug\GUI_X_RTOS.o
                0x10080edc                GUI_X_InitOS
 .text.GUI_X_Unlock
                0x10080ef0       0x18 .\CortexM4\ARM_GCC_541\Debug\GUI_X_RTOS.o
                0x10080ef0                GUI_X_Unlock
 .text.GUI_X_Lock
                0x10080f08       0x14 .\CortexM4\ARM_GCC_541\Debug\GUI_X_RTOS.o
                0x10080f08                GUI_X_Lock
 .text.GUI_X_GetTaskId
                0x10080f1c        0x8 .\CortexM4\ARM_GCC_541\Debug\GUI_X_RTOS.o
                0x10080f1c                GUI_X_GetTaskId
 .text.GUI_X_Init
                0x10080f24        0x4 .\CortexM4\ARM_GCC_541\Debug\GUI_X_RTOS.o
                0x10080f24                GUI_X_Init
 .text.CY_EINK_Timer_Start
                0x10080f28       0x30 .\CortexM4\ARM_GCC_541\Debug\CY_EINK_Timer.o
                0x10080f28                CY_EINK_Timer_Start
 .text.Cy_Flash_ProcessOpcode
                0x10080f58       0xac .\CortexM4\ARM_GCC_541\Debug\cy_flash.o
 .text.Cy_Flash_OperationStatus
                0x10081004       0x5c .\CortexM4\ARM_GCC_541\Debug\cy_flash.o
 .text.Cy_Flash_InitExt
                0x10081060       0x80 .\CortexM4\ARM_GCC_541\Debug\cy_flash.o
                0x10081060                Cy_Flash_InitExt
 .text.Cy_Flash_Init
                0x100810e0       0x10 .\CortexM4\ARM_GCC_541\Debug\cy_flash.o
                0x100810e0                Cy_Flash_Init
 .text.Cy_IPC_Drv_LockRelease
                0x100810f0       0x3c .\CortexM4\ARM_GCC_541\Debug\cy_ipc_drv.o
                0x100810f0                Cy_IPC_Drv_LockRelease
 .text.Cy_IPC_Drv_SendMsgWord
                0x1008112c       0x3c .\CortexM4\ARM_GCC_541\Debug\cy_ipc_drv.o
                0x1008112c                Cy_IPC_Drv_SendMsgWord
 .text.Cy_IPC_Drv_ReadMsgWord
                0x10081168       0x38 .\CortexM4\ARM_GCC_541\Debug\cy_ipc_drv.o
                0x10081168                Cy_IPC_Drv_ReadMsgWord
 .text.Cy_IPC_Sema_InitExt
                0x100811a0       0xac .\CortexM4\ARM_GCC_541\Debug\cy_ipc_sema.o
                0x100811a0                Cy_IPC_Sema_InitExt
 .text.Cy_IPC_Sema_Init
                0x1008124c       0x64 .\CortexM4\ARM_GCC_541\Debug\cy_ipc_sema.o
                0x1008124c                Cy_IPC_Sema_Init
 .text.Cy_IPC_Sema_Clear
                0x100812b0       0x88 .\CortexM4\ARM_GCC_541\Debug\cy_ipc_sema.o
                0x100812b0                Cy_IPC_Sema_Clear
 .text.Cy_IPC_Sema_Status
                0x10081338       0x40 .\CortexM4\ARM_GCC_541\Debug\cy_ipc_sema.o
                0x10081338                Cy_IPC_Sema_Status
 .text.Cy_IPC_Pipe_Config
                0x10081378       0x10 .\CortexM4\ARM_GCC_541\Debug\cy_ipc_pipe.o
                0x10081378                Cy_IPC_Pipe_Config
 .text.Cy_IPC_Pipe_EndpointInit
                0x10081388       0xd0 .\CortexM4\ARM_GCC_541\Debug\cy_ipc_pipe.o
                0x10081388                Cy_IPC_Pipe_EndpointInit
 .text.Cy_IPC_Pipe_Init
                0x10081458       0xb4 .\CortexM4\ARM_GCC_541\Debug\cy_ipc_pipe.o
                0x10081458                Cy_IPC_Pipe_Init
 .text.Cy_IPC_Pipe_SendMessage
                0x1008150c       0xa4 .\CortexM4\ARM_GCC_541\Debug\cy_ipc_pipe.o
                0x1008150c                Cy_IPC_Pipe_SendMessage
 .text.Cy_IPC_Pipe_RegisterCallback
                0x100815b0       0x50 .\CortexM4\ARM_GCC_541\Debug\cy_ipc_pipe.o
                0x100815b0                Cy_IPC_Pipe_RegisterCallback
 .text.Cy_IPC_Pipe_ExecCallback
                0x10081600       0xbc .\CortexM4\ARM_GCC_541\Debug\cy_ipc_pipe.o
                0x10081600                Cy_IPC_Pipe_ExecCallback
 .text.Cy_IPC_Pipe_ExecuteCallback
                0x100816bc       0x2c .\CortexM4\ARM_GCC_541\Debug\cy_ipc_pipe.o
                0x100816bc                Cy_IPC_Pipe_ExecuteCallback
 .text.Cy_SCB_ReadArrayNoCheck
                0x100816e8       0x38 .\CortexM4\ARM_GCC_541\Debug\cy_scb_common.o
                0x100816e8                Cy_SCB_ReadArrayNoCheck
 .text.Cy_SCB_ReadArray
                0x10081720       0x1c .\CortexM4\ARM_GCC_541\Debug\cy_scb_common.o
                0x10081720                Cy_SCB_ReadArray
 .text.Cy_SCB_Write
                0x1008173c       0x28 .\CortexM4\ARM_GCC_541\Debug\cy_scb_common.o
                0x1008173c                Cy_SCB_Write
 .text.Cy_SCB_WriteArrayNoCheck
                0x10081764       0x38 .\CortexM4\ARM_GCC_541\Debug\cy_scb_common.o
                0x10081764                Cy_SCB_WriteArrayNoCheck
 .text.Cy_SCB_WriteArray
                0x1008179c       0x2c .\CortexM4\ARM_GCC_541\Debug\cy_scb_common.o
                0x1008179c                Cy_SCB_WriteArray
 .text.Cy_SCB_WriteArrayBlocking
                0x100817c8       0x30 .\CortexM4\ARM_GCC_541\Debug\cy_scb_common.o
                0x100817c8                Cy_SCB_WriteArrayBlocking
 .text.Cy_SCB_WriteString
                0x100817f8       0x30 .\CortexM4\ARM_GCC_541\Debug\cy_scb_common.o
                0x100817f8                Cy_SCB_WriteString
 .text.Cy_SCB_WriteDefaultArrayNoCheck
                0x10081828       0x10 .\CortexM4\ARM_GCC_541\Debug\cy_scb_common.o
                0x10081828                Cy_SCB_WriteDefaultArrayNoCheck
 .text.Cy_SCB_WriteDefaultArray
                0x10081838       0x2c .\CortexM4\ARM_GCC_541\Debug\cy_scb_common.o
                0x10081838                Cy_SCB_WriteDefaultArray
 .text.SlaveHandleStop
                0x10081864       0xec .\CortexM4\ARM_GCC_541\Debug\cy_scb_i2c.o
 .text.MasterHandleEvents
                0x10081950       0x74 .\CortexM4\ARM_GCC_541\Debug\cy_scb_i2c.o
 .text.MasterHandleStop
                0x100819c4       0x2c .\CortexM4\ARM_GCC_541\Debug\cy_scb_i2c.o
 .text.MasterHandleComplete
                0x100819f0       0xf4 .\CortexM4\ARM_GCC_541\Debug\cy_scb_i2c.o
 .text.HandleStatus
                0x10081ae4       0xf0 .\CortexM4\ARM_GCC_541\Debug\cy_scb_i2c.o
 .text.WaitOneUnit
                0x10081bd4       0x24 .\CortexM4\ARM_GCC_541\Debug\cy_scb_i2c.o
 .text.SlaveHandleDataTransmit
                0x10081bf8       0xe8 .\CortexM4\ARM_GCC_541\Debug\cy_scb_i2c.o
 .text.MasterHandleDataTransmit
                0x10081ce0       0xb8 .\CortexM4\ARM_GCC_541\Debug\cy_scb_i2c.o
 .text.SlaveHandleAddress
                0x10081d98      0x158 .\CortexM4\ARM_GCC_541\Debug\cy_scb_i2c.o
 .text.MasterHandleDataReceive
                0x10081ef0       0xf0 .\CortexM4\ARM_GCC_541\Debug\cy_scb_i2c.o
 .text.SlaveHandleDataReceive
                0x10081fe0       0xbc .\CortexM4\ARM_GCC_541\Debug\cy_scb_i2c.o
 .text.Cy_SCB_I2C_Init
                0x1008209c      0x18c .\CortexM4\ARM_GCC_541\Debug\cy_scb_i2c.o
                0x1008209c                Cy_SCB_I2C_Init
 .text.Cy_SCB_I2C_GetDataRate
                0x10082228       0x90 .\CortexM4\ARM_GCC_541\Debug\cy_scb_i2c.o
                0x10082228                Cy_SCB_I2C_GetDataRate
 .text.Cy_SCB_I2C_SetDataRate
                0x100822b8      0x1d0 .\CortexM4\ARM_GCC_541\Debug\cy_scb_i2c.o
                0x100822b8                Cy_SCB_I2C_SetDataRate
 .text.Cy_SCB_I2C_MasterSendStart
                0x10082488       0xf0 .\CortexM4\ARM_GCC_541\Debug\cy_scb_i2c.o
                0x10082488                Cy_SCB_I2C_MasterSendStart
 .text.Cy_SCB_I2C_MasterSendReStart
                0x10082578       0xd4 .\CortexM4\ARM_GCC_541\Debug\cy_scb_i2c.o
                0x10082578                Cy_SCB_I2C_MasterSendReStart
 .text.Cy_SCB_I2C_MasterSendStop
                0x1008264c       0x64 .\CortexM4\ARM_GCC_541\Debug\cy_scb_i2c.o
                0x1008264c                Cy_SCB_I2C_MasterSendStop
 .text.Cy_SCB_I2C_MasterReadByte
                0x100826b0       0xb4 .\CortexM4\ARM_GCC_541\Debug\cy_scb_i2c.o
                0x100826b0                Cy_SCB_I2C_MasterReadByte
 .text.Cy_SCB_I2C_MasterWriteByte
                0x10082764       0x68 .\CortexM4\ARM_GCC_541\Debug\cy_scb_i2c.o
                0x10082764                Cy_SCB_I2C_MasterWriteByte
 .text.Cy_SCB_I2C_SlaveInterrupt
                0x100827cc       0xe4 .\CortexM4\ARM_GCC_541\Debug\cy_scb_i2c.o
                0x100827cc                Cy_SCB_I2C_SlaveInterrupt
 .text.Cy_SCB_I2C_MasterInterrupt
                0x100828b0       0x8c .\CortexM4\ARM_GCC_541\Debug\cy_scb_i2c.o
                0x100828b0                Cy_SCB_I2C_MasterInterrupt
 .text.Cy_SCB_I2C_Interrupt
                0x1008293c       0x18 .\CortexM4\ARM_GCC_541\Debug\cy_scb_i2c.o
                0x1008293c                Cy_SCB_I2C_Interrupt
 .text.Cy_SCB_SPI_Init
                0x10082954      0x268 .\CortexM4\ARM_GCC_541\Debug\cy_scb_spi.o
                0x10082954                Cy_SCB_SPI_Init
 .text.Cy_SCB_SPI_Disable
                0x10082bbc       0x24 .\CortexM4\ARM_GCC_541\Debug\cy_scb_spi.o
                0x10082bbc                Cy_SCB_SPI_Disable
 .text.HandleDataTransmit
                0x10082be0       0xdc .\CortexM4\ARM_GCC_541\Debug\cy_scb_uart.o
 .text.HandleDataReceive
                0x10082cbc       0xf8 .\CortexM4\ARM_GCC_541\Debug\cy_scb_uart.o
 .text.Cy_SCB_UART_Init
                0x10082db4      0x364 .\CortexM4\ARM_GCC_541\Debug\cy_scb_uart.o
                0x10082db4                Cy_SCB_UART_Init
 .text.Cy_SCB_UART_GetNumInRingBuffer
                0x10083118       0x18 .\CortexM4\ARM_GCC_541\Debug\cy_scb_uart.o
                0x10083118                Cy_SCB_UART_GetNumInRingBuffer
 .text.HandleRingBuffer
                0x10083130       0xcc .\CortexM4\ARM_GCC_541\Debug\cy_scb_uart.o
 .text.Cy_SCB_UART_Interrupt
                0x100831fc       0xe8 .\CortexM4\ARM_GCC_541\Debug\cy_scb_uart.o
                0x100831fc                Cy_SCB_UART_Interrupt
 .text.Cy_SysInt_SetVector
                0x100832e4       0x48 .\CortexM4\ARM_GCC_541\Debug\cy_sysint.o
                0x100832e4                Cy_SysInt_SetVector
 .text.Cy_SysInt_Init
                0x1008332c       0x74 .\CortexM4\ARM_GCC_541\Debug\cy_sysint.o
                0x1008332c                Cy_SysInt_Init
 .text.Cy_SysLib_Delay
                0x100833a0       0x30 .\CortexM4\ARM_GCC_541\Debug\cy_syslib.o
                0x100833a0                Cy_SysLib_Delay
 .text.Cy_SysLib_DelayUs
                0x100833d0       0x14 .\CortexM4\ARM_GCC_541\Debug\cy_syslib.o
                0x100833d0                Cy_SysLib_DelayUs
 .text.Cy_SysLib_Halt
                0x100833e4        0x4 .\CortexM4\ARM_GCC_541\Debug\cy_syslib.o
                0x100833e4                Cy_SysLib_Halt
 .text.Cy_SysLib_AssertFailed
                0x100833e8       0x1c .\CortexM4\ARM_GCC_541\Debug\cy_syslib.o
                0x100833e8                Cy_SysLib_AssertFailed
 .text.Cy_SysLib_ProcessingFault
                0x10083404        0x4 .\CortexM4\ARM_GCC_541\Debug\cy_syslib.o
                0x10083404                Cy_SysLib_ProcessingFault
 .text.Cy_SysLib_FaultHandler
                0x10083408       0xa4 .\CortexM4\ARM_GCC_541\Debug\cy_syslib.o
                0x10083408                Cy_SysLib_FaultHandler
 *fill*         0x100834ac        0x4 
 .text          0x100834b0       0x20 .\CortexM4\ARM_GCC_541\Debug\cy_syslib_gcc.o
                0x100834b0                Cy_SysLib_DelayCycles
                0x100834c2                Cy_SysLib_EnterCriticalSection
                0x100834ca                Cy_SysLib_ExitCriticalSection
 .text.Cy_TCPWM_Counter_Init
                0x100834d0      0x110 .\CortexM4\ARM_GCC_541\Debug\cy_tcpwm_counter.o
                0x100834d0                Cy_TCPWM_Counter_Init
 .text.Cy_PDL_Init
                0x100835e0        0xc .\CortexM4\ARM_GCC_541\Debug\cy_device.o
                0x100835e0                Cy_PDL_Init
 .text.vListInitialise
                0x100835ec       0x18 .\CortexM4\ARM_GCC_541\Debug\list.o
                0x100835ec                vListInitialise
 .text.vListInitialiseItem
                0x10083604        0x8 .\CortexM4\ARM_GCC_541\Debug\list.o
                0x10083604                vListInitialiseItem
 .text.vListInsertEnd
                0x1008360c       0x18 .\CortexM4\ARM_GCC_541\Debug\list.o
                0x1008360c                vListInsertEnd
 .text.vListInsert
                0x10083624       0x34 .\CortexM4\ARM_GCC_541\Debug\list.o
                0x10083624                vListInsert
 .text.uxListRemove
                0x10083658       0x28 .\CortexM4\ARM_GCC_541\Debug\list.o
                0x10083658                uxListRemove
 .text.prvGetDisinheritPriorityAfterTimeout
                0x10083680       0x14 .\CortexM4\ARM_GCC_541\Debug\queue.o
 .text.prvIsQueueFull
                0x10083694       0x20 .\CortexM4\ARM_GCC_541\Debug\queue.o
 .text.prvIsQueueEmpty
                0x100836b4       0x1c .\CortexM4\ARM_GCC_541\Debug\queue.o
 .text.prvCopyDataToQueue
                0x100836d0       0x78 .\CortexM4\ARM_GCC_541\Debug\queue.o
 .text.prvCopyDataFromQueue
                0x10083748       0x24 .\CortexM4\ARM_GCC_541\Debug\queue.o
 .text.prvUnlockQueue
                0x1008376c       0x68 .\CortexM4\ARM_GCC_541\Debug\queue.o
 .text.xQueueGenericReset
                0x100837d4       0x80 .\CortexM4\ARM_GCC_541\Debug\queue.o
                0x100837d4                xQueueGenericReset
 .text.prvInitialiseNewQueue
                0x10083854       0x1c .\CortexM4\ARM_GCC_541\Debug\queue.o
 .text.xQueueGenericCreate
                0x10083870       0x4c .\CortexM4\ARM_GCC_541\Debug\queue.o
                0x10083870                xQueueGenericCreate
 .text.xQueueGenericSend
                0x100838bc      0x190 .\CortexM4\ARM_GCC_541\Debug\queue.o
                0x100838bc                xQueueGenericSend
 .text.prvInitialiseMutex
                0x10083a4c       0x18 .\CortexM4\ARM_GCC_541\Debug\queue.o
 .text.xQueueCreateMutex
                0x10083a64       0x18 .\CortexM4\ARM_GCC_541\Debug\queue.o
                0x10083a64                xQueueCreateMutex
 .text.xQueueGenericSendFromISR
                0x10083a7c       0xe4 .\CortexM4\ARM_GCC_541\Debug\queue.o
                0x10083a7c                xQueueGenericSendFromISR
 .text.xQueueGiveFromISR
                0x10083b60       0xbc .\CortexM4\ARM_GCC_541\Debug\queue.o
                0x10083b60                xQueueGiveFromISR
 .text.xQueueReceive
                0x10083c1c      0x158 .\CortexM4\ARM_GCC_541\Debug\queue.o
                0x10083c1c                xQueueReceive
 .text.xQueueSemaphoreTake
                0x10083d74      0x190 .\CortexM4\ARM_GCC_541\Debug\queue.o
                0x10083d74                xQueueSemaphoreTake
 .text.vQueueAddToRegistry
                0x10083f04       0x28 .\CortexM4\ARM_GCC_541\Debug\queue.o
                0x10083f04                vQueueAddToRegistry
 .text.vQueueWaitForMessageRestricted
                0x10083f2c       0x4c .\CortexM4\ARM_GCC_541\Debug\queue.o
                0x10083f2c                vQueueWaitForMessageRestricted
 .text.prvResetNextTaskUnblockTime
                0x10083f78       0x2c .\CortexM4\ARM_GCC_541\Debug\tasks.o
 .text.prvDeleteTCB
                0x10083fa4       0x14 .\CortexM4\ARM_GCC_541\Debug\tasks.o
 .text.prvInitialiseNewTask
                0x10083fb8       0xac .\CortexM4\ARM_GCC_541\Debug\tasks.o
 .text.prvInitialiseTaskLists
                0x10084064       0x58 .\CortexM4\ARM_GCC_541\Debug\tasks.o
 .text.prvAddNewTaskToReadyList
                0x100840bc       0xac .\CortexM4\ARM_GCC_541\Debug\tasks.o
 .text.prvCheckTasksWaitingTermination
                0x10084168       0x44 .\CortexM4\ARM_GCC_541\Debug\tasks.o
 .text.prvIdleTask
                0x100841ac       0x28 .\CortexM4\ARM_GCC_541\Debug\tasks.o
 .text.prvAddCurrentTaskToDelayedList
                0x100841d4       0x68 .\CortexM4\ARM_GCC_541\Debug\tasks.o
 .text.xTaskCreate
                0x1008423c       0x64 .\CortexM4\ARM_GCC_541\Debug\tasks.o
                0x1008423c                xTaskCreate
 .text.vTaskStartScheduler
                0x100842a0       0x7c .\CortexM4\ARM_GCC_541\Debug\tasks.o
                0x100842a0                vTaskStartScheduler
 .text.vTaskSuspendAll
                0x1008431c       0x14 .\CortexM4\ARM_GCC_541\Debug\tasks.o
                0x1008431c                vTaskSuspendAll
 .text.xTaskGetTickCount
                0x10084330        0xc .\CortexM4\ARM_GCC_541\Debug\tasks.o
                0x10084330                xTaskGetTickCount
 .text.xTaskIncrementTick
                0x1008433c       0xfc .\CortexM4\ARM_GCC_541\Debug\tasks.o
                0x1008433c                xTaskIncrementTick
 .text.xTaskResumeAll
                0x10084438       0xf0 .\CortexM4\ARM_GCC_541\Debug\tasks.o
                0x10084438                xTaskResumeAll
 .text.vTaskDelay
                0x10084528       0x50 .\CortexM4\ARM_GCC_541\Debug\tasks.o
                0x10084528                vTaskDelay
 .text.vTaskSwitchContext
                0x10084578       0xc8 .\CortexM4\ARM_GCC_541\Debug\tasks.o
                0x10084578                vTaskSwitchContext
 .text.vTaskPlaceOnEventList
                0x10084640       0x34 .\CortexM4\ARM_GCC_541\Debug\tasks.o
                0x10084640                vTaskPlaceOnEventList
 .text.vTaskPlaceOnEventListRestricted
                0x10084674       0x3c .\CortexM4\ARM_GCC_541\Debug\tasks.o
                0x10084674                vTaskPlaceOnEventListRestricted
 .text.xTaskRemoveFromEventList
                0x100846b0       0x88 .\CortexM4\ARM_GCC_541\Debug\tasks.o
                0x100846b0                xTaskRemoveFromEventList
 .text.vTaskInternalSetTimeOutState
                0x10084738       0x14 .\CortexM4\ARM_GCC_541\Debug\tasks.o
                0x10084738                vTaskInternalSetTimeOutState
 .text.xTaskCheckForTimeOut
                0x1008474c       0x80 .\CortexM4\ARM_GCC_541\Debug\tasks.o
                0x1008474c                xTaskCheckForTimeOut
 .text.vTaskMissedYield
                0x100847cc       0x10 .\CortexM4\ARM_GCC_541\Debug\tasks.o
                0x100847cc                vTaskMissedYield
 .text.xTaskGetCurrentTaskHandle
                0x100847dc        0xc .\CortexM4\ARM_GCC_541\Debug\tasks.o
                0x100847dc                xTaskGetCurrentTaskHandle
 .text.xTaskGetSchedulerState
                0x100847e8       0x20 .\CortexM4\ARM_GCC_541\Debug\tasks.o
                0x100847e8                xTaskGetSchedulerState
 .text.xTaskPriorityInherit
                0x10084808       0xa8 .\CortexM4\ARM_GCC_541\Debug\tasks.o
                0x10084808                xTaskPriorityInherit
 .text.xTaskPriorityDisinherit
                0x100848b0       0x94 .\CortexM4\ARM_GCC_541\Debug\tasks.o
                0x100848b0                xTaskPriorityDisinherit
 .text.vTaskPriorityDisinheritAfterTimeout
                0x10084944       0xac .\CortexM4\ARM_GCC_541\Debug\tasks.o
                0x10084944                vTaskPriorityDisinheritAfterTimeout
 .text.pvTaskIncrementMutexHeldCount
                0x100849f0       0x20 .\CortexM4\ARM_GCC_541\Debug\tasks.o
                0x100849f0                pvTaskIncrementMutexHeldCount
 .text.prvGetNextExpireTime
                0x10084a10       0x20 .\CortexM4\ARM_GCC_541\Debug\timers.o
 .text.prvInsertTimerInActiveList
                0x10084a30       0x44 .\CortexM4\ARM_GCC_541\Debug\timers.o
 .text.prvCheckForValidListAndQueue
                0x10084a74       0x48 .\CortexM4\ARM_GCC_541\Debug\timers.o
 .text.xTimerCreateTimerTask
                0x10084abc       0x50 .\CortexM4\ARM_GCC_541\Debug\timers.o
                0x10084abc                xTimerCreateTimerTask
 .text.xTimerGenericCommand
                0x10084b0c       0x6c .\CortexM4\ARM_GCC_541\Debug\timers.o
                0x10084b0c                xTimerGenericCommand
 .text.prvSwitchTimerLists
                0x10084b78       0x74 .\CortexM4\ARM_GCC_541\Debug\timers.o
 .text.prvSampleTimeNow
                0x10084bec       0x2c .\CortexM4\ARM_GCC_541\Debug\timers.o
 .text.prvProcessExpiredTimer
                0x10084c18       0x5c .\CortexM4\ARM_GCC_541\Debug\timers.o
 .text.prvProcessTimerOrBlockTask
                0x10084c74       0x70 .\CortexM4\ARM_GCC_541\Debug\timers.o
 .text.prvProcessReceivedCommands
                0x10084ce4       0xbc .\CortexM4\ARM_GCC_541\Debug\timers.o
 .text.prvTimerTask
                0x10084da0       0x18 .\CortexM4\ARM_GCC_541\Debug\timers.o
 .text.prvTaskExitError
                0x10084db8       0x40 .\CortexM4\ARM_GCC_541\Debug\port.o
 .text.prvPortStartFirstTask
                0x10084df8       0x28 .\CortexM4\ARM_GCC_541\Debug\port.o
 .text.vPortEnableVFP
                0x10084e20       0x14 .\CortexM4\ARM_GCC_541\Debug\port.o
 .text.pxPortInitialiseStack
                0x10084e34       0x2c .\CortexM4\ARM_GCC_541\Debug\port.o
                0x10084e34                pxPortInitialiseStack
 .text.SVC_Handler
                0x10084e60       0x24 .\CortexM4\ARM_GCC_541\Debug\port.o
                0x10084e60                SVC_Handler
 .text.vPortEnterCritical
                0x10084e84       0x44 .\CortexM4\ARM_GCC_541\Debug\port.o
                0x10084e84                vPortEnterCritical
 .text.vPortExitCritical
                0x10084ec8       0x2c .\CortexM4\ARM_GCC_541\Debug\port.o
                0x10084ec8                vPortExitCritical
 *fill*         0x10084ef4        0xc 
 .text.PendSV_Handler
                0x10084f00       0x64 .\CortexM4\ARM_GCC_541\Debug\port.o
                0x10084f00                PendSV_Handler
 .text.SysTick_Handler
                0x10084f64       0x2c .\CortexM4\ARM_GCC_541\Debug\port.o
                0x10084f64                SysTick_Handler
 .text.vPortSetupTimerInterrupt
                0x10084f90       0x38 .\CortexM4\ARM_GCC_541\Debug\port.o
                0x10084f90                vPortSetupTimerInterrupt
 .text.xPortStartScheduler
                0x10084fc8       0xc4 .\CortexM4\ARM_GCC_541\Debug\port.o
                0x10084fc8                xPortStartScheduler
 .text.vPortValidateInterruptPriority
                0x1008508c       0x58 .\CortexM4\ARM_GCC_541\Debug\port.o
                0x1008508c                vPortValidateInterruptPriority
 .text.vApplicationStackOverflowHook
                0x100850e4       0x24 .\CortexM4\ARM_GCC_541\Debug\port.o
                0x100850e4                vApplicationStackOverflowHook
 .text.pvPortMalloc
                0x10085108       0x60 .\CortexM4\ARM_GCC_541\Debug\heap_1.o
                0x10085108                pvPortMalloc
 .text.vPortFree
                0x10085168       0x18 .\CortexM4\ARM_GCC_541\Debug\heap_1.o
                0x10085168                vPortFree
 .text.CapSense_IsBusy
                0x10085180       0x10 .\CortexM4\ARM_GCC_541\Debug\CapSense_Sensing.o
                0x10085180                CapSense_IsBusy
 .text.I2C_MAX_Interrupt
                0x10085190       0x14 .\CortexM4\ARM_GCC_541\Debug\I2C_MAX.o
 .text.I2C_MAX_Start
                0x100851a4       0x78 .\CortexM4\ARM_GCC_541\Debug\I2C_MAX.o
                0x100851a4                I2C_MAX_Start
 .text.UART_1_Interrupt
                0x1008521c       0x14 .\CortexM4\ARM_GCC_541\Debug\UART_1.o
 .text.UART_1_Start
                0x10085230       0x64 .\CortexM4\ARM_GCC_541\Debug\UART_1.o
                0x10085230                UART_1_Start
 .text._PushFreeBlock
                0x10085294       0x20 Generated_Source\PSoC6\pdl\middleware\emWin\libs\GCC\libemWin_osnts_gcc.a(GUI_Alloc.o)
 .text._RemoveFreeBlock
                0x100852b4       0x44 Generated_Source\PSoC6\pdl\middleware\emWin\libs\GCC\libemWin_osnts_gcc.a(GUI_Alloc.o)
 .text._AddFreeMemory
                0x100852f8       0xa8 Generated_Source\PSoC6\pdl\middleware\emWin\libs\GCC\libemWin_osnts_gcc.a(GUI_Alloc.o)
 .text._RemoveHoles
                0x100853a0       0x94 Generated_Source\PSoC6\pdl\middleware\emWin\libs\GCC\libemWin_osnts_gcc.a(GUI_Alloc.o)
 .text.GUI_ALLOC_FreeFixedBlock
                0x10085434       0x18 Generated_Source\PSoC6\pdl\middleware\emWin\libs\GCC\libemWin_osnts_gcc.a(GUI_Alloc.o)
                0x10085434                GUI_ALLOC_FreeFixedBlock
 .text.GUI_ALLOC_h2p
                0x1008544c       0x14 Generated_Source\PSoC6\pdl\middleware\emWin\libs\GCC\libemWin_osnts_gcc.a(GUI_Alloc.o)
                0x1008544c                GUI_ALLOC_h2p
 .text.GUI_ALLOC_LockH
                0x10085460       0x20 Generated_Source\PSoC6\pdl\middleware\emWin\libs\GCC\libemWin_osnts_gcc.a(GUI_Alloc.o)
                0x10085460                GUI_ALLOC_LockH
 .text.GUI_ALLOC_UnlockH
                0x10085480       0x30 Generated_Source\PSoC6\pdl\middleware\emWin\libs\GCC\libemWin_osnts_gcc.a(GUI_Alloc.o)
                0x10085480                GUI_ALLOC_UnlockH
 .text.GUI_ALLOC_AssignMemory
                0x100854b0       0x10 Generated_Source\PSoC6\pdl\middleware\emWin\libs\GCC\libemWin_osnts_gcc.a(GUI_Alloc.o)
                0x100854b0                GUI_ALLOC_AssignMemory
 .text.GUI_ALLOC_Free
                0x100854c0       0x2c Generated_Source\PSoC6\pdl\middleware\emWin\libs\GCC\libemWin_osnts_gcc.a(GUI_Alloc.o)
                0x100854c0                GUI_ALLOC_Free
 .text._EnlargeBlocks
                0x100854ec       0x98 Generated_Source\PSoC6\pdl\middleware\emWin\libs\GCC\libemWin_osnts_gcc.a(GUI_Alloc.o)
 .text._InitOnce
                0x10085584       0x6c Generated_Source\PSoC6\pdl\middleware\emWin\libs\GCC\libemWin_osnts_gcc.a(GUI_Alloc.o)
 .text.GUI_ALLOC_GetFixedBlock
                0x100855f0       0xb8 Generated_Source\PSoC6\pdl\middleware\emWin\libs\GCC\libemWin_osnts_gcc.a(GUI_Alloc.o)
                0x100855f0                GUI_ALLOC_GetFixedBlock
 .text._Alloc   0x100856a8      0x100 Generated_Source\PSoC6\pdl\middleware\emWin\libs\GCC\libemWin_osnts_gcc.a(GUI_Alloc.o)
 .text.GUI_ALLOC_AllocNoInit
                0x100857a8       0x1e Generated_Source\PSoC6\pdl\middleware\emWin\libs\GCC\libemWin_osnts_gcc.a(GUI_Alloc.o)
                0x100857a8                GUI_ALLOC_AllocNoInit
 *fill*         0x100857c6        0x2 
 .text.GUI_ALLOC_AllocZero
                0x100857c8       0x34 Generated_Source\PSoC6\pdl\middleware\emWin\libs\GCC\libemWin_osnts_gcc.a(GUI_Alloc.o)
                0x100857c8                GUI_ALLOC_AllocZero
 .text.GUIMONO_DispChar
                0x100857fc      0x14c Generated_Source\PSoC6\pdl\middleware\emWin\libs\GCC\libemWin_osnts_gcc.a(GUI_CharM.o)
                0x100857fc                GUIMONO_DispChar
 .text.GUIMONO_GetCharDistX
                0x10085948       0x18 Generated_Source\PSoC6\pdl\middleware\emWin\libs\GCC\libemWin_osnts_gcc.a(GUI_CharM.o)
                0x10085948                GUIMONO_GetCharDistX
 .text.GUIMONO_GetFontInfo
                0x10085960        0x6 Generated_Source\PSoC6\pdl\middleware\emWin\libs\GCC\libemWin_osnts_gcc.a(GUI_CharM.o)
                0x10085960                GUIMONO_GetFontInfo
 .text.GUIMONO_IsInFont
                0x10085966       0x36 Generated_Source\PSoC6\pdl\middleware\emWin\libs\GCC\libemWin_osnts_gcc.a(GUI_CharM.o)
                0x10085966                GUIMONO_IsInFont
 .text.GUI_CalcColorDist
                0x1008599c       0x54 Generated_Source\PSoC6\pdl\middleware\emWin\libs\GCC\libemWin_osnts_gcc.a(GUI_Common.o)
                0x1008599c                GUI_CalcColorDist
 .text.GUI_MergeRect
                0x100859f0       0x62 Generated_Source\PSoC6\pdl\middleware\emWin\libs\GCC\libemWin_osnts_gcc.a(GUI_Common.o)
                0x100859f0                GUI_MergeRect
 .text.GUI_MoveRect
                0x10085a52       0x22 Generated_Source\PSoC6\pdl\middleware\emWin\libs\GCC\libemWin_osnts_gcc.a(GUI_Common.o)
                0x10085a52                GUI_MoveRect
 .text.GUI_GotoXY
                0x10085a74       0x20 Generated_Source\PSoC6\pdl\middleware\emWin\libs\GCC\libemWin_osnts_gcc.a(GUI_Common.o)
                0x10085a74                GUI_GotoXY
 .text.GUI_SetPenSize
                0x10085a94       0x1c Generated_Source\PSoC6\pdl\middleware\emWin\libs\GCC\libemWin_osnts_gcc.a(GUI_Common.o)
                0x10085a94                GUI_SetPenSize
 .text.GUI_RectsIntersect
                0x10085ab0       0x3c Generated_Source\PSoC6\pdl\middleware\emWin\libs\GCC\libemWin_osnts_gcc.a(GUI_Common.o)
                0x10085ab0                GUI_RectsIntersect
 .text.GUI_SelectLCD
                0x10085aec       0x18 Generated_Source\PSoC6\pdl\middleware\emWin\libs\GCC\libemWin_osnts_gcc.a(GUI_Common.o)
                0x10085aec                GUI_SelectLCD
 .text.GUI_SetBkColor
                0x10085b04       0x14 Generated_Source\PSoC6\pdl\middleware\emWin\libs\GCC\libemWin_osnts_gcc.a(GUI_Common.o)
                0x10085b04                GUI_SetBkColor
 .text.GUI_SetColor
                0x10085b18       0x14 Generated_Source\PSoC6\pdl\middleware\emWin\libs\GCC\libemWin_osnts_gcc.a(GUI_Common.o)
                0x10085b18                GUI_SetColor
 .text.GUI_SetOrg
                0x10085b2c       0x40 Generated_Source\PSoC6\pdl\middleware\emWin\libs\GCC\libemWin_osnts_gcc.a(GUI_Common.o)
                0x10085b2c                GUI_SetOrg
 .text._OnExit  0x10085b6c       0x44 Generated_Source\PSoC6\pdl\middleware\emWin\libs\GCC\libemWin_osnts_gcc.a(GUI_Core.o)
 .text.GUI_SetDefaultFont
                0x10085bb0        0xc Generated_Source\PSoC6\pdl\middleware\emWin\libs\GCC\libemWin_osnts_gcc.a(GUI_Core.o)
                0x10085bb0                GUI_SetDefaultFont
 .text.GUI_ClearRect
                0x10085bbc       0x64 Generated_Source\PSoC6\pdl\middleware\emWin\libs\GCC\libemWin_osnts_gcc.a(GUI_Core.o)
                0x10085bbc                GUI_ClearRect
 .text.GUI_Clear
                0x10085c20       0x20 Generated_Source\PSoC6\pdl\middleware\emWin\libs\GCC\libemWin_osnts_gcc.a(GUI_Core.o)
                0x10085c20                GUI_Clear
 .text.GUI__RegisterExit
                0x10085c40       0x10 Generated_Source\PSoC6\pdl\middleware\emWin\libs\GCC\libemWin_osnts_gcc.a(GUI_Core.o)
                0x10085c40                GUI__RegisterExit
 .text.GUI__Config
                0x10085c50       0x34 Generated_Source\PSoC6\pdl\middleware\emWin\libs\GCC\libemWin_osnts_gcc.a(GUI_Core.o)
                0x10085c50                GUI__Config
 .text.GUI_Init
                0x10085c84       0xfc Generated_Source\PSoC6\pdl\middleware\emWin\libs\GCC\libemWin_osnts_gcc.a(GUI_Core.o)
                0x10085c84                GUI_Init
 .text.GUI_DEVICE__GetpDriver
                0x10085d80       0x24 Generated_Source\PSoC6\pdl\middleware\emWin\libs\GCC\libemWin_osnts_gcc.a(GUI_Device.o)
                0x10085d80                GUI_DEVICE__GetpDriver
 .text.GUI_DEVICE_Delete
                0x10085da4        0x8 Generated_Source\PSoC6\pdl\middleware\emWin\libs\GCC\libemWin_osnts_gcc.a(GUI_Device.o)
                0x10085da4                GUI_DEVICE_Delete
 .text.GUI_DEVICE_Create
                0x10085dac       0x50 Generated_Source\PSoC6\pdl\middleware\emWin\libs\GCC\libemWin_osnts_gcc.a(GUI_Device.o)
                0x10085dac                GUI_DEVICE_Create
 .text.GUI_DEVICE_Unlink
                0x10085dfc       0x38 Generated_Source\PSoC6\pdl\middleware\emWin\libs\GCC\libemWin_osnts_gcc.a(GUI_Device.o)
                0x10085dfc                GUI_DEVICE_Unlink
 .text.GUI_DEVICE_Link
                0x10085e34       0x8c Generated_Source\PSoC6\pdl\middleware\emWin\libs\GCC\libemWin_osnts_gcc.a(GUI_Device.o)
                0x10085e34                GUI_DEVICE_Link
 .text.GUI_DEVICE_CreateAndLink
                0x10085ec0       0x2c Generated_Source\PSoC6\pdl\middleware\emWin\libs\GCC\libemWin_osnts_gcc.a(GUI_Device.o)
                0x10085ec0                GUI_DEVICE_CreateAndLink
 .text.GUI_DEVICE_UnlinkTaskDevices
                0x10085eec        0x4 Generated_Source\PSoC6\pdl\middleware\emWin\libs\GCC\libemWin_osnts_gcc.a(GUI_Device.o)
                0x10085eec                GUI_DEVICE_UnlinkTaskDevices
 .text.GUI_DEVICE_LinkDevices
                0x10085ef0       0x12 Generated_Source\PSoC6\pdl\middleware\emWin\libs\GCC\libemWin_osnts_gcc.a(GUI_Device.o)
                0x10085ef0                GUI_DEVICE_LinkDevices
 *fill*         0x10085f02        0x2 
 .text.GUI_StoreKey
                0x10085f04       0x18 Generated_Source\PSoC6\pdl\middleware\emWin\libs\GCC\libemWin_osnts_gcc.a(GUI_OnKey.o)
                0x10085f04                GUI_StoreKey
 .text._GetTaskNo
                0x10085f1c       0x40 Generated_Source\PSoC6\pdl\middleware\emWin\libs\GCC\libemWin_osnts_gcc.a(GUI_Task.o)
 .text._OnExit  0x10085f5c       0x14 Generated_Source\PSoC6\pdl\middleware\emWin\libs\GCC\libemWin_osnts_gcc.a(GUI_Task.o)
 .text.GUI_Unlock
                0x10085f70       0x18 Generated_Source\PSoC6\pdl\middleware\emWin\libs\GCC\libemWin_osnts_gcc.a(GUI_Task.o)
                0x10085f70                GUI_Unlock
 .text.GUI_Lock
                0x10085f88       0x70 Generated_Source\PSoC6\pdl\middleware\emWin\libs\GCC\libemWin_osnts_gcc.a(GUI_Task.o)
                0x10085f88                GUI_Lock
 .text.GUITASK_Init
                0x10085ff8       0x4c Generated_Source\PSoC6\pdl\middleware\emWin\libs\GCC\libemWin_osnts_gcc.a(GUI_Task.o)
                0x10085ff8                GUITASK_Init
 .text.GUITASK_CopyContext
                0x10086044       0x5c Generated_Source\PSoC6\pdl\middleware\emWin\libs\GCC\libemWin_osnts_gcc.a(GUI_Task.o)
                0x10086044                GUITASK_CopyContext
 .text._GetCharCode
                0x100860a0        0x4 Generated_Source\PSoC6\pdl\middleware\emWin\libs\GCC\libemWin_osnts_gcc.a(GUI_UC_EncodeNone.o)
 .text._GetCharSize
                0x100860a4        0x4 Generated_Source\PSoC6\pdl\middleware\emWin\libs\GCC\libemWin_osnts_gcc.a(GUI_UC_EncodeNone.o)
 .text._CalcSizeOfChar
                0x100860a8        0x4 Generated_Source\PSoC6\pdl\middleware\emWin\libs\GCC\libemWin_osnts_gcc.a(GUI_UC_EncodeNone.o)
 .text._Encode  0x100860ac        0x6 Generated_Source\PSoC6\pdl\middleware\emWin\libs\GCC\libemWin_osnts_gcc.a(GUI_UC_EncodeNone.o)
 *fill*         0x100860b2        0x2 
 .text.GUI_SignalEvent
                0x100860b4       0x14 Generated_Source\PSoC6\pdl\middleware\emWin\libs\GCC\libemWin_osnts_gcc.a(GUI_WaitEvent.o)
                0x100860b4                GUI_SignalEvent
 .text.LCD_Color2Index_1
                0x100860c8       0x28 Generated_Source\PSoC6\pdl\middleware\emWin\libs\GCC\libemWin_osnts_gcc.a(GUICC_1.o)
 .text._Index2Color_1
                0x100860f0        0xc Generated_Source\PSoC6\pdl\middleware\emWin\libs\GCC\libemWin_osnts_gcc.a(GUICC_1.o)
 .text._GetIndexMask_1
                0x100860fc        0x4 Generated_Source\PSoC6\pdl\middleware\emWin\libs\GCC\libemWin_osnts_gcc.a(GUICC_1.o)
 .text._SetPixelIndex
                0x10086100       0x80 Generated_Source\PSoC6\pdl\middleware\emWin\libs\GCC\libemWin_osnts_gcc.a(GUIDRV_BitPlains.o)
 .text._GetPixelIndex
                0x10086180       0x5c Generated_Source\PSoC6\pdl\middleware\emWin\libs\GCC\libemWin_osnts_gcc.a(GUIDRV_BitPlains.o)
 .text._XorPixel
                0x100861dc       0x24 Generated_Source\PSoC6\pdl\middleware\emWin\libs\GCC\libemWin_osnts_gcc.a(GUIDRV_BitPlains.o)
 .text._DrawHLine
                0x10086200      0x2b0 Generated_Source\PSoC6\pdl\middleware\emWin\libs\GCC\libemWin_osnts_gcc.a(GUIDRV_BitPlains.o)
 .text._FillRect
                0x100864b0       0x22 Generated_Source\PSoC6\pdl\middleware\emWin\libs\GCC\libemWin_osnts_gcc.a(GUIDRV_BitPlains.o)
 .text._GetRect
                0x100864d2       0x16 Generated_Source\PSoC6\pdl\middleware\emWin\libs\GCC\libemWin_osnts_gcc.a(GUIDRV_BitPlains.o)
 .text._GetDevProp
                0x100864e8       0x46 Generated_Source\PSoC6\pdl\middleware\emWin\libs\GCC\libemWin_osnts_gcc.a(GUIDRV_BitPlains.o)
 *fill*         0x1008652e        0x2 
 .text._GetDevFunc
                0x10086530       0x14 Generated_Source\PSoC6\pdl\middleware\emWin\libs\GCC\libemWin_osnts_gcc.a(GUIDRV_BitPlains.o)
 .text._GetDevData
                0x10086544       0x38 Generated_Source\PSoC6\pdl\middleware\emWin\libs\GCC\libemWin_osnts_gcc.a(GUIDRV_BitPlains.o)
 .text._Off     0x1008657c        0xe Generated_Source\PSoC6\pdl\middleware\emWin\libs\GCC\libemWin_osnts_gcc.a(GUIDRV_BitPlains.o)
 .text._On      0x1008658a        0xe Generated_Source\PSoC6\pdl\middleware\emWin\libs\GCC\libemWin_osnts_gcc.a(GUIDRV_BitPlains.o)
 .text._SetOrg  0x10086598       0x22 Generated_Source\PSoC6\pdl\middleware\emWin\libs\GCC\libemWin_osnts_gcc.a(GUIDRV_BitPlains.o)
 *fill*         0x100865ba        0x2 
 .text._DrawVLine
                0x100865bc       0x48 Generated_Source\PSoC6\pdl\middleware\emWin\libs\GCC\libemWin_osnts_gcc.a(GUIDRV_BitPlains.o)
 .text._DrawBitmap
                0x10086604      0x8d8 Generated_Source\PSoC6\pdl\middleware\emWin\libs\GCC\libemWin_osnts_gcc.a(GUIDRV_BitPlains.o)
 .text._InitOnce.isra.2
                0x10086edc       0x2c Generated_Source\PSoC6\pdl\middleware\emWin\libs\GCC\libemWin_osnts_gcc.a(GUIDRV_BitPlains.o)
 .text._Init    0x10086f08       0x1a Generated_Source\PSoC6\pdl\middleware\emWin\libs\GCC\libemWin_osnts_gcc.a(GUIDRV_BitPlains.o)
 .text._SetSize
                0x10086f22       0x3c Generated_Source\PSoC6\pdl\middleware\emWin\libs\GCC\libemWin_osnts_gcc.a(GUIDRV_BitPlains.o)
 .text._SetVSize
                0x10086f5e       0x1c Generated_Source\PSoC6\pdl\middleware\emWin\libs\GCC\libemWin_osnts_gcc.a(GUIDRV_BitPlains.o)
 .text._SetVRAMAddr
                0x10086f7a       0x40 Generated_Source\PSoC6\pdl\middleware\emWin\libs\GCC\libemWin_osnts_gcc.a(GUIDRV_BitPlains.o)
 .text.GUIDRV_BitPlains_Config
                0x10086fba       0x18 Generated_Source\PSoC6\pdl\middleware\emWin\libs\GCC\libemWin_osnts_gcc.a(GUIDRV_BitPlains.o)
                0x10086fba                GUIDRV_BitPlains_Config
 *fill*         0x10086fd2        0x2 
 .text._SetDrawMode
                0x10086fd4       0x28 Generated_Source\PSoC6\pdl\middleware\emWin\libs\GCC\libemWin_osnts_gcc.a(LCD.o)
 .text.LCD_SetDrawMode
                0x10086ffc       0x10 Generated_Source\PSoC6\pdl\middleware\emWin\libs\GCC\libemWin_osnts_gcc.a(LCD.o)
                0x10086ffc                LCD_SetDrawMode
 .text.LCD_DrawPixel
                0x1008700c       0x5c Generated_Source\PSoC6\pdl\middleware\emWin\libs\GCC\libemWin_osnts_gcc.a(LCD.o)
                0x1008700c                LCD_DrawPixel
 .text.LCD_DrawHLine
                0x10087068       0x4c Generated_Source\PSoC6\pdl\middleware\emWin\libs\GCC\libemWin_osnts_gcc.a(LCD.o)
                0x10087068                LCD_DrawHLine
 .text.LCD_FillRect
                0x100870b4       0x54 Generated_Source\PSoC6\pdl\middleware\emWin\libs\GCC\libemWin_osnts_gcc.a(LCD.o)
                0x100870b4                LCD_FillRect
 .text.LCD__DrawBitmap_1bpp
                0x10087108      0x1cc Generated_Source\PSoC6\pdl\middleware\emWin\libs\GCC\libemWin_osnts_gcc.a(LCD.o)
                0x10087108                LCD__DrawBitmap_1bpp
 .text.LCD_DrawBitmap
                0x100872d4      0x20c Generated_Source\PSoC6\pdl\middleware\emWin\libs\GCC\libemWin_osnts_gcc.a(LCD.o)
                0x100872d4                LCD_DrawBitmap
 .text.LCD_SetClipRectMax
                0x100874e0       0x20 Generated_Source\PSoC6\pdl\middleware\emWin\libs\GCC\libemWin_osnts_gcc.a(LCD.o)
                0x100874e0                LCD_SetClipRectMax
 .text.LCD_Init
                0x10087500       0x94 Generated_Source\PSoC6\pdl\middleware\emWin\libs\GCC\libemWin_osnts_gcc.a(LCD.o)
                0x10087500                LCD_Init
 .text.LCD_Color2Index
                0x10087594       0x20 Generated_Source\PSoC6\pdl\middleware\emWin\libs\GCC\libemWin_osnts_gcc.a(LCD.o)
                0x10087594                LCD_Color2Index
 .text.LCD_Index2Color
                0x100875b4       0x20 Generated_Source\PSoC6\pdl\middleware\emWin\libs\GCC\libemWin_osnts_gcc.a(LCD.o)
                0x100875b4                LCD_Index2Color
 .text.LCD_SetColorIndex
                0x100875d4       0x18 Generated_Source\PSoC6\pdl\middleware\emWin\libs\GCC\libemWin_osnts_gcc.a(LCD.o)
                0x100875d4                LCD_SetColorIndex
 .text._SetColor
                0x100875ec       0x1c Generated_Source\PSoC6\pdl\middleware\emWin\libs\GCC\libemWin_osnts_gcc.a(LCD.o)
 .text.LCD_SetBkColorIndex
                0x10087608       0x18 Generated_Source\PSoC6\pdl\middleware\emWin\libs\GCC\libemWin_osnts_gcc.a(LCD.o)
                0x10087608                LCD_SetBkColorIndex
 .text._SetBkColor
                0x10087620       0x1c Generated_Source\PSoC6\pdl\middleware\emWin\libs\GCC\libemWin_osnts_gcc.a(LCD.o)
 .text.LCD_SetBkColor
                0x1008763c       0x10 Generated_Source\PSoC6\pdl\middleware\emWin\libs\GCC\libemWin_osnts_gcc.a(LCD.o)
                0x1008763c                LCD_SetBkColor
 .text.LCD_SetColor
                0x1008764c       0x10 Generated_Source\PSoC6\pdl\middleware\emWin\libs\GCC\libemWin_osnts_gcc.a(LCD.o)
                0x1008764c                LCD_SetColor
 .text._OnExit  0x1008765c       0x1c Generated_Source\PSoC6\pdl\middleware\emWin\libs\GCC\libemWin_osnts_gcc.a(LCD_Color.o)
 .text.LCD_InitColors
                0x10087678       0x40 Generated_Source\PSoC6\pdl\middleware\emWin\libs\GCC\libemWin_osnts_gcc.a(LCD_Color.o)
                0x10087678                LCD_InitColors
 .text.LCD_GetpPalConvTableUncached
                0x100876b8       0x68 Generated_Source\PSoC6\pdl\middleware\emWin\libs\GCC\libemWin_osnts_gcc.a(LCD_Color.o)
                0x100876b8                LCD_GetpPalConvTableUncached
 .text.LCD_GetpPalConvTableBM
                0x10087720        0x8 Generated_Source\PSoC6\pdl\middleware\emWin\libs\GCC\libemWin_osnts_gcc.a(LCD_Color.o)
                0x10087720                LCD_GetpPalConvTableBM
 .text.LCD_InitLUT
                0x10087728       0x7c Generated_Source\PSoC6\pdl\middleware\emWin\libs\GCC\libemWin_osnts_gcc.a(LCD_Color.o)
                0x10087728                LCD_InitLUT
 .text._GetDevProp.part.0
                0x100877a4       0x16 Generated_Source\PSoC6\pdl\middleware\emWin\libs\GCC\libemWin_osnts_gcc.a(LCD_GetEx.o)
 .text._GetDevProp
                0x100877ba       0x12 Generated_Source\PSoC6\pdl\middleware\emWin\libs\GCC\libemWin_osnts_gcc.a(LCD_GetEx.o)
 .text._GetMaxValue
                0x100877cc       0x12 Generated_Source\PSoC6\pdl\middleware\emWin\libs\GCC\libemWin_osnts_gcc.a(LCD_GetEx.o)
 .text.LCD_GetBitsPerPixelEx
                0x100877de        0xa Generated_Source\PSoC6\pdl\middleware\emWin\libs\GCC\libemWin_osnts_gcc.a(LCD_GetEx.o)
                0x100877de                LCD_GetBitsPerPixelEx
 .text.LCD_GetNumColorsEx
                0x100877e8        0xa Generated_Source\PSoC6\pdl\middleware\emWin\libs\GCC\libemWin_osnts_gcc.a(LCD_GetEx.o)
                0x100877e8                LCD_GetNumColorsEx
 .text.LCD_GetSwapXYEx
                0x100877f2        0xa Generated_Source\PSoC6\pdl\middleware\emWin\libs\GCC\libemWin_osnts_gcc.a(LCD_GetEx.o)
                0x100877f2                LCD_GetSwapXYEx
 .text.LCD_GetNumColors
                0x100877fc       0x14 Generated_Source\PSoC6\pdl\middleware\emWin\libs\GCC\libemWin_osnts_gcc.a(LCD_GetEx.o)
                0x100877fc                LCD_GetNumColors
 .text.LCD_GetSwapXY
                0x10087810       0x14 Generated_Source\PSoC6\pdl\middleware\emWin\libs\GCC\libemWin_osnts_gcc.a(LCD_GetEx.o)
                0x10087810                LCD_GetSwapXY
 .text.GUI_GetBitsPerPixelEx
                0x10087824       0x18 Generated_Source\PSoC6\pdl\middleware\emWin\libs\GCC\libemWin_osnts_gcc.a(LCD_GetEx.o)
                0x10087824                GUI_GetBitsPerPixelEx
 .text.LCD_GetPaletteEx
                0x1008783c       0x14 Generated_Source\PSoC6\pdl\middleware\emWin\libs\GCC\libemWin_osnts_gcc.a(LCD_GetEx.o)
                0x1008783c                LCD_GetPaletteEx
 .text.LCD_GetPalette
                0x10087850       0x14 Generated_Source\PSoC6\pdl\middleware\emWin\libs\GCC\libemWin_osnts_gcc.a(LCD_GetEx.o)
                0x10087850                LCD_GetPalette
 .text.GUI_GetpfIndex2ColorEx
                0x10087864       0x10 Generated_Source\PSoC6\pdl\middleware\emWin\libs\GCC\libemWin_osnts_gcc.a(LCD_GetEx.o)
                0x10087864                GUI_GetpfIndex2ColorEx
 .text.GUI_GetpfColor2IndexEx
                0x10087874       0x10 Generated_Source\PSoC6\pdl\middleware\emWin\libs\GCC\libemWin_osnts_gcc.a(LCD_GetEx.o)
                0x10087874                GUI_GetpfColor2IndexEx
 .text.LCD_GetXSizeMax
                0x10087884        0xa Generated_Source\PSoC6\pdl\middleware\emWin\libs\GCC\libemWin_osnts_gcc.a(LCD_GetEx.o)
                0x10087884                LCD_GetXSizeMax
 .text.LCD_GetYSizeMax
                0x1008788e        0xa Generated_Source\PSoC6\pdl\middleware\emWin\libs\GCC\libemWin_osnts_gcc.a(LCD_GetEx.o)
                0x1008788e                LCD_GetYSizeMax
 .text.LCD_SetDisplaySize
                0x10087898        0xc Generated_Source\PSoC6\pdl\middleware\emWin\libs\GCC\libemWin_osnts_gcc.a(LCD_GetEx.o)
                0x10087898                LCD_SetDisplaySize
 .text.LCD_GetXSizeDisplay
                0x100878a4        0xc Generated_Source\PSoC6\pdl\middleware\emWin\libs\GCC\libemWin_osnts_gcc.a(LCD_GetEx.o)
                0x100878a4                LCD_GetXSizeDisplay
 .text.LCD_GetYSizeDisplay
                0x100878b0        0xc Generated_Source\PSoC6\pdl\middleware\emWin\libs\GCC\libemWin_osnts_gcc.a(LCD_GetEx.o)
                0x100878b0                LCD_GetYSizeDisplay
 .text.LCD__GetBPP
                0x100878bc       0x72 Generated_Source\PSoC6\pdl\middleware\emWin\libs\GCC\libemWin_osnts_gcc.a(LCD_GetEx.o)
                0x100878bc                LCD__GetBPP
 .text.LCD__GetBPPDevice
                0x1008792e       0x2a Generated_Source\PSoC6\pdl\middleware\emWin\libs\GCC\libemWin_osnts_gcc.a(LCD_GetEx.o)
                0x1008792e                LCD__GetBPPDevice
 .text.LCD_GetNumLayers
                0x10087958        0xe Generated_Source\PSoC6\pdl\middleware\emWin\libs\GCC\libemWin_osnts_gcc.a(LCD_GetNumDisplays.o)
                0x10087958                LCD_GetNumLayers
 *fill*         0x10087966        0x2 
 .text.LCD_SelectLCD
                0x10087968       0x44 Generated_Source\PSoC6\pdl\middleware\emWin\libs\GCC\libemWin_osnts_gcc.a(LCD_SelectLCD.o)
                0x10087968                LCD_SelectLCD
 .text.LCD_SetLUTEntryEx
                0x100879ac       0x2e Generated_Source\PSoC6\pdl\middleware\emWin\libs\GCC\libemWin_osnts_gcc.a(LCD_Set.o)
                0x100879ac                LCD_SetLUTEntryEx
 .text.LCD_SetSizeEx
                0x100879da       0x2e Generated_Source\PSoC6\pdl\middleware\emWin\libs\GCC\libemWin_osnts_gcc.a(LCD_Set.o)
                0x100879da                LCD_SetSizeEx
 .text.LCD_SetVRAMAddrEx
                0x10087a08       0x2a Generated_Source\PSoC6\pdl\middleware\emWin\libs\GCC\libemWin_osnts_gcc.a(LCD_Set.o)
                0x10087a08                LCD_SetVRAMAddrEx
 .text.LCD_SetVSizeEx
                0x10087a32       0x2e Generated_Source\PSoC6\pdl\middleware\emWin\libs\GCC\libemWin_osnts_gcc.a(LCD_Set.o)
                0x10087a32                LCD_SetVSizeEx
 .text.LCD_UpdateColorIndices
                0x10087a60       0x24 Generated_Source\PSoC6\pdl\middleware\emWin\libs\GCC\libemWin_osnts_gcc.a(LCD_UpdateColorIndices.o)
                0x10087a60                LCD_UpdateColorIndices
 .text._OnExit  0x10087a84       0x88 Generated_Source\PSoC6\pdl\middleware\emWin\libs\GCC\libemWin_osnts_gcc.a(WM.o)
 .text._Findy1  0x10087b0c       0xb4 Generated_Source\PSoC6\pdl\middleware\emWin\libs\GCC\libemWin_osnts_gcc.a(WM.o)
 .text._Findx0  0x10087bc0       0x8a Generated_Source\PSoC6\pdl\middleware\emWin\libs\GCC\libemWin_osnts_gcc.a(WM.o)
 .text._Findx1  0x10087c4a       0x7c Generated_Source\PSoC6\pdl\middleware\emWin\libs\GCC\libemWin_osnts_gcc.a(WM.o)
 *fill*         0x10087cc6        0x2 
 .text.WM__ClipAtParentBorders
                0x10087cc8       0x54 Generated_Source\PSoC6\pdl\middleware\emWin\libs\GCC\libemWin_osnts_gcc.a(WM.o)
                0x10087cc8                WM__ClipAtParentBorders
 .text.WM__InsertWindowIntoList
                0x10087d1c       0xaa Generated_Source\PSoC6\pdl\middleware\emWin\libs\GCC\libemWin_osnts_gcc.a(WM.o)
                0x10087d1c                WM__InsertWindowIntoList
 .text.WM__Client2Screen
                0x10087dc6       0x14 Generated_Source\PSoC6\pdl\middleware\emWin\libs\GCC\libemWin_osnts_gcc.a(WM.o)
                0x10087dc6                WM__Client2Screen
 *fill*         0x10087dda        0x2 
 .text._SetClipRectUserIntersect
                0x10087ddc       0x50 Generated_Source\PSoC6\pdl\middleware\emWin\libs\GCC\libemWin_osnts_gcc.a(WM.o)
 .text.WM__ActivateClipRect
                0x10087e2c       0x50 Generated_Source\PSoC6\pdl\middleware\emWin\libs\GCC\libemWin_osnts_gcc.a(WM.o)
                0x10087e2c                WM__ActivateClipRect
 .text.WM__InvalidateDrawAndDescs
                0x10087e7c       0x54 Generated_Source\PSoC6\pdl\middleware\emWin\libs\GCC\libemWin_osnts_gcc.a(WM.o)
                0x10087e7c                WM__InvalidateDrawAndDescs
 .text.WM__RectIsNZ
                0x10087ed0       0x22 Generated_Source\PSoC6\pdl\middleware\emWin\libs\GCC\libemWin_osnts_gcc.a(WM.o)
                0x10087ed0                WM__RectIsNZ
 *fill*         0x10087ef2        0x2 
 .text._Invalidate1Abs
                0x10087ef4       0x88 Generated_Source\PSoC6\pdl\middleware\emWin\libs\GCC\libemWin_osnts_gcc.a(WM.o)
 .text.WM__Invalidate1Abs
                0x10087f7c        0xa Generated_Source\PSoC6\pdl\middleware\emWin\libs\GCC\libemWin_osnts_gcc.a(WM.o)
                0x10087f7c                WM__Invalidate1Abs
 .text.WM_InvalidateWindowAndDescsEx
                0x10087f86       0x60 Generated_Source\PSoC6\pdl\middleware\emWin\libs\GCC\libemWin_osnts_gcc.a(WM.o)
                0x10087f86                WM_InvalidateWindowAndDescsEx
 *fill*         0x10087fe6        0x2 
 .text.WM__InvalidateRect
                0x10087fe8       0x80 Generated_Source\PSoC6\pdl\middleware\emWin\libs\GCC\libemWin_osnts_gcc.a(WM.o)
                0x10087fe8                WM__InvalidateRect
 .text.WM__InvalidateRectEx
                0x10088068        0xa Generated_Source\PSoC6\pdl\middleware\emWin\libs\GCC\libemWin_osnts_gcc.a(WM.o)
                0x10088068                WM__InvalidateRectEx
 .text.WM__SendMsgNoData
                0x10088072       0x10 Generated_Source\PSoC6\pdl\middleware\emWin\libs\GCC\libemWin_osnts_gcc.a(WM.o)
                0x10088072                WM__SendMsgNoData
 .text.WM__GetClientRectWin
                0x10088082       0x18 Generated_Source\PSoC6\pdl\middleware\emWin\libs\GCC\libemWin_osnts_gcc.a(WM.o)
                0x10088082                WM__GetClientRectWin
 *fill*         0x1008809a        0x2 
 .text.WM_InvalidateRect
                0x1008809c       0x8c Generated_Source\PSoC6\pdl\middleware\emWin\libs\GCC\libemWin_osnts_gcc.a(WM.o)
                0x1008809c                WM_InvalidateRect
 .text.WM_InvalidateWindow
                0x10088128        0xa Generated_Source\PSoC6\pdl\middleware\emWin\libs\GCC\libemWin_osnts_gcc.a(WM.o)
                0x10088128                WM_InvalidateWindow
 *fill*         0x10088132        0x2 
 .text.WM_SelectWindow
                0x10088134       0x40 Generated_Source\PSoC6\pdl\middleware\emWin\libs\GCC\libemWin_osnts_gcc.a(WM.o)
                0x10088134                WM_SelectWindow
 .text.WM_CreateWindowAsChild
                0x10088174      0x14c Generated_Source\PSoC6\pdl\middleware\emWin\libs\GCC\libemWin_osnts_gcc.a(WM.o)
                0x10088174                WM_CreateWindowAsChild
 .text.WM_CreateWindow
                0x100882c0       0x1a Generated_Source\PSoC6\pdl\middleware\emWin\libs\GCC\libemWin_osnts_gcc.a(WM.o)
                0x100882c0                WM_CreateWindow
 *fill*         0x100882da        0x2 
 .text.WM__GetNextIVR
                0x100882dc      0x160 Generated_Source\PSoC6\pdl\middleware\emWin\libs\GCC\libemWin_osnts_gcc.a(WM.o)
                0x100882dc                WM__GetNextIVR
 .text.WM__InitIVRSearch
                0x1008843c      0x100 Generated_Source\PSoC6\pdl\middleware\emWin\libs\GCC\libemWin_osnts_gcc.a(WM.o)
                0x1008843c                WM__InitIVRSearch
 .text.WM_Activate
                0x1008853c       0x10 Generated_Source\PSoC6\pdl\middleware\emWin\libs\GCC\libemWin_osnts_gcc.a(WM.o)
                0x1008853c                WM_Activate
 .text.WM_DefaultProc
                0x1008854c       0x48 Generated_Source\PSoC6\pdl\middleware\emWin\libs\GCC\libemWin_osnts_gcc.a(WM.o)
                0x1008854c                WM_DefaultProc
 .text._cbBackWin
                0x10088594       0x44 Generated_Source\PSoC6\pdl\middleware\emWin\libs\GCC\libemWin_osnts_gcc.a(WM.o)
 .text.WM_Init  0x100885d8       0xa4 Generated_Source\PSoC6\pdl\middleware\emWin\libs\GCC\libemWin_osnts_gcc.a(WM.o)
                0x100885d8                WM_Init
 .text.WM__GetFirstSibling
                0x1008867c       0x16 Generated_Source\PSoC6\pdl\middleware\emWin\libs\GCC\libemWin_osnts_gcc.a(WM__Private.o)
                0x1008867c                WM__GetFirstSibling
 .text.WM__GetPrevSibling
                0x10088692       0x28 Generated_Source\PSoC6\pdl\middleware\emWin\libs\GCC\libemWin_osnts_gcc.a(WM__Private.o)
                0x10088692                WM__GetPrevSibling
 *fill*         0x100886ba        0x2 
 .text.WM__SendMessage
                0x100886bc       0x38 Generated_Source\PSoC6\pdl\middleware\emWin\libs\GCC\libemWin_osnts_gcc.a(WM__Private.o)
                0x100886bc                WM__SendMessage
 .text.WM__AddCriticalHandle
                0x100886f4       0x10 Generated_Source\PSoC6\pdl\middleware\emWin\libs\GCC\libemWin_osnts_gcc.a(WM__Private.o)
                0x100886f4                WM__AddCriticalHandle
 .text.WM__GetClientRectEx
                0x10088704       0x20 Generated_Source\PSoC6\pdl\middleware\emWin\libs\GCC\libemWin_osnts_gcc.a(WM__Private.o)
                0x10088704                WM__GetClientRectEx
 .text.WM_GetDesktopWindow
                0x10088724        0xc Generated_Source\PSoC6\pdl\middleware\emWin\libs\GCC\libemWin_osnts_gcc.a(WM_Lib.o)
                0x10088724                WM_GetDesktopWindow
 .text.WM_GetFirstChild
                0x10088730       0x1a Generated_Source\PSoC6\pdl\middleware\emWin\libs\GCC\libemWin_osnts_gcc.a(WM_Lib.o)
                0x10088730                WM_GetFirstChild
 .text.WM_GetParent
                0x1008874a       0x1a Generated_Source\PSoC6\pdl\middleware\emWin\libs\GCC\libemWin_osnts_gcc.a(WM_Lib.o)
                0x1008874a                WM_GetParent
 .text.WM_BringToBottom
                0x10088764       0x8a Generated_Source\PSoC6\pdl\middleware\emWin\libs\GCC\libemWin_osnts_gcc.a(WM_Lib.o)
                0x10088764                WM_BringToBottom
 .text.WM_SendToParent
                0x100887ee       0x24 Generated_Source\PSoC6\pdl\middleware\emWin\libs\GCC\libemWin_osnts_gcc.a(WM_Lib.o)
                0x100887ee                WM_SendToParent
 .text.GUI__IntersectRect
                0x10088812       0x3c Generated_Source\PSoC6\pdl\middleware\emWin\libs\GCC\libemWin_osnts_gcc.a(GUI__Private.o)
                0x10088812                GUI__IntersectRect
 .text.GUI__IntersectRects
                0x1008884e       0x68 Generated_Source\PSoC6\pdl\middleware\emWin\libs\GCC\libemWin_osnts_gcc.a(GUI__Private.o)
                0x1008884e                GUI__IntersectRects
 *fill*         0x100888b6        0x2 
 .text.GUI_SelectLayer
                0x100888b8       0x30 Generated_Source\PSoC6\pdl\middleware\emWin\libs\GCC\libemWin_osnts_gcc.a(GUI_SelectLayer.o)
                0x100888b8                GUI_SelectLayer
 .text._GetIndexMask_0
                0x100888e8       0x44 Generated_Source\PSoC6\pdl\middleware\emWin\libs\GCC\libemWin_osnts_gcc.a(GUICC_0.o)
 .text._Index2Color_0
                0x1008892c       0x20 Generated_Source\PSoC6\pdl\middleware\emWin\libs\GCC\libemWin_osnts_gcc.a(GUICC_0.o)
 .text._Color2Index_0
                0x1008894c       0x50 Generated_Source\PSoC6\pdl\middleware\emWin\libs\GCC\libemWin_osnts_gcc.a(GUICC_0.o)
 .text.GUI_MEMDEV_GetBitsPerPixel
                0x1008899c       0x32 Generated_Source\PSoC6\pdl\middleware\emWin\libs\GCC\libemWin_osnts_gcc.a(GUIDEV.o)
                0x1008899c                GUI_MEMDEV_GetBitsPerPixel
 *fill*         0x100889ce        0x2 
 .text.GUI_MEMDEV_Delete
                0x100889d0       0x48 Generated_Source\PSoC6\pdl\middleware\emWin\libs\GCC\libemWin_osnts_gcc.a(GUIDEV.o)
                0x100889d0                GUI_MEMDEV_Delete
 .text._GetDevData
                0x10088a18       0x10 Generated_Source\PSoC6\pdl\middleware\emWin\libs\GCC\libemWin_osnts_gcc.a(GUIDEV_1.o)
 .text._GetDevFunc
                0x10088a28       0x10 Generated_Source\PSoC6\pdl\middleware\emWin\libs\GCC\libemWin_osnts_gcc.a(GUIDEV_1.o)
 .text._SetOrg  0x10088a38        0xc Generated_Source\PSoC6\pdl\middleware\emWin\libs\GCC\libemWin_osnts_gcc.a(GUIDEV_1.o)
 .text._GetDevProp
                0x10088a44        0xc Generated_Source\PSoC6\pdl\middleware\emWin\libs\GCC\libemWin_osnts_gcc.a(GUIDEV_1.o)
 .text._GetRect
                0x10088a50       0x30 Generated_Source\PSoC6\pdl\middleware\emWin\libs\GCC\libemWin_osnts_gcc.a(GUIDEV_1.o)
 .text._XY2PTR_BITOFFSET
                0x10088a80       0x44 Generated_Source\PSoC6\pdl\middleware\emWin\libs\GCC\libemWin_osnts_gcc.a(GUIDEV_1.o)
 .text._GetPixelIndex
                0x10088ac4       0x18 Generated_Source\PSoC6\pdl\middleware\emWin\libs\GCC\libemWin_osnts_gcc.a(GUIDEV_1.o)
 .text._XorPixel
                0x10088adc       0x58 Generated_Source\PSoC6\pdl\middleware\emWin\libs\GCC\libemWin_osnts_gcc.a(GUIDEV_1.o)
 .text._SetPixelIndex
                0x10088b34       0x60 Generated_Source\PSoC6\pdl\middleware\emWin\libs\GCC\libemWin_osnts_gcc.a(GUIDEV_1.o)
 .text._DrawVLine
                0x10088b94       0xb8 Generated_Source\PSoC6\pdl\middleware\emWin\libs\GCC\libemWin_osnts_gcc.a(GUIDEV_1.o)
 .text._FillRect
                0x10088c4c      0x158 Generated_Source\PSoC6\pdl\middleware\emWin\libs\GCC\libemWin_osnts_gcc.a(GUIDEV_1.o)
 .text._DrawHLine
                0x10088da4        0xa Generated_Source\PSoC6\pdl\middleware\emWin\libs\GCC\libemWin_osnts_gcc.a(GUIDEV_1.o)
 *fill*         0x10088dae        0x2 
 .text._DrawBitmap
                0x10088db0      0x614 Generated_Source\PSoC6\pdl\middleware\emWin\libs\GCC\libemWin_osnts_gcc.a(GUIDEV_1.o)
 .text._GetDevData
                0x100893c4       0x10 Generated_Source\PSoC6\pdl\middleware\emWin\libs\GCC\libemWin_osnts_gcc.a(GUIDEV_8.o)
 .text._GetDevFunc
                0x100893d4       0x10 Generated_Source\PSoC6\pdl\middleware\emWin\libs\GCC\libemWin_osnts_gcc.a(GUIDEV_8.o)
 .text._SetOrg  0x100893e4       0x10 Generated_Source\PSoC6\pdl\middleware\emWin\libs\GCC\libemWin_osnts_gcc.a(GUIDEV_8.o)
 .text._GetRect
                0x100893f4       0x30 Generated_Source\PSoC6\pdl\middleware\emWin\libs\GCC\libemWin_osnts_gcc.a(GUIDEV_8.o)
 .text._XY2PTR  0x10089424       0x38 Generated_Source\PSoC6\pdl\middleware\emWin\libs\GCC\libemWin_osnts_gcc.a(GUIDEV_8.o)
 .text._GetPixelIndex
                0x1008945c        0xe Generated_Source\PSoC6\pdl\middleware\emWin\libs\GCC\libemWin_osnts_gcc.a(GUIDEV_8.o)
 *fill*         0x1008946a        0x2 
 .text._XorPixel
                0x1008946c       0x54 Generated_Source\PSoC6\pdl\middleware\emWin\libs\GCC\libemWin_osnts_gcc.a(GUIDEV_8.o)
 .text._SetPixelIndex
                0x100894c0       0x48 Generated_Source\PSoC6\pdl\middleware\emWin\libs\GCC\libemWin_osnts_gcc.a(GUIDEV_8.o)
 .text._DrawVLine
                0x10089508       0xbc Generated_Source\PSoC6\pdl\middleware\emWin\libs\GCC\libemWin_osnts_gcc.a(GUIDEV_8.o)
 .text._FillRect
                0x100895c4       0xb0 Generated_Source\PSoC6\pdl\middleware\emWin\libs\GCC\libemWin_osnts_gcc.a(GUIDEV_8.o)
 .text._DrawHLine
                0x10089674        0xa Generated_Source\PSoC6\pdl\middleware\emWin\libs\GCC\libemWin_osnts_gcc.a(GUIDEV_8.o)
 *fill*         0x1008967e        0x2 
 .text._DrawBitmap
                0x10089680      0x688 Generated_Source\PSoC6\pdl\middleware\emWin\libs\GCC\libemWin_osnts_gcc.a(GUIDEV_8.o)
 .text._GetDevProp
                0x10089d08       0x1e Generated_Source\PSoC6\pdl\middleware\emWin\libs\GCC\libemWin_osnts_gcc.a(GUIDEV_8.o)
 .text.GUI_USAGE_DecUseCnt
                0x10089d26       0x2e Generated_Source\PSoC6\pdl\middleware\emWin\libs\GCC\libemWin_osnts_gcc.a(GUIDEV_Usage.o)
                0x10089d26                GUI_USAGE_DecUseCnt
 .text.GUI_USAGE_AddRect
                0x10089d54       0x26 Generated_Source\PSoC6\pdl\middleware\emWin\libs\GCC\libemWin_osnts_gcc.a(GUIDEV_Usage.o)
                0x10089d54                GUI_USAGE_AddRect
 .text._Convert16
                0x10089d7a       0x34 Generated_Source\PSoC6\pdl\middleware\emWin\libs\GCC\libemWin_osnts_gcc.a(GUIDEV_WriteToActiveOpaque.o)
 .text._Convert8
                0x10089dae       0x34 Generated_Source\PSoC6\pdl\middleware\emWin\libs\GCC\libemWin_osnts_gcc.a(GUIDEV_WriteToActiveOpaque.o)
 *fill*         0x10089de2        0x2 
 .text.GUI_MEMDEV__WriteToActiveOpaque
                0x10089de4      0x714 Generated_Source\PSoC6\pdl\middleware\emWin\libs\GCC\libemWin_osnts_gcc.a(GUIDEV_WriteToActiveOpaque.o)
                0x10089de4                GUI_MEMDEV__WriteToActiveOpaque
 .text.LCD_SetClipRectEx
                0x1008a4f8       0x30 Generated_Source\PSoC6\pdl\middleware\emWin\libs\GCC\libemWin_osnts_gcc.a(LCD_SetClipRectEx.o)
                0x1008a4f8                LCD_SetClipRectEx
 .text.GUI__CompactPixelIndices
                0x1008a528      0x14a Generated_Source\PSoC6\pdl\middleware\emWin\libs\GCC\libemWin_osnts_gcc.a(GUI__CompactPixelIndices.o)
                0x1008a528                GUI__CompactPixelIndices
 .text.GUI_MEMDEV_GetDataPtr
                0x1008a672       0x24 Generated_Source\PSoC6\pdl\middleware\emWin\libs\GCC\libemWin_osnts_gcc.a(GUIDEV_GetDataPtr.o)
                0x1008a672                GUI_MEMDEV_GetDataPtr
 *fill*         0x1008a696        0x2 
 .text          0x1008a698       0x14 c:/program files (x86)/cypress/psoc creator/4.4/psoc creator/import/gnu/arm/5.4.1/bin/../lib/gcc/arm-none-eabi/5.4.1/armv7e-m/softfp\libgcc.a(_thumb1_case_uqi.o)
                0x1008a698                __gnu_thumb1_case_uqi
 .text          0x1008a6ac       0x14 c:/program files (x86)/cypress/psoc creator/4.4/psoc creator/import/gnu/arm/5.4.1/bin/../lib/gcc/arm-none-eabi/5.4.1/armv7e-m/softfp\libgcc.a(_thumb1_case_uhi.o)
                0x1008a6ac                __gnu_thumb1_case_uhi
 .text          0x1008a6c0       0x24 c:/program files (x86)/cypress/psoc creator/4.4/psoc creator/import/gnu/arm/5.4.1/bin/../lib/gcc/arm-none-eabi/5.4.1/armv7e-m/softfp\libgcc.a(_udivsi3.o)
                0x1008a6c0                __aeabi_uidiv
                0x1008a6c0                __udivsi3
                0x1008a6d4                __aeabi_uidivmod
 .text          0x1008a6e4       0x2c c:/program files (x86)/cypress/psoc creator/4.4/psoc creator/import/gnu/arm/5.4.1/bin/../lib/gcc/arm-none-eabi/5.4.1/armv7e-m/softfp\libgcc.a(_divsi3.o)
                0x1008a6e4                __divsi3
                0x1008a6e4                __aeabi_idiv
                0x1008a700                __aeabi_idivmod
 .text          0x1008a710        0x4 c:/program files (x86)/cypress/psoc creator/4.4/psoc creator/import/gnu/arm/5.4.1/bin/../lib/gcc/arm-none-eabi/5.4.1/armv7e-m/softfp\libgcc.a(_dvmd_tls.o)
                0x1008a710                __aeabi_idiv0
                0x1008a710                __aeabi_ldiv0
 .text.__itoa   0x1008a714       0x2e c:/program files (x86)/cypress/psoc creator/4.4/psoc creator/import/gnu/arm/5.4.1/bin/../lib/gcc/arm-none-eabi/5.4.1/../../../../arm-none-eabi/lib/armv7e-m/softfp\libg_nano.a(lib_a-itoa.o)
                0x1008a714                __itoa
 .text.itoa     0x1008a742        0x4 c:/program files (x86)/cypress/psoc creator/4.4/psoc creator/import/gnu/arm/5.4.1/bin/../lib/gcc/arm-none-eabi/5.4.1/../../../../arm-none-eabi/lib/armv7e-m/softfp\libg_nano.a(lib_a-itoa.o)
                0x1008a742                itoa
 .text.memcpy   0x1008a746       0x16 c:/program files (x86)/cypress/psoc creator/4.4/psoc creator/import/gnu/arm/5.4.1/bin/../lib/gcc/arm-none-eabi/5.4.1/../../../../arm-none-eabi/lib/armv7e-m/softfp\libg_nano.a(lib_a-memcpy-stub.o)
                0x1008a746                memcpy
 .text.memmove  0x1008a75c       0x36 c:/program files (x86)/cypress/psoc creator/4.4/psoc creator/import/gnu/arm/5.4.1/bin/../lib/gcc/arm-none-eabi/5.4.1/../../../../arm-none-eabi/lib/armv7e-m/softfp\libg_nano.a(lib_a-memmove.o)
                0x1008a75c                memmove
 .text.memset   0x1008a792       0x10 c:/program files (x86)/cypress/psoc creator/4.4/psoc creator/import/gnu/arm/5.4.1/bin/../lib/gcc/arm-none-eabi/5.4.1/../../../../arm-none-eabi/lib/armv7e-m/softfp\libg_nano.a(lib_a-memset.o)
                0x1008a792                memset
 .text.strncpy  0x1008a7a2       0x26 c:/program files (x86)/cypress/psoc creator/4.4/psoc creator/import/gnu/arm/5.4.1/bin/../lib/gcc/arm-none-eabi/5.4.1/../../../../arm-none-eabi/lib/armv7e-m/softfp\libg_nano.a(lib_a-strncpy.o)
                0x1008a7a2                strncpy
 .text.__utoa   0x1008a7c8       0x78 c:/program files (x86)/cypress/psoc creator/4.4/psoc creator/import/gnu/arm/5.4.1/bin/../lib/gcc/arm-none-eabi/5.4.1/../../../../arm-none-eabi/lib/armv7e-m/softfp\libg_nano.a(lib_a-utoa.o)
                0x1008a7c8                __utoa
 *(.init)
 .init          0x1008a840        0x4 c:/program files (x86)/cypress/psoc creator/4.4/psoc creator/import/gnu/arm/5.4.1/bin/../lib/gcc/arm-none-eabi/5.4.1/armv7e-m/softfp/crti.o
                0x1008a840                _init
 .init          0x1008a844        0x8 c:/program files (x86)/cypress/psoc creator/4.4/psoc creator/import/gnu/arm/5.4.1/bin/../lib/gcc/arm-none-eabi/5.4.1/armv7e-m/softfp/crtn.o
 *(.fini)
 .fini          0x1008a84c        0x4 c:/program files (x86)/cypress/psoc creator/4.4/psoc creator/import/gnu/arm/5.4.1/bin/../lib/gcc/arm-none-eabi/5.4.1/armv7e-m/softfp/crti.o
                0x1008a84c                _fini
 .fini          0x1008a850        0x8 c:/program files (x86)/cypress/psoc creator/4.4/psoc creator/import/gnu/arm/5.4.1/bin/../lib/gcc/arm-none-eabi/5.4.1/armv7e-m/softfp/crtn.o
 *crtbegin.o(.ctors)
 *crtbegin?.o(.ctors)
 *(EXCLUDE_FILE(*crtend.o *crtend?.o) .ctors)
 *(SORT(.ctors.*))
 *(.ctors)
 *crtbegin.o(.dtors)
 *crtbegin?.o(.dtors)
 *(EXCLUDE_FILE(*crtend.o *crtend?.o) .dtors)
 *(SORT(.dtors.*))
 *(.dtors)
 *(.rodata .rodata.* .constdata .constdata.* .conststring .conststring.*)
 .rodata.str1.4
                0x1008a858       0x17 .\CortexM4\ARM_GCC_541\Debug\main_cm4.o
 *fill*         0x1008a86f        0x1 
 .rodata        0x1008a870       0x34 .\CortexM4\ARM_GCC_541\Debug\system_psoc6_cm4.o
 .rodata.str1.4
                0x1008a8a4       0x3f .\CortexM4\ARM_GCC_541\Debug\cy_eink_psoc_interface.o
 *fill*         0x1008a8e3        0x1 
 .rodata        0x1008a8e4        0xc .\CortexM4\ARM_GCC_541\Debug\pervasive_eink_hardware_driver.o
                0x1008a8e4                channelSelect
                0x1008a8ec                scanTable
 .rodata        0x1008a8f0       0x38 .\CortexM4\ARM_GCC_541\Debug\cyfitter_sysint_cfg.o
                0x1008a8f0                SysInt_AccINT_cfg
                0x1008a8f8                CapSense_ISR_cfg
                0x1008a900                CY_EINK_SPIM_SCB_IRQ_cfg
                0x1008a908                UART_1_SCB_IRQ_cfg
                0x1008a910                I2C_BMI_SCB_IRQ_cfg
                0x1008a918                I2C_MAX_SCB_IRQ_cfg
                0x1008a920                Bouton_ISR_cfg